Archive member included to satisfy reference by file (symbol)

/opt/st/stm32cubeide_1.14.0/plugins/com.st.stm32cube.ide.mcu.externaltools.gnu-tools-for-stm32.11.3.rel1.linux64_1.1.100.202309141235/tools/bin/../lib/gcc/arm-none-eabi/11.3.1/../../../../arm-none-eabi/lib/thumb/v7e-m+fp/hard/libc_nano.a(libc_a-exit.o)
                              /opt/st/stm32cubeide_1.14.0/plugins/com.st.stm32cube.ide.mcu.externaltools.gnu-tools-for-stm32.11.3.rel1.linux64_1.1.100.202309141235/tools/bin/../lib/gcc/arm-none-eabi/11.3.1/../../../../arm-none-eabi/lib/thumb/v7e-m+fp/hard/crt0.o (exit)
/opt/st/stm32cubeide_1.14.0/plugins/com.st.stm32cube.ide.mcu.externaltools.gnu-tools-for-stm32.11.3.rel1.linux64_1.1.100.202309141235/tools/bin/../lib/gcc/arm-none-eabi/11.3.1/../../../../arm-none-eabi/lib/thumb/v7e-m+fp/hard/libc_nano.a(libc_a-findfp.o)
                              /opt/st/stm32cubeide_1.14.0/plugins/com.st.stm32cube.ide.mcu.externaltools.gnu-tools-for-stm32.11.3.rel1.linux64_1.1.100.202309141235/tools/bin/../lib/gcc/arm-none-eabi/11.3.1/../../../../arm-none-eabi/lib/thumb/v7e-m+fp/hard/libc_nano.a(libc_a-exit.o) (__stdio_exit_handler)
/opt/st/stm32cubeide_1.14.0/plugins/com.st.stm32cube.ide.mcu.externaltools.gnu-tools-for-stm32.11.3.rel1.linux64_1.1.100.202309141235/tools/bin/../lib/gcc/arm-none-eabi/11.3.1/../../../../arm-none-eabi/lib/thumb/v7e-m+fp/hard/libc_nano.a(libc_a-fwalk.o)
                              /opt/st/stm32cubeide_1.14.0/plugins/com.st.stm32cube.ide.mcu.externaltools.gnu-tools-for-stm32.11.3.rel1.linux64_1.1.100.202309141235/tools/bin/../lib/gcc/arm-none-eabi/11.3.1/../../../../arm-none-eabi/lib/thumb/v7e-m+fp/hard/libc_nano.a(libc_a-findfp.o) (_fwalk_sglue)
/opt/st/stm32cubeide_1.14.0/plugins/com.st.stm32cube.ide.mcu.externaltools.gnu-tools-for-stm32.11.3.rel1.linux64_1.1.100.202309141235/tools/bin/../lib/gcc/arm-none-eabi/11.3.1/../../../../arm-none-eabi/lib/thumb/v7e-m+fp/hard/libc_nano.a(libc_a-stdio.o)
                              /opt/st/stm32cubeide_1.14.0/plugins/com.st.stm32cube.ide.mcu.externaltools.gnu-tools-for-stm32.11.3.rel1.linux64_1.1.100.202309141235/tools/bin/../lib/gcc/arm-none-eabi/11.3.1/../../../../arm-none-eabi/lib/thumb/v7e-m+fp/hard/libc_nano.a(libc_a-findfp.o) (__sread)
/opt/st/stm32cubeide_1.14.0/plugins/com.st.stm32cube.ide.mcu.externaltools.gnu-tools-for-stm32.11.3.rel1.linux64_1.1.100.202309141235/tools/bin/../lib/gcc/arm-none-eabi/11.3.1/../../../../arm-none-eabi/lib/thumb/v7e-m+fp/hard/libc_nano.a(libc_a-memset.o)
                              /opt/st/stm32cubeide_1.14.0/plugins/com.st.stm32cube.ide.mcu.externaltools.gnu-tools-for-stm32.11.3.rel1.linux64_1.1.100.202309141235/tools/bin/../lib/gcc/arm-none-eabi/11.3.1/../../../../arm-none-eabi/lib/thumb/v7e-m+fp/hard/crt0.o (memset)
/opt/st/stm32cubeide_1.14.0/plugins/com.st.stm32cube.ide.mcu.externaltools.gnu-tools-for-stm32.11.3.rel1.linux64_1.1.100.202309141235/tools/bin/../lib/gcc/arm-none-eabi/11.3.1/../../../../arm-none-eabi/lib/thumb/v7e-m+fp/hard/libc_nano.a(libc_a-closer.o)
                              /opt/st/stm32cubeide_1.14.0/plugins/com.st.stm32cube.ide.mcu.externaltools.gnu-tools-for-stm32.11.3.rel1.linux64_1.1.100.202309141235/tools/bin/../lib/gcc/arm-none-eabi/11.3.1/../../../../arm-none-eabi/lib/thumb/v7e-m+fp/hard/libc_nano.a(libc_a-stdio.o) (_close_r)
/opt/st/stm32cubeide_1.14.0/plugins/com.st.stm32cube.ide.mcu.externaltools.gnu-tools-for-stm32.11.3.rel1.linux64_1.1.100.202309141235/tools/bin/../lib/gcc/arm-none-eabi/11.3.1/../../../../arm-none-eabi/lib/thumb/v7e-m+fp/hard/libc_nano.a(libc_a-reent.o)
                              /opt/st/stm32cubeide_1.14.0/plugins/com.st.stm32cube.ide.mcu.externaltools.gnu-tools-for-stm32.11.3.rel1.linux64_1.1.100.202309141235/tools/bin/../lib/gcc/arm-none-eabi/11.3.1/../../../../arm-none-eabi/lib/thumb/v7e-m+fp/hard/libc_nano.a(libc_a-closer.o) (errno)
/opt/st/stm32cubeide_1.14.0/plugins/com.st.stm32cube.ide.mcu.externaltools.gnu-tools-for-stm32.11.3.rel1.linux64_1.1.100.202309141235/tools/bin/../lib/gcc/arm-none-eabi/11.3.1/../../../../arm-none-eabi/lib/thumb/v7e-m+fp/hard/libc_nano.a(libc_a-impure.o)
                              /opt/st/stm32cubeide_1.14.0/plugins/com.st.stm32cube.ide.mcu.externaltools.gnu-tools-for-stm32.11.3.rel1.linux64_1.1.100.202309141235/tools/bin/../lib/gcc/arm-none-eabi/11.3.1/../../../../arm-none-eabi/lib/thumb/v7e-m+fp/hard/libc_nano.a(libc_a-reent.o) (_impure_ptr)
/opt/st/stm32cubeide_1.14.0/plugins/com.st.stm32cube.ide.mcu.externaltools.gnu-tools-for-stm32.11.3.rel1.linux64_1.1.100.202309141235/tools/bin/../lib/gcc/arm-none-eabi/11.3.1/../../../../arm-none-eabi/lib/thumb/v7e-m+fp/hard/libc_nano.a(libc_a-lseekr.o)
                              /opt/st/stm32cubeide_1.14.0/plugins/com.st.stm32cube.ide.mcu.externaltools.gnu-tools-for-stm32.11.3.rel1.linux64_1.1.100.202309141235/tools/bin/../lib/gcc/arm-none-eabi/11.3.1/../../../../arm-none-eabi/lib/thumb/v7e-m+fp/hard/libc_nano.a(libc_a-stdio.o) (_lseek_r)
[...]
Memory Configuration

Name             Origin             Length             Attributes
CCMRAM           0x0000000010000000 0x0000000000010000 xrw
RAM              0x0000000020000000 0x0000000000020000 xrw
FLASH            0x0000000008000000 0x0000000000100000 xr
*default*        0x0000000000000000 0xffffffffffffffff

Linker script and memory map

LOAD /opt/st/stm32cubeide_1.14.0/plugins/com.st.stm32cube.ide.mcu.externaltools.gnu-tools-for-stm32.11.3.rel1.linux64_1.1.100.202309141235/tools/bin/../lib/gcc/arm-none-eabi/11.3.1/thumb/v7e-m+fp/hard/crti.o
LOAD /opt/st/stm32cubeide_1.14.0/plugins/com.st.stm32cube.ide.mcu.externaltools.gnu-tools-for-stm32.11.3.rel1.linux64_1.1.100.202309141235/tools/bin/../lib/gcc/arm-none-eabi/11.3.1/thumb/v7e-m+fp/hard/crtbegin.o
LOAD /opt/st/stm32cubeide_1.14.0/plugins/com.st.stm32cube.ide.mcu.externaltools.gnu-tools-for-stm32.11.3.rel1.linux64_1.1.100.202309141235/tools/bin/../lib/gcc/arm-none-eabi/11.3.1/../../../../arm-none-eabi/lib/thumb/v7e-m+fp/hard/crt0.o
LOAD ./Core/Src/16Bitmanipulator.o
LOAD ./Core/Src/WS2812LED.o
LOAD ./Core/Src/freertos.o
LOAD ./Core/Src/main.o
LOAD ./Core/Src/ms58xx.o
LOAD ./Core/Src/pid.o
LOAD ./Core/Src/stm32f4xx_hal_msp.o
LOAD ./Core/Src/stm32f4xx_hal_timebase_tim.o
LOAD ./Core/Src/stm32f4xx_it.o
LOAD ./Core/Src/syscalls.o
LOAD ./Core/Src/sysmem.o
LOAD ./Core/Src/system_stm32f4xx.o
LOAD ./Core/Startup/startup_stm32f407vgtx.o
LOAD ./Drivers/STM32F4xx_HAL_Driver/Src/stm32f4xx_hal.o
LOAD ./Drivers/STM32F4xx_HAL_Driver/Src/stm32f4xx_hal_adc.o
LOAD ./Drivers/STM32F4xx_HAL_Driver/Src/stm32f4xx_hal_adc_ex.o
LOAD ./Drivers/STM32F4xx_HAL_Driver/Src/stm32f4xx_hal_cortex.o
LOAD ./Drivers/STM32F4xx_HAL_Driver/Src/stm32f4xx_hal_dma.o
LOAD ./Drivers/STM32F4xx_HAL_Driver/Src/stm32f4xx_hal_dma_ex.o
LOAD ./Drivers/STM32F4xx_HAL_Driver/Src/stm32f4xx_hal_exti.o
LOAD ./Drivers/STM32F4xx_HAL_Driver/Src/stm32f4xx_hal_flash.o
LOAD ./Drivers/STM32F4xx_HAL_Driver/Src/stm32f4xx_hal_flash_ex.o
LOAD ./Drivers/STM32F4xx_HAL_Driver/Src/stm32f4xx_hal_flash_ramfunc.o
LOAD ./Drivers/STM32F4xx_HAL_Driver/Src/stm32f4xx_hal_gpio.o
LOAD ./Drivers/STM32F4xx_HAL_Driver/Src/stm32f4xx_hal_i2c.o
LOAD ./Drivers/STM32F4xx_HAL_Driver/Src/stm32f4xx_hal_i2c_ex.o
LOAD ./Drivers/STM32F4xx_HAL_Driver/Src/stm32f4xx_hal_pcd.o
LOAD ./Drivers/STM32F4xx_HAL_Driver/Src/stm32f4xx_hal_pcd_ex.o
LOAD ./Drivers/STM32F4xx_HAL_Driver/Src/stm32f4xx_hal_pwr.o
LOAD ./Drivers/STM32F4xx_HAL_Driver/Src/stm32f4xx_hal_pwr_ex.o
LOAD ./Drivers/STM32F4xx_HAL_Driver/Src/stm32f4xx_hal_rcc.o
LOAD ./Drivers/STM32F4xx_HAL_Driver/Src/stm32f4xx_hal_rcc_ex.o
LOAD ./Drivers/STM32F4xx_HAL_Driver/Src/stm32f4xx_hal_tim.o
LOAD ./Drivers/STM32F4xx_HAL_Driver/Src/stm32f4xx_hal_tim_ex.o
LOAD ./Drivers/STM32F4xx_HAL_Driver/Src/stm32f4xx_hal_uart.o
LOAD ./Drivers/STM32F4xx_HAL_Driver/Src/stm32f4xx_ll_adc.o
LOAD ./Drivers/STM32F4xx_HAL_Driver/Src/stm32f4xx_ll_usb.o
LOAD ./Middlewares/ST/STM32_USB_Device_Library/Class/CDC/Src/usbd_cdc.o
LOAD ./Middlewares/ST/STM32_USB_Device_Library/Core/Src/usbd_core.o
LOAD ./Middlewares/ST/STM32_USB_Device_Library/Core/Src/usbd_ctlreq.o
LOAD ./Middlewares/ST/STM32_USB_Device_Library/Core/Src/usbd_ioreq.o
LOAD ./Middlewares/Third_Party/FreeRTOS/Source/CMSIS_RTOS/cmsis_os.o
LOAD ./Middlewares/Third_Party/FreeRTOS/Source/croutine.o
LOAD ./Middlewares/Third_Party/FreeRTOS/Source/event_groups.o
LOAD ./Middlewares/Third_Party/FreeRTOS/Source/list.o
LOAD ./Middlewares/Third_Party/FreeRTOS/Source/queue.o
LOAD ./Middlewares/Third_Party/FreeRTOS/Source/stream_buffer.o
LOAD ./Middlewares/Third_Party/FreeRTOS/Source/tasks.o
LOAD ./Middlewares/Third_Party/FreeRTOS/Source/timers.o
LOAD ./Middlewares/Third_Party/FreeRTOS/Source/portable/GCC/ARM_CM4F/port.o
LOAD ./Middlewares/Third_Party/FreeRTOS/Source/portable/MemMang/heap_4.o
LOAD ./USB_DEVICE/App/usb_device.o
LOAD ./USB_DEVICE/App/usbd_cdc_if.o
LOAD ./USB_DEVICE/App/usbd_desc.o
LOAD ./USB_DEVICE/Target/usbd_conf.o
START GROUP
LOAD /opt/st/stm32cubeide_1.14.0/plugins/com.st.stm32cube.ide.mcu.externaltools.gnu-tools-for-stm32.11.3.rel1.linux64_1.1.100.202309141235/tools/bin/../lib/gcc/arm-none-eabi/11.3.1/../../../../arm-none-eabi/lib/thumb/v7e-m+fp/hard/libc_nano.a
LOAD /opt/st/stm32cubeide_1.14.0/plugins/com.st.stm32cube.ide.mcu.externaltools.gnu-tools-for-stm32.11.3.rel1.linux64_1.1.100.202309141235/tools/bin/../lib/gcc/arm-none-eabi/11.3.1/../../../../arm-none-eabi/lib/thumb/v7e-m+fp/hard/libm.a
END GROUP
START GROUP
LOAD /opt/st/stm32cubeide_1.14.0/plugins/com.st.stm32cube.ide.mcu.externaltools.gnu-tools-for-stm32.11.3.rel1.linux64_1.1.100.202309141235/tools/bin/../lib/gcc/arm-none-eabi/11.3.1/thumb/v7e-m+fp/hard/libgcc.a
LOAD /opt/st/stm32cubeide_1.14.0/plugins/com.st.stm32cube.ide.mcu.externaltools.gnu-tools-for-stm32.11.3.rel1.linux64_1.1.100.202309141235/tools/bin/../lib/gcc/arm-none-eabi/11.3.1/../../../../arm-none-eabi/lib/thumb/v7e-m+fp/hard/libc_nano.a
END GROUP
START GROUP
LOAD /opt/st/stm32cubeide_1.14.0/plugins/com.st.stm32cube.ide.mcu.externaltools.gnu-tools-for-stm32.11.3.rel1.linux64_1.1.100.202309141235/tools/bin/../lib/gcc/arm-none-eabi/11.3.1/thumb/v7e-m+fp/hard/libgcc.a
LOAD /opt/st/stm32cubeide_1.14.0/plugins/com.st.stm32cube.ide.mcu.externaltools.gnu-tools-for-stm32.11.3.rel1.linux64_1.1.100.202309141235/tools/bin/../lib/gcc/arm-none-eabi/11.3.1/../../../../arm-none-eabi/lib/thumb/v7e-m+fp/hard/libc_nano.a
LOAD /opt/st/stm32cubeide_1.14.0/plugins/com.st.stm32cube.ide.mcu.externaltools.gnu-tools-for-stm32.11.3.rel1.linux64_1.1.100.202309141235/tools/bin/../lib/gcc/arm-none-eabi/11.3.1/../../../../arm-none-eabi/lib/thumb/v7e-m+fp/hard/libnosys.a
END GROUP
START GROUP
LOAD /opt/st/stm32cubeide_1.14.0/plugins/com.st.stm32cube.ide.mcu.externaltools.gnu-tools-for-stm32.11.3.rel1.linux64_1.1.100.202309141235/tools/bin/../lib/gcc/arm-none-eabi/11.3.1/thumb/v7e-m+fp/hard/libgcc.a
LOAD /opt/st/stm32cubeide_1.14.0/plugins/com.st.stm32cube.ide.mcu.externaltools.gnu-tools-for-stm32.11.3.rel1.linux64_1.1.100.202309141235/tools/bin/../lib/gcc/arm-none-eabi/11.3.1/../../../../arm-none-eabi/lib/thumb/v7e-m+fp/hard/libc_nano.a
LOAD /opt/st/stm32cubeide_1.14.0/plugins/com.st.stm32cube.ide.mcu.externaltools.gnu-tools-for-stm32.11.3.rel1.linux64_1.1.100.202309141235/tools/bin/../lib/gcc/arm-none-eabi/11.3.1/../../../../arm-none-eabi/lib/thumb/v7e-m+fp/hard/libnosys.a
END GROUP
LOAD /opt/st/stm32cubeide_1.14.0/plugins/com.st.stm32cube.ide.mcu.externaltools.gnu-tools-for-stm32.11.3.rel1.linux64_1.1.100.202309141235/tools/bin/../lib/gcc/arm-none-eabi/11.3.1/thumb/v7e-m+fp/hard/crtend.o
LOAD /opt/st/stm32cubeide_1.14.0/plugins/com.st.stm32cube.ide.mcu.externaltools.gnu-tools-for-stm32.11.3.rel1.linux64_1.1.100.202309141235/tools/bin/../lib/gcc/arm-none-eabi/11.3.1/thumb/v7e-m+fp/hard/crtn.o
                0x0000000020020000                _estack = (ORIGIN (RAM) + LENGTH (RAM))
                0x0000000000000200                _Min_Heap_Size = 0x200
                0x0000000000000400                _Min_Stack_Size = 0x400

.isr_vector     0x0000000008000000      0x188
                0x0000000008000000                . = ALIGN (0x4)
 *(.isr_vector)
 .isr_vector    0x0000000008000000      0x188 ./Core/Startup/startup_stm32f407vgtx.o
                0x0000000008000000                g_pfnVectors
                0x0000000008000188                . = ALIGN (0x4)

.text           0x0000000008000190     0xfc5c
                0x0000000008000190                . = ALIGN (0x4)
 *(.text)
 .text          0x0000000008000190       0x40 /opt/st/stm32cubeide_1.14.0/plugins/com.st.stm32cube.ide.mcu.externaltools.gnu-tools-for-stm32.11.3.rel1.linux64_1.1.100.202309141235/tools/bin/../lib/gcc/arm-none-eabi/11.3.1/thumb/v7e-m+fp/hard/crtbegin.o
 .text          0x00000000080001d0      0x378 /opt/st/stm32cubeide_1.14.0/plugins/com.st.stm32cube.ide.mcu.externaltools.gnu-tools-for-stm32.11.3.rel1.linux64_1.1.100.202309141235/tools/bin/../lib/gcc/arm-none-eabi/11.3.1/thumb/v7e-m+fp/hard/libgcc.a(_arm_addsubdf3.o)
                0x00000000080001d0                __aeabi_drsub
                0x00000000080001d8                __aeabi_dsub
                0x00000000080001d8                __subdf3
                0x00000000080001dc                __adddf3
                0x00000000080001dc                __aeabi_dadd
                0x0000000008000454                __aeabi_ui2d
                0x0000000008000454                __floatunsidf
                0x0000000008000474                __floatsidf
                0x0000000008000474                __aeabi_i2d
                0x0000000008000498                __extendsfdf2
                0x0000000008000498                __aeabi_f2d
                0x00000000080004dc                __aeabi_ul2d
                0x00000000080004dc                __floatundidf
                0x00000000080004ec                __floatdidf
                0x00000000080004ec                __aeabi_l2d
 .text          0x0000000008000548      0x424 /opt/st/stm32cubeide_1.14.0/plugins/com.st.stm32cube.ide.mcu.externaltools.gnu-tools-for-stm32.11.3.rel1.linux64_1.1.100.202309141235/tools/bin/../lib/gcc/arm-none-eabi/11.3.1/thumb/v7e-m+fp/hard/libgcc.a(_arm_muldivdf3.o)
                0x0000000008000548                __aeabi_dmul
                0x0000000008000548                __muldf3
                0x000000000800079c                __aeabi_ddiv
                0x000000000800079c                __divdf3
 .text          0x000000000800096c      0x110 /opt/st/stm32cubeide_1.14.0/plugins/com.st.stm32cube.ide.mcu.externaltools.gnu-tools-for-stm32.11.3.rel1.linux64_1.1.100.202309141235/tools/bin/../lib/gcc/arm-none-eabi/11.3.1/thumb/v7e-m+fp/hard/libgcc.a(_arm_cmpdf2.o)
                0x000000000800096c                __gtdf2
                0x000000000800096c                __gedf2
                0x0000000008000974                __ltdf2
                0x0000000008000974                __ledf2
                0x000000000800097c                __cmpdf2
                0x000000000800097c                __eqdf2
                0x000000000800097c                __nedf2
                0x00000000080009f8                __aeabi_cdrcmple
                0x0000000008000a08                __aeabi_cdcmple
                0x0000000008000a08                __aeabi_cdcmpeq
                0x0000000008000a18                __aeabi_dcmpeq
                0x0000000008000a2c                __aeabi_dcmplt
                0x0000000008000a40                __aeabi_dcmple
                0x0000000008000a54                __aeabi_dcmpge
                0x0000000008000a68                __aeabi_dcmpgt
 .text          0x0000000008000a7c       0x50 /opt/st/stm32cubeide_1.14.0/plugins/com.st.stm32cube.ide.mcu.externaltools.gnu-tools-for-stm32.11.3.rel1.linux64_1.1.100.202309141235/tools/bin/../lib/gcc/arm-none-eabi/11.3.1/thumb/v7e-m+fp/hard/libgcc.a(_arm_fixdfsi.o)
                0x0000000008000a7c                __fixdfsi
                0x0000000008000a7c                __aeabi_d2iz
 .text          0x0000000008000acc       0xa0 /opt/st/stm32cubeide_1.14.0/plugins/com.st.stm32cube.ide.mcu.externaltools.gnu-tools-for-stm32.11.3.rel1.linux64_1.1.100.202309141235/tools/bin/../lib/gcc/arm-none-eabi/11.3.1/thumb/v7e-m+fp/hard/libgcc.a(_arm_truncdfsf2.o)
                0x0000000008000acc                __aeabi_d2f
                0x0000000008000acc                __truncdfsf2
 .text          0x0000000008000b6c       0x30 /opt/st/stm32cubeide_1.14.0/plugins/com.st.stm32cube.ide.mcu.externaltools.gnu-tools-for-stm32.11.3.rel1.linux64_1.1.100.202309141235/tools/bin/../lib/gcc/arm-none-eabi/11.3.1/thumb/v7e-m+fp/hard/libgcc.a(_aeabi_uldivmod.o)
                0x0000000008000b6c                __aeabi_uldivmod
 .text          0x0000000008000b9c      0x2c8 /opt/st/stm32cubeide_1.14.0/plugins/com.st.stm32cube.ide.mcu.externaltools.gnu-tools-for-stm32.11.3.rel1.linux64_1.1.100.202309141235/tools/bin/../lib/gcc/arm-none-eabi/11.3.1/thumb/v7e-m+fp/hard/libgcc.a(_udivmoddi4.o)
                0x0000000008000b9c                __udivmoddi4
 .text          0x0000000008000e64        0x4 /opt/st/stm32cubeide_1.14.0/plugins/com.st.stm32cube.ide.mcu.externaltools.gnu-tools-for-stm32.11.3.rel1.linux64_1.1.100.202309141235/tools/bin/../lib/gcc/arm-none-eabi/11.3.1/thumb/v7e-m+fp/hard/libgcc.a(_dvmd_tls.o)
                0x0000000008000e64                __aeabi_ldiv0
                0x0000000008000e64                __aeabi_idiv0
 *(.text*)
 .text.bit16ToInt
                0x0000000008000e68       0x40 ./Core/Src/16Bitmanipulator.o
                0x0000000008000e68                bit16ToInt
 .text.merge16  0x0000000008000ea8       0x64 ./Core/Src/16Bitmanipulator.o
                0x0000000008000ea8                merge16
 .text.Set_LED  0x0000000008000f0c       0x5c ./Core/Src/WS2812LED.o
                0x0000000008000f0c                Set_LED
 .text.WS2812_Send
                0x0000000008000f68      0x138 ./Core/Src/WS2812LED.o
                0x0000000008000f68                WS2812_Send
 .text.vApplicationGetIdleTaskMemory
                0x00000000080010a0       0x34 ./Core/Src/freertos.o
                0x00000000080010a0                vApplicationGetIdleTaskMemory
 .text.HAL_UART_RxCpltCallback
                0x00000000080010d4      0x224 ./Core/Src/main.o
                0x00000000080010d4                HAL_UART_RxCpltCallback
 .text.convertADCtoVoltage
                0x00000000080012f8       0x82 ./Core/Src/main.o
                0x00000000080012f8                convertADCtoVoltage
 *fill*         0x000000000800137a        0x2 
 .text.HAL_TIM_PWM_PulseFinishedCallback
                0x000000000800137c       0x28 ./Core/Src/main.o
                0x000000000800137c                HAL_TIM_PWM_PulseFinishedCallback
 .text.map      0x00000000080013a4       0x38 ./Core/Src/main.o
                0x00000000080013a4                map
 .text.main     0x00000000080013dc      0x1b0 ./Core/Src/main.o
                0x00000000080013dc                main
 .text.SystemClock_Config
                0x000000000800158c       0xd4 ./Core/Src/main.o
                0x000000000800158c                SystemClock_Config
 .text.MX_ADC1_Init
                0x0000000008001660       0xbc ./Core/Src/main.o
 .text.MX_I2C1_Init
                0x000000000800171c       0x5c ./Core/Src/main.o
 .text.MX_TIM3_Init
                0x0000000008001778       0xb0 ./Core/Src/main.o
 .text.MX_TIM4_Init
                0x0000000008001828       0xf4 ./Core/Src/main.o
 .text.MX_TIM5_Init
                0x000000000800191c       0xf4 ./Core/Src/main.o
 .text.MX_TIM9_Init
                0x0000000008001a10       0x8c ./Core/Src/main.o
 .text.MX_USART2_UART_Init
                0x0000000008001a9c       0x60 ./Core/Src/main.o
 .text.MX_DMA_Init
                0x0000000008001afc       0x6c ./Core/Src/main.o
 .text.MX_GPIO_Init
                0x0000000008001b68      0x120 ./Core/Src/main.o
 .text.StartCdcSerialTask
                0x0000000008001c88      0x48c ./Core/Src/main.o
                0x0000000008001c88                StartCdcSerialTask
 .text.StartMovementTask
                0x0000000008002114      0x95c ./Core/Src/main.o
                0x0000000008002114                StartMovementTask
 .text.StartGetPressureTask
                0x0000000008002a70      0x184 ./Core/Src/main.o
                0x0000000008002a70                StartGetPressureTask
 .text.StartStroboTask
                0x0000000008002bf4      0x308 ./Core/Src/main.o
                0x0000000008002bf4                StartStroboTask
 .text.StartOtherTask
                0x0000000008002efc       0xd8 ./Core/Src/main.o
                0x0000000008002efc                StartOtherTask
 .text.StartPidTask
                0x0000000008002fd4      0x19c ./Core/Src/main.o
                0x0000000008002fd4                StartPidTask
 .text.HAL_TIM_PeriodElapsedCallback
                0x0000000008003170       0x24 ./Core/Src/main.o
                0x0000000008003170                HAL_TIM_PeriodElapsedCallback
 .text.Error_Handler
                0x0000000008003194        0xa ./Core/Src/main.o
                0x0000000008003194                Error_Handler
 .text.MS58xx_read
                0x000000000800319e       0x36 ./Core/Src/ms58xx.o
                0x000000000800319e                MS58xx_read
 .text.MS58xx_write
                0x00000000080031d4       0x36 ./Core/Src/ms58xx.o
                0x00000000080031d4                MS58xx_write
 .text.MS58xx_reset
                0x000000000800320a       0x3e ./Core/Src/ms58xx.o
                0x000000000800320a                MS58xx_reset
 .text.MS58xx_coeff
                0x0000000008003248       0x70 ./Core/Src/ms58xx.o
                0x0000000008003248                MS58xx_coeff
 .text.MS58xx_ADC
                0x00000000080032b8       0xd4 ./Core/Src/ms58xx.o
                0x00000000080032b8                MS58xx_ADC
 .text.MS58xx_get_values
                0x000000000800338c      0x288 ./Core/Src/ms58xx.o
                0x000000000800338c                MS58xx_get_values
 .text.pid_param
                0x0000000008003614       0x32 ./Core/Src/pid.o
                0x0000000008003614                pid_param
 *fill*         0x0000000008003646        0x2 
 .text.pid_calculate_rad
                0x0000000008003648      0x11c ./Core/Src/pid.o
                0x0000000008003648                pid_calculate_rad
 .text.pid_calculate
                0x0000000008003764       0xc8 ./Core/Src/pid.o
                0x0000000008003764                pid_calculate
 .text.HAL_MspInit
                0x000000000800382c       0x58 ./Core/Src/stm32f4xx_hal_msp.o
                0x000000000800382c                HAL_MspInit
 .text.HAL_ADC_MspInit
                0x0000000008003884       0xf0 ./Core/Src/stm32f4xx_hal_msp.o
                0x0000000008003884                HAL_ADC_MspInit
 .text.HAL_I2C_MspInit
                0x0000000008003974       0x90 ./Core/Src/stm32f4xx_hal_msp.o
                0x0000000008003974                HAL_I2C_MspInit
 .text.HAL_TIM_PWM_MspInit
                0x0000000008003a04      0x12c ./Core/Src/stm32f4xx_hal_msp.o
                0x0000000008003a04                HAL_TIM_PWM_MspInit
 .text.HAL_TIM_MspPostInit
                0x0000000008003b30      0x160 ./Core/Src/stm32f4xx_hal_msp.o
                0x0000000008003b30                HAL_TIM_MspPostInit
 .text.HAL_UART_MspInit
                0x0000000008003c90       0xa0 ./Core/Src/stm32f4xx_hal_msp.o
                0x0000000008003c90                HAL_UART_MspInit
 .text.HAL_InitTick
                0x0000000008003d30       0xf8 ./Core/Src/stm32f4xx_hal_timebase_tim.o
                0x0000000008003d30                HAL_InitTick
 .text.NMI_Handler
                0x0000000008003e28        0x6 ./Core/Src/stm32f4xx_it.o
                0x0000000008003e28                NMI_Handler
 .text.HardFault_Handler
                0x0000000008003e2e        0x6 ./Core/Src/stm32f4xx_it.o
                0x0000000008003e2e                HardFault_Handler
 .text.MemManage_Handler
                0x0000000008003e34        0x6 ./Core/Src/stm32f4xx_it.o
                0x0000000008003e34                MemManage_Handler
 .text.BusFault_Handler
                0x0000000008003e3a        0x6 ./Core/Src/stm32f4xx_it.o
                0x0000000008003e3a                BusFault_Handler
 .text.UsageFault_Handler
                0x0000000008003e40        0x6 ./Core/Src/stm32f4xx_it.o
                0x0000000008003e40                UsageFault_Handler
 .text.DebugMon_Handler
                0x0000000008003e46        0xe ./Core/Src/stm32f4xx_it.o
                0x0000000008003e46                DebugMon_Handler
 .text.DMA1_Stream5_IRQHandler
                0x0000000008003e54       0x14 ./Core/Src/stm32f4xx_it.o
                0x0000000008003e54                DMA1_Stream5_IRQHandler
 .text.USART2_IRQHandler
                0x0000000008003e68       0x14 ./Core/Src/stm32f4xx_it.o
                0x0000000008003e68                USART2_IRQHandler
 .text.TIM8_TRG_COM_TIM14_IRQHandler
                0x0000000008003e7c       0x14 ./Core/Src/stm32f4xx_it.o
                0x0000000008003e7c                TIM8_TRG_COM_TIM14_IRQHandler
 .text.DMA2_Stream0_IRQHandler
                0x0000000008003e90       0x14 ./Core/Src/stm32f4xx_it.o
                0x0000000008003e90                DMA2_Stream0_IRQHandler
 .text.OTG_FS_IRQHandler
                0x0000000008003ea4       0x14 ./Core/Src/stm32f4xx_it.o
                0x0000000008003ea4                OTG_FS_IRQHandler
 .text.SystemInit
                0x0000000008003eb8       0x24 ./Core/Src/system_stm32f4xx.o
                0x0000000008003eb8                SystemInit
 .text.Reset_Handler
                0x0000000008003edc       0x50 ./Core/Startup/startup_stm32f407vgtx.o
                0x0000000008003edc                Reset_Handler
 .text.Default_Handler
                0x0000000008003f2c        0x2 ./Core/Startup/startup_stm32f407vgtx.o
                0x0000000008003f2c                RTC_Alarm_IRQHandler
                0x0000000008003f2c                HASH_RNG_IRQHandler
                0x0000000008003f2c                EXTI2_IRQHandler
                0x0000000008003f2c                TIM8_CC_IRQHandler
                0x0000000008003f2c                TIM1_CC_IRQHandler
                0x0000000008003f2c                DMA2_Stream5_IRQHandler
                0x0000000008003f2c                PVD_IRQHandler
                0x0000000008003f2c                SDIO_IRQHandler
                0x0000000008003f2c                TAMP_STAMP_IRQHandler
                0x0000000008003f2c                CAN2_RX1_IRQHandler
                0x0000000008003f2c                EXTI3_IRQHandler
                0x0000000008003f2c                TIM1_UP_TIM10_IRQHandler
                0x0000000008003f2c                TIM8_UP_TIM13_IRQHandler
                0x0000000008003f2c                I2C3_ER_IRQHandler
                0x0000000008003f2c                EXTI0_IRQHandler
                0x0000000008003f2c                I2C2_EV_IRQHandler
                0x0000000008003f2c                DMA1_Stream2_IRQHandler
                0x0000000008003f2c                CAN1_RX0_IRQHandler
                0x0000000008003f2c                FPU_IRQHandler
                0x0000000008003f2c                OTG_HS_WKUP_IRQHandler
                0x0000000008003f2c                CAN2_SCE_IRQHandler
                0x0000000008003f2c                DMA2_Stream2_IRQHandler
                0x0000000008003f2c                SPI1_IRQHandler
                0x0000000008003f2c                TIM6_DAC_IRQHandler
                0x0000000008003f2c                TIM1_BRK_TIM9_IRQHandler
                0x0000000008003f2c                DCMI_IRQHandler
                0x0000000008003f2c                CAN2_RX0_IRQHandler
                0x0000000008003f2c                DMA2_Stream3_IRQHandler
                0x0000000008003f2c                USART6_IRQHandler
                0x0000000008003f2c                USART3_IRQHandler
                0x0000000008003f2c                CAN1_RX1_IRQHandler
                0x0000000008003f2c                UART5_IRQHandler
                0x0000000008003f2c                TIM4_IRQHandler
                0x0000000008003f2c                I2C1_EV_IRQHandler
                0x0000000008003f2c                DMA1_Stream6_IRQHandler
                0x0000000008003f2c                DMA1_Stream1_IRQHandler
                0x0000000008003f2c                UART4_IRQHandler
                0x0000000008003f2c                TIM3_IRQHandler
                0x0000000008003f2c                RCC_IRQHandler
                0x0000000008003f2c                TIM8_BRK_TIM12_IRQHandler
                0x0000000008003f2c                Default_Handler
                0x0000000008003f2c                EXTI15_10_IRQHandler
                0x0000000008003f2c                ADC_IRQHandler
                0x0000000008003f2c                DMA1_Stream7_IRQHandler
                0x0000000008003f2c                TIM7_IRQHandler
                0x0000000008003f2c                CAN2_TX_IRQHandler
                0x0000000008003f2c                TIM5_IRQHandler
                0x0000000008003f2c                DMA2_Stream7_IRQHandler
                0x0000000008003f2c                I2C3_EV_IRQHandler
                0x0000000008003f2c                EXTI9_5_IRQHandler
                0x0000000008003f2c                RTC_WKUP_IRQHandler
                0x0000000008003f2c                ETH_WKUP_IRQHandler
                0x0000000008003f2c                SPI2_IRQHandler
                0x0000000008003f2c                OTG_HS_EP1_IN_IRQHandler
                0x0000000008003f2c                DMA1_Stream0_IRQHandler
                0x0000000008003f2c                CAN1_TX_IRQHandler
                0x0000000008003f2c                EXTI4_IRQHandler
                0x0000000008003f2c                FSMC_IRQHandler
                0x0000000008003f2c                ETH_IRQHandler
                0x0000000008003f2c                OTG_HS_EP1_OUT_IRQHandler
                0x0000000008003f2c                WWDG_IRQHandler
                0x0000000008003f2c                TIM2_IRQHandler
                0x0000000008003f2c                OTG_FS_WKUP_IRQHandler
                0x0000000008003f2c                TIM1_TRG_COM_TIM11_IRQHandler
                0x0000000008003f2c                OTG_HS_IRQHandler
                0x0000000008003f2c                EXTI1_IRQHandler
                0x0000000008003f2c                I2C2_ER_IRQHandler
                0x0000000008003f2c                DMA2_Stream1_IRQHandler
                0x0000000008003f2c                CAN1_SCE_IRQHandler
                0x0000000008003f2c                FLASH_IRQHandler
                0x0000000008003f2c                DMA2_Stream4_IRQHandler
                0x0000000008003f2c                USART1_IRQHandler
                0x0000000008003f2c                SPI3_IRQHandler
                0x0000000008003f2c                DMA1_Stream4_IRQHandler
                0x0000000008003f2c                I2C1_ER_IRQHandler
                0x0000000008003f2c                DMA2_Stream6_IRQHandler
                0x0000000008003f2c                DMA1_Stream3_IRQHandler
 *fill*         0x0000000008003f2e        0x2 
 .text.HAL_Init
                0x0000000008003f30       0x44 ./Drivers/STM32F4xx_HAL_Driver/Src/stm32f4xx_hal.o
                0x0000000008003f30                HAL_Init
 .text.HAL_IncTick
                0x0000000008003f74       0x28 ./Drivers/STM32F4xx_HAL_Driver/Src/stm32f4xx_hal.o
                0x0000000008003f74                HAL_IncTick
 .text.HAL_GetTick
                0x0000000008003f9c       0x18 ./Drivers/STM32F4xx_HAL_Driver/Src/stm32f4xx_hal.o
                0x0000000008003f9c                HAL_GetTick
 .text.HAL_Delay
                0x0000000008003fb4       0x48 ./Drivers/STM32F4xx_HAL_Driver/Src/stm32f4xx_hal.o
                0x0000000008003fb4                HAL_Delay
 .text.HAL_ADC_Init
                0x0000000008003ffc       0x86 ./Drivers/STM32F4xx_HAL_Driver/Src/stm32f4xx_hal_adc.o
                0x0000000008003ffc                HAL_ADC_Init
 *fill*         0x0000000008004082        0x2 
 .text.HAL_ADC_Start_DMA
                0x0000000008004084      0x220 ./Drivers/STM32F4xx_HAL_Driver/Src/stm32f4xx_hal_adc.o
                0x0000000008004084                HAL_ADC_Start_DMA
 .text.HAL_ADC_ConvCpltCallback
                0x00000000080042a4       0x14 ./Drivers/STM32F4xx_HAL_Driver/Src/stm32f4xx_hal_adc.o
                0x00000000080042a4                HAL_ADC_ConvCpltCallback
 .text.HAL_ADC_ConvHalfCpltCallback
                0x00000000080042b8       0x14 ./Drivers/STM32F4xx_HAL_Driver/Src/stm32f4xx_hal_adc.o
                0x00000000080042b8                HAL_ADC_ConvHalfCpltCallback
 .text.HAL_ADC_ErrorCallback
                0x00000000080042cc       0x14 ./Drivers/STM32F4xx_HAL_Driver/Src/stm32f4xx_hal_adc.o
                0x00000000080042cc                HAL_ADC_ErrorCallback
 .text.HAL_ADC_ConfigChannel
                0x00000000080042e0      0x244 ./Drivers/STM32F4xx_HAL_Driver/Src/stm32f4xx_hal_adc.o
                0x00000000080042e0                HAL_ADC_ConfigChannel
 .text.ADC_Init
                0x0000000008004524      0x1f8 ./Drivers/STM32F4xx_HAL_Driver/Src/stm32f4xx_hal_adc.o
 .text.ADC_DMAConvCplt
                0x000000000800471c       0xba ./Drivers/STM32F4xx_HAL_Driver/Src/stm32f4xx_hal_adc.o
 .text.ADC_DMAHalfConvCplt
                0x00000000080047d6       0x1c ./Drivers/STM32F4xx_HAL_Driver/Src/stm32f4xx_hal_adc.o
 .text.ADC_DMAError
                0x00000000080047f2       0x2e ./Drivers/STM32F4xx_HAL_Driver/Src/stm32f4xx_hal_adc.o
 .text.__NVIC_SetPriorityGrouping
                0x0000000008004820       0x48 ./Drivers/STM32F4xx_HAL_Driver/Src/stm32f4xx_hal_cortex.o
 .text.__NVIC_GetPriorityGrouping
                0x0000000008004868       0x1c ./Drivers/STM32F4xx_HAL_Driver/Src/stm32f4xx_hal_cortex.o
 .text.__NVIC_EnableIRQ
                0x0000000008004884       0x3c ./Drivers/STM32F4xx_HAL_Driver/Src/stm32f4xx_hal_cortex.o
 .text.__NVIC_SetPriority
                0x00000000080048c0       0x54 ./Drivers/STM32F4xx_HAL_Driver/Src/stm32f4xx_hal_cortex.o
 .text.NVIC_EncodePriority
                0x0000000008004914       0x66 ./Drivers/STM32F4xx_HAL_Driver/Src/stm32f4xx_hal_cortex.o
 .text.HAL_NVIC_SetPriorityGrouping
                0x000000000800497a       0x16 ./Drivers/STM32F4xx_HAL_Driver/Src/stm32f4xx_hal_cortex.o
                0x000000000800497a                HAL_NVIC_SetPriorityGrouping
 .text.HAL_NVIC_SetPriority
                0x0000000008004990       0x38 ./Drivers/STM32F4xx_HAL_Driver/Src/stm32f4xx_hal_cortex.o
                0x0000000008004990                HAL_NVIC_SetPriority
 .text.HAL_NVIC_EnableIRQ
                0x00000000080049c8       0x1c ./Drivers/STM32F4xx_HAL_Driver/Src/stm32f4xx_hal_cortex.o
                0x00000000080049c8                HAL_NVIC_EnableIRQ
 .text.HAL_DMA_Init
                0x00000000080049e4      0x15c ./Drivers/STM32F4xx_HAL_Driver/Src/stm32f4xx_hal_dma.o
                0x00000000080049e4                HAL_DMA_Init
 .text.HAL_DMA_Start_IT
                0x0000000008004b40       0xb0 ./Drivers/STM32F4xx_HAL_Driver/Src/stm32f4xx_hal_dma.o
                0x0000000008004b40                HAL_DMA_Start_IT
 .text.HAL_DMA_Abort
                0x0000000008004bf0       0xe0 ./Drivers/STM32F4xx_HAL_Driver/Src/stm32f4xx_hal_dma.o
                0x0000000008004bf0                HAL_DMA_Abort
 .text.HAL_DMA_Abort_IT
                0x0000000008004cd0       0x44 ./Drivers/STM32F4xx_HAL_Driver/Src/stm32f4xx_hal_dma.o
                0x0000000008004cd0                HAL_DMA_Abort_IT
 .text.HAL_DMA_IRQHandler
                0x0000000008004d14      0x314 ./Drivers/STM32F4xx_HAL_Driver/Src/stm32f4xx_hal_dma.o
                0x0000000008004d14                HAL_DMA_IRQHandler
 .text.DMA_SetConfig
                0x0000000008005028       0x5c ./Drivers/STM32F4xx_HAL_Driver/Src/stm32f4xx_hal_dma.o
 .text.DMA_CalcBaseAndBitshift
                0x0000000008005084       0x6c ./Drivers/STM32F4xx_HAL_Driver/Src/stm32f4xx_hal_dma.o
 .text.DMA_CheckFifoParam
                0x00000000080050f0       0xf8 ./Drivers/STM32F4xx_HAL_Driver/Src/stm32f4xx_hal_dma.o
 .text.HAL_GPIO_Init
                0x00000000080051e8      0x338 ./Drivers/STM32F4xx_HAL_Driver/Src/stm32f4xx_hal_gpio.o
                0x00000000080051e8                HAL_GPIO_Init
 .text.HAL_GPIO_ReadPin
                0x0000000008005520       0x30 ./Drivers/STM32F4xx_HAL_Driver/Src/stm32f4xx_hal_gpio.o
                0x0000000008005520                HAL_GPIO_ReadPin
 .text.HAL_GPIO_WritePin
                0x0000000008005550       0x32 ./Drivers/STM32F4xx_HAL_Driver/Src/stm32f4xx_hal_gpio.o
                0x0000000008005550                HAL_GPIO_WritePin
 *fill*         0x0000000008005582        0x2 
 .text.HAL_I2C_Init
                0x0000000008005584      0x288 ./Drivers/STM32F4xx_HAL_Driver/Src/stm32f4xx_hal_i2c.o
                0x0000000008005584                HAL_I2C_Init
 .text.HAL_I2C_Master_Transmit
                0x000000000800580c      0x1fc ./Drivers/STM32F4xx_HAL_Driver/Src/stm32f4xx_hal_i2c.o
                0x000000000800580c                HAL_I2C_Master_Transmit
 .text.HAL_I2C_Master_Receive
                0x0000000008005a08      0x464 ./Drivers/STM32F4xx_HAL_Driver/Src/stm32f4xx_hal_i2c.o
                0x0000000008005a08                HAL_I2C_Master_Receive
 .text.I2C_MasterRequestWrite
                0x0000000008005e6c      0x104 ./Drivers/STM32F4xx_HAL_Driver/Src/stm32f4xx_hal_i2c.o
 .text.I2C_MasterRequestRead
                0x0000000008005f70      0x19c ./Drivers/STM32F4xx_HAL_Driver/Src/stm32f4xx_hal_i2c.o
 .text.I2C_WaitOnFlagUntilTimeout
                0x000000000800610c       0xf4 ./Drivers/STM32F4xx_HAL_Driver/Src/stm32f4xx_hal_i2c.o
 .text.I2C_WaitOnMasterAddressFlagUntilTimeout
                0x0000000008006200      0x140 ./Drivers/STM32F4xx_HAL_Driver/Src/stm32f4xx_hal_i2c.o
 .text.I2C_WaitOnTXEFlagUntilTimeout
                0x0000000008006340       0x90 ./Drivers/STM32F4xx_HAL_Driver/Src/stm32f4xx_hal_i2c.o
 .text.I2C_WaitOnBTFFlagUntilTimeout
                0x00000000080063d0       0x90 ./Drivers/STM32F4xx_HAL_Driver/Src/stm32f4xx_hal_i2c.o
 .text.I2C_WaitOnRXNEFlagUntilTimeout
                0x0000000008006460       0xba ./Drivers/STM32F4xx_HAL_Driver/Src/stm32f4xx_hal_i2c.o
 .text.I2C_IsAcknowledgeFailed
                0x000000000800651a       0x5e ./Drivers/STM32F4xx_HAL_Driver/Src/stm32f4xx_hal_i2c.o
 .text.HAL_PCD_Init
                0x0000000008006578      0x21e ./Drivers/STM32F4xx_HAL_Driver/Src/stm32f4xx_hal_pcd.o
                0x0000000008006578                HAL_PCD_Init
 .text.HAL_PCD_Start
                0x0000000008006796       0x6a ./Drivers/STM32F4xx_HAL_Driver/Src/stm32f4xx_hal_pcd.o
                0x0000000008006796                HAL_PCD_Start
 .text.HAL_PCD_IRQHandler
                0x0000000008006800      0x942 ./Drivers/STM32F4xx_HAL_Driver/Src/stm32f4xx_hal_pcd.o
                0x0000000008006800                HAL_PCD_IRQHandler
 .text.HAL_PCD_SetAddress
                0x0000000008007142       0x48 ./Drivers/STM32F4xx_HAL_Driver/Src/stm32f4xx_hal_pcd.o
                0x0000000008007142                HAL_PCD_SetAddress
 .text.HAL_PCD_EP_Open
                0x000000000800718a       0xd0 ./Drivers/STM32F4xx_HAL_Driver/Src/stm32f4xx_hal_pcd.o
                0x000000000800718a                HAL_PCD_EP_Open
 .text.HAL_PCD_EP_Close
                0x000000000800725a       0x94 ./Drivers/STM32F4xx_HAL_Driver/Src/stm32f4xx_hal_pcd.o
                0x000000000800725a                HAL_PCD_EP_Close
 .text.HAL_PCD_EP_Receive
                0x00000000080072ee       0x76 ./Drivers/STM32F4xx_HAL_Driver/Src/stm32f4xx_hal_pcd.o
                0x00000000080072ee                HAL_PCD_EP_Receive
 .text.HAL_PCD_EP_GetRxCount
                0x0000000008007364       0x30 ./Drivers/STM32F4xx_HAL_Driver/Src/stm32f4xx_hal_pcd.o
                0x0000000008007364                HAL_PCD_EP_GetRxCount
 .text.HAL_PCD_EP_Transmit
                0x0000000008007394       0x74 ./Drivers/STM32F4xx_HAL_Driver/Src/stm32f4xx_hal_pcd.o
                0x0000000008007394                HAL_PCD_EP_Transmit
 .text.HAL_PCD_EP_SetStall
                0x0000000008007408       0xc6 ./Drivers/STM32F4xx_HAL_Driver/Src/stm32f4xx_hal_pcd.o
                0x0000000008007408                HAL_PCD_EP_SetStall
 .text.HAL_PCD_EP_ClrStall
                0x00000000080074ce       0xac ./Drivers/STM32F4xx_HAL_Driver/Src/stm32f4xx_hal_pcd.o
                0x00000000080074ce                HAL_PCD_EP_ClrStall
 .text.HAL_PCD_EP_Abort
                0x000000000800757a       0x62 ./Drivers/STM32F4xx_HAL_Driver/Src/stm32f4xx_hal_pcd.o
                0x000000000800757a                HAL_PCD_EP_Abort
 .text.PCD_WriteEmptyTxFifo
                0x00000000080075dc      0x118 ./Drivers/STM32F4xx_HAL_Driver/Src/stm32f4xx_hal_pcd.o
 .text.PCD_EP_OutXfrComplete_int
                0x00000000080076f4      0x1d0 ./Drivers/STM32F4xx_HAL_Driver/Src/stm32f4xx_hal_pcd.o
 .text.PCD_EP_OutSetupPacket_int
                0x00000000080078c4       0x8c ./Drivers/STM32F4xx_HAL_Driver/Src/stm32f4xx_hal_pcd.o
 .text.HAL_PCDEx_SetTxFiFo
                0x0000000008007950       0x8e ./Drivers/STM32F4xx_HAL_Driver/Src/stm32f4xx_hal_pcd_ex.o
                0x0000000008007950                HAL_PCDEx_SetTxFiFo
 .text.HAL_PCDEx_SetRxFiFo
                0x00000000080079de       0x22 ./Drivers/STM32F4xx_HAL_Driver/Src/stm32f4xx_hal_pcd_ex.o
                0x00000000080079de                HAL_PCDEx_SetRxFiFo
 .text.HAL_PCDEx_LPM_Callback
                0x0000000008007a00       0x18 ./Drivers/STM32F4xx_HAL_Driver/Src/stm32f4xx_hal_pcd_ex.o
                0x0000000008007a00                HAL_PCDEx_LPM_Callback
 .text.HAL_RCC_OscConfig
                0x0000000008007a18      0x4f0 ./Drivers/STM32F4xx_HAL_Driver/Src/stm32f4xx_hal_rcc.o
                0x0000000008007a18                HAL_RCC_OscConfig
 .text.HAL_RCC_ClockConfig
                0x0000000008007f08      0x1cc ./Drivers/STM32F4xx_HAL_Driver/Src/stm32f4xx_hal_rcc.o
                0x0000000008007f08                HAL_RCC_ClockConfig
 .text.HAL_RCC_GetSysClockFreq
                0x00000000080080d4      0x20c ./Drivers/STM32F4xx_HAL_Driver/Src/stm32f4xx_hal_rcc.o
                0x00000000080080d4                HAL_RCC_GetSysClockFreq
 .text.HAL_RCC_GetHCLKFreq
                0x00000000080082e0       0x18 ./Drivers/STM32F4xx_HAL_Driver/Src/stm32f4xx_hal_rcc.o
                0x00000000080082e0                HAL_RCC_GetHCLKFreq
 .text.HAL_RCC_GetPCLK1Freq
                0x00000000080082f8       0x28 ./Drivers/STM32F4xx_HAL_Driver/Src/stm32f4xx_hal_rcc.o
                0x00000000080082f8                HAL_RCC_GetPCLK1Freq
 .text.HAL_RCC_GetPCLK2Freq
                0x0000000008008320       0x28 ./Drivers/STM32F4xx_HAL_Driver/Src/stm32f4xx_hal_rcc.o
                0x0000000008008320                HAL_RCC_GetPCLK2Freq
 .text.HAL_RCC_GetClockConfig
                0x0000000008008348       0x64 ./Drivers/STM32F4xx_HAL_Driver/Src/stm32f4xx_hal_rcc.o
                0x0000000008008348                HAL_RCC_GetClockConfig
 .text.HAL_TIM_Base_Init
                0x00000000080083ac       0x9e ./Drivers/STM32F4xx_HAL_Driver/Src/stm32f4xx_hal_tim.o
                0x00000000080083ac                HAL_TIM_Base_Init
 .text.HAL_TIM_Base_MspInit
                0x000000000800844a       0x14 ./Drivers/STM32F4xx_HAL_Driver/Src/stm32f4xx_hal_tim.o
                0x000000000800844a                HAL_TIM_Base_MspInit
 *fill*         0x000000000800845e        0x2 
 .text.HAL_TIM_Base_Start_IT
                0x0000000008008460       0xe0 ./Drivers/STM32F4xx_HAL_Driver/Src/stm32f4xx_hal_tim.o
                0x0000000008008460                HAL_TIM_Base_Start_IT
 .text.HAL_TIM_PWM_Init
                0x0000000008008540       0x9e ./Drivers/STM32F4xx_HAL_Driver/Src/stm32f4xx_hal_tim.o
                0x0000000008008540                HAL_TIM_PWM_Init
 *fill*         0x00000000080085de        0x2 
 .text.HAL_TIM_PWM_Start
                0x00000000080085e0      0x190 ./Drivers/STM32F4xx_HAL_Driver/Src/stm32f4xx_hal_tim.o
                0x00000000080085e0                HAL_TIM_PWM_Start
 .text.HAL_TIM_PWM_Start_DMA
                0x0000000008008770      0x390 ./Drivers/STM32F4xx_HAL_Driver/Src/stm32f4xx_hal_tim.o
                0x0000000008008770                HAL_TIM_PWM_Start_DMA
 .text.HAL_TIM_PWM_Stop_DMA
                0x0000000008008b00      0x1a4 ./Drivers/STM32F4xx_HAL_Driver/Src/stm32f4xx_hal_tim.o
                0x0000000008008b00                HAL_TIM_PWM_Stop_DMA
 .text.HAL_TIM_IRQHandler
                0x0000000008008ca4      0x1e0 ./Drivers/STM32F4xx_HAL_Driver/Src/stm32f4xx_hal_tim.o
                0x0000000008008ca4                HAL_TIM_IRQHandler
 .text.HAL_TIM_PWM_ConfigChannel
                0x0000000008008e84      0x184 ./Drivers/STM32F4xx_HAL_Driver/Src/stm32f4xx_hal_tim.o
                0x0000000008008e84                HAL_TIM_PWM_ConfigChannel
 .text.HAL_TIM_OC_DelayElapsedCallback
                0x0000000008009008       0x14 ./Drivers/STM32F4xx_HAL_Driver/Src/stm32f4xx_hal_tim.o
                0x0000000008009008                HAL_TIM_OC_DelayElapsedCallback
 .text.HAL_TIM_IC_CaptureCallback
                0x000000000800901c       0x14 ./Drivers/STM32F4xx_HAL_Driver/Src/stm32f4xx_hal_tim.o
                0x000000000800901c                HAL_TIM_IC_CaptureCallback
 .text.HAL_TIM_PWM_PulseFinishedHalfCpltCallback
                0x0000000008009030       0x14 ./Drivers/STM32F4xx_HAL_Driver/Src/stm32f4xx_hal_tim.o
                0x0000000008009030                HAL_TIM_PWM_PulseFinishedHalfCpltCallback
 .text.HAL_TIM_TriggerCallback
                0x0000000008009044       0x14 ./Drivers/STM32F4xx_HAL_Driver/Src/stm32f4xx_hal_tim.o
                0x0000000008009044                HAL_TIM_TriggerCallback
 .text.HAL_TIM_ErrorCallback
                0x0000000008009058       0x14 ./Drivers/STM32F4xx_HAL_Driver/Src/stm32f4xx_hal_tim.o
                0x0000000008009058                HAL_TIM_ErrorCallback
 .text.TIM_DMAError
                0x000000000800906c       0x92 ./Drivers/STM32F4xx_HAL_Driver/Src/stm32f4xx_hal_tim.o
                0x000000000800906c                TIM_DMAError
 .text.TIM_DMADelayPulseCplt
                0x00000000080090fe       0xa8 ./Drivers/STM32F4xx_HAL_Driver/Src/stm32f4xx_hal_tim.o
 .text.TIM_DMADelayPulseHalfCplt
                0x00000000080091a6       0x68 ./Drivers/STM32F4xx_HAL_Driver/Src/stm32f4xx_hal_tim.o
                0x00000000080091a6                TIM_DMADelayPulseHalfCplt
 *fill*         0x000000000800920e        0x2 
 .text.TIM_Base_SetConfig
                0x0000000008009210      0x158 ./Drivers/STM32F4xx_HAL_Driver/Src/stm32f4xx_hal_tim.o
                0x0000000008009210                TIM_Base_SetConfig
 .text.TIM_OC1_SetConfig
                0x0000000008009368       0xe0 ./Drivers/STM32F4xx_HAL_Driver/Src/stm32f4xx_hal_tim.o
 .text.TIM_OC2_SetConfig
                0x0000000008009448       0xec ./Drivers/STM32F4xx_HAL_Driver/Src/stm32f4xx_hal_tim.o
                0x0000000008009448                TIM_OC2_SetConfig
 .text.TIM_OC3_SetConfig
                0x0000000008009534       0xe8 ./Drivers/STM32F4xx_HAL_Driver/Src/stm32f4xx_hal_tim.o
 .text.TIM_OC4_SetConfig
                0x000000000800961c       0xac ./Drivers/STM32F4xx_HAL_Driver/Src/stm32f4xx_hal_tim.o
 .text.TIM_CCxChannelCmd
                0x00000000080096c8       0x4a ./Drivers/STM32F4xx_HAL_Driver/Src/stm32f4xx_hal_tim.o
                0x00000000080096c8                TIM_CCxChannelCmd
 *fill*         0x0000000008009712        0x2 
 .text.HAL_TIMEx_MasterConfigSynchronization
                0x0000000008009714       0xf8 ./Drivers/STM32F4xx_HAL_Driver/Src/stm32f4xx_hal_tim_ex.o
                0x0000000008009714                HAL_TIMEx_MasterConfigSynchronization
 .text.HAL_TIMEx_CommutCallback
                0x000000000800980c       0x14 ./Drivers/STM32F4xx_HAL_Driver/Src/stm32f4xx_hal_tim_ex.o
                0x000000000800980c                HAL_TIMEx_CommutCallback
 .text.HAL_TIMEx_BreakCallback
                0x0000000008009820       0x14 ./Drivers/STM32F4xx_HAL_Driver/Src/stm32f4xx_hal_tim_ex.o
                0x0000000008009820                HAL_TIMEx_BreakCallback
 .text.HAL_UART_Init
                0x0000000008009834       0xa0 ./Drivers/STM32F4xx_HAL_Driver/Src/stm32f4xx_hal_uart.o
                0x0000000008009834                HAL_UART_Init
 .text.HAL_UART_Receive_IT
                0x00000000080098d4       0x4a ./Drivers/STM32F4xx_HAL_Driver/Src/stm32f4xx_hal_uart.o
                0x00000000080098d4                HAL_UART_Receive_IT
 *fill*         0x000000000800991e        0x2 
 .text.HAL_UART_IRQHandler
                0x0000000008009920      0x524 ./Drivers/STM32F4xx_HAL_Driver/Src/stm32f4xx_hal_uart.o
                0x0000000008009920                HAL_UART_IRQHandler
 .text.HAL_UART_TxCpltCallback
                0x0000000008009e44       0x14 ./Drivers/STM32F4xx_HAL_Driver/Src/stm32f4xx_hal_uart.o
                0x0000000008009e44                HAL_UART_TxCpltCallback
 .text.HAL_UART_ErrorCallback
                0x0000000008009e58       0x14 ./Drivers/STM32F4xx_HAL_Driver/Src/stm32f4xx_hal_uart.o
                0x0000000008009e58                HAL_UART_ErrorCallback
 .text.HAL_UARTEx_RxEventCallback
                0x0000000008009e6c       0x18 ./Drivers/STM32F4xx_HAL_Driver/Src/stm32f4xx_hal_uart.o
                0x0000000008009e6c                HAL_UARTEx_RxEventCallback
 .text.UART_Start_Receive_IT
                0x0000000008009e84       0x74 ./Drivers/STM32F4xx_HAL_Driver/Src/stm32f4xx_hal_uart.o
                0x0000000008009e84                UART_Start_Receive_IT
 .text.UART_EndRxTransfer
                0x0000000008009ef8       0xc6 ./Drivers/STM32F4xx_HAL_Driver/Src/stm32f4xx_hal_uart.o
 .text.UART_DMAAbortOnError
                0x0000000008009fbe       0x28 ./Drivers/STM32F4xx_HAL_Driver/Src/stm32f4xx_hal_uart.o
 .text.UART_Transmit_IT
                0x0000000008009fe6       0xa0 ./Drivers/STM32F4xx_HAL_Driver/Src/stm32f4xx_hal_uart.o
 .text.UART_EndTransmit_IT
                0x000000000800a086       0x30 ./Drivers/STM32F4xx_HAL_Driver/Src/stm32f4xx_hal_uart.o
 .text.UART_Receive_IT
                0x000000000800a0b6      0x17c ./Drivers/STM32F4xx_HAL_Driver/Src/stm32f4xx_hal_uart.o
 *fill*         0x000000000800a232        0x2 
 .text.UART_SetConfig
                0x000000000800a234      0x4e8 ./Drivers/STM32F4xx_HAL_Driver/Src/stm32f4xx_hal_uart.o
 .text.USB_CoreInit
                0x000000000800a71c       0xc8 ./Drivers/STM32F4xx_HAL_Driver/Src/stm32f4xx_ll_usb.o
                0x000000000800a71c                USB_CoreInit
 .text.USB_SetTurnaroundTime
                0x000000000800a7e4      0x144 ./Drivers/STM32F4xx_HAL_Driver/Src/stm32f4xx_ll_usb.o
                0x000000000800a7e4                USB_SetTurnaroundTime
 .text.USB_EnableGlobalInt
                0x000000000800a928       0x22 ./Drivers/STM32F4xx_HAL_Driver/Src/stm32f4xx_ll_usb.o
                0x000000000800a928                USB_EnableGlobalInt
 .text.USB_DisableGlobalInt
                0x000000000800a94a       0x22 ./Drivers/STM32F4xx_HAL_Driver/Src/stm32f4xx_ll_usb.o
                0x000000000800a94a                USB_DisableGlobalInt
 .text.USB_SetCurrentMode
                0x000000000800a96c       0x98 ./Drivers/STM32F4xx_HAL_Driver/Src/stm32f4xx_ll_usb.o
                0x000000000800a96c                USB_SetCurrentMode
 .text.USB_DevInit
                0x000000000800aa04      0x2c8 ./Drivers/STM32F4xx_HAL_Driver/Src/stm32f4xx_ll_usb.o
                0x000000000800aa04                USB_DevInit
 .text.USB_FlushTxFifo
                0x000000000800accc       0x64 ./Drivers/STM32F4xx_HAL_Driver/Src/stm32f4xx_ll_usb.o
                0x000000000800accc                USB_FlushTxFifo
 .text.USB_FlushRxFifo
                0x000000000800ad30       0x5c ./Drivers/STM32F4xx_HAL_Driver/Src/stm32f4xx_ll_usb.o
                0x000000000800ad30                USB_FlushRxFifo
 .text.USB_SetDevSpeed
                0x000000000800ad8c       0x32 ./Drivers/STM32F4xx_HAL_Driver/Src/stm32f4xx_ll_usb.o
                0x000000000800ad8c                USB_SetDevSpeed
 .text.USB_GetDevSpeed
                0x000000000800adbe       0x4a ./Drivers/STM32F4xx_HAL_Driver/Src/stm32f4xx_ll_usb.o
                0x000000000800adbe                USB_GetDevSpeed
 .text.USB_ActivateEndpoint
                0x000000000800ae08      0x10e ./Drivers/STM32F4xx_HAL_Driver/Src/stm32f4xx_ll_usb.o
                0x000000000800ae08                USB_ActivateEndpoint
 *fill*         0x000000000800af16        0x2 
 .text.USB_DeactivateEndpoint
                0x000000000800af18      0x1b8 ./Drivers/STM32F4xx_HAL_Driver/Src/stm32f4xx_ll_usb.o
                0x000000000800af18                USB_DeactivateEndpoint
 .text.USB_EPStartXfer
                0x000000000800b0d0      0x530 ./Drivers/STM32F4xx_HAL_Driver/Src/stm32f4xx_ll_usb.o
                0x000000000800b0d0                USB_EPStartXfer
 .text.USB_EPStopXfer
                0x000000000800b600      0x154 ./Drivers/STM32F4xx_HAL_Driver/Src/stm32f4xx_ll_usb.o
                0x000000000800b600                USB_EPStopXfer
 .text.USB_WritePacket
                0x000000000800b754       0x7c ./Drivers/STM32F4xx_HAL_Driver/Src/stm32f4xx_ll_usb.o
                0x000000000800b754                USB_WritePacket
 .text.USB_ReadPacket
                0x000000000800b7d0       0xb0 ./Drivers/STM32F4xx_HAL_Driver/Src/stm32f4xx_ll_usb.o
                0x000000000800b7d0                USB_ReadPacket
 .text.USB_EPSetStall
                0x000000000800b880       0xdc ./Drivers/STM32F4xx_HAL_Driver/Src/stm32f4xx_ll_usb.o
                0x000000000800b880                USB_EPSetStall
 .text.USB_EPClearStall
                0x000000000800b95c       0xcc ./Drivers/STM32F4xx_HAL_Driver/Src/stm32f4xx_ll_usb.o
                0x000000000800b95c                USB_EPClearStall
 .text.USB_SetDevAddress
                0x000000000800ba28       0x4c ./Drivers/STM32F4xx_HAL_Driver/Src/stm32f4xx_ll_usb.o
                0x000000000800ba28                USB_SetDevAddress
 .text.USB_DevConnect
                0x000000000800ba74       0x42 ./Drivers/STM32F4xx_HAL_Driver/Src/stm32f4xx_ll_usb.o
                0x000000000800ba74                USB_DevConnect
 .text.USB_DevDisconnect
                0x000000000800bab6       0x42 ./Drivers/STM32F4xx_HAL_Driver/Src/stm32f4xx_ll_usb.o
                0x000000000800bab6                USB_DevDisconnect
 .text.USB_ReadInterrupts
                0x000000000800baf8       0x26 ./Drivers/STM32F4xx_HAL_Driver/Src/stm32f4xx_ll_usb.o
                0x000000000800baf8                USB_ReadInterrupts
 .text.USB_ReadDevAllOutEpInterrupt
                0x000000000800bb1e       0x34 ./Drivers/STM32F4xx_HAL_Driver/Src/stm32f4xx_ll_usb.o
                0x000000000800bb1e                USB_ReadDevAllOutEpInterrupt
 .text.USB_ReadDevAllInEpInterrupt
                0x000000000800bb52       0x34 ./Drivers/STM32F4xx_HAL_Driver/Src/stm32f4xx_ll_usb.o
                0x000000000800bb52                USB_ReadDevAllInEpInterrupt
 .text.USB_ReadDevOutEPInterrupt
                0x000000000800bb86       0x3c ./Drivers/STM32F4xx_HAL_Driver/Src/stm32f4xx_ll_usb.o
                0x000000000800bb86                USB_ReadDevOutEPInterrupt
 .text.USB_ReadDevInEPInterrupt
                0x000000000800bbc2       0x5c ./Drivers/STM32F4xx_HAL_Driver/Src/stm32f4xx_ll_usb.o
                0x000000000800bbc2                USB_ReadDevInEPInterrupt
 .text.USB_GetMode
                0x000000000800bc1e       0x1c ./Drivers/STM32F4xx_HAL_Driver/Src/stm32f4xx_ll_usb.o
                0x000000000800bc1e                USB_GetMode
 .text.USB_ActivateSetup
                0x000000000800bc3a       0x46 ./Drivers/STM32F4xx_HAL_Driver/Src/stm32f4xx_ll_usb.o
                0x000000000800bc3a                USB_ActivateSetup
 .text.USB_EP0_OutStart
                0x000000000800bc80       0xbc ./Drivers/STM32F4xx_HAL_Driver/Src/stm32f4xx_ll_usb.o
                0x000000000800bc80                USB_EP0_OutStart
 .text.USB_CoreReset
                0x000000000800bd3c       0x62 ./Drivers/STM32F4xx_HAL_Driver/Src/stm32f4xx_ll_usb.o
 *fill*         0x000000000800bd9e        0x2 
 .text.USBD_CDC_Init
                0x000000000800bda0      0x1f0 ./Middlewares/ST/STM32_USB_Device_Library/Class/CDC/Src/usbd_cdc.o
 .text.USBD_CDC_DeInit
                0x000000000800bf90      0x104 ./Middlewares/ST/STM32_USB_Device_Library/Class/CDC/Src/usbd_cdc.o
 .text.USBD_CDC_Setup
                0x000000000800c094      0x1b8 ./Middlewares/ST/STM32_USB_Device_Library/Class/CDC/Src/usbd_cdc.o
 .text.USBD_CDC_DataIn
                0x000000000800c24c       0xfe ./Middlewares/ST/STM32_USB_Device_Library/Class/CDC/Src/usbd_cdc.o
 .text.USBD_CDC_DataOut
                0x000000000800c34a       0x70 ./Middlewares/ST/STM32_USB_Device_Library/Class/CDC/Src/usbd_cdc.o
 .text.USBD_CDC_EP0_RxReady
                0x000000000800c3ba       0x76 ./Middlewares/ST/STM32_USB_Device_Library/Class/CDC/Src/usbd_cdc.o
 .text.USBD_CDC_GetFSCfgDesc
                0x000000000800c430       0x70 ./Middlewares/ST/STM32_USB_Device_Library/Class/CDC/Src/usbd_cdc.o
 .text.USBD_CDC_GetHSCfgDesc
                0x000000000800c4a0       0x70 ./Middlewares/ST/STM32_USB_Device_Library/Class/CDC/Src/usbd_cdc.o
 .text.USBD_CDC_GetOtherSpeedCfgDesc
                0x000000000800c510       0x70 ./Middlewares/ST/STM32_USB_Device_Library/Class/CDC/Src/usbd_cdc.o
 .text.USBD_CDC_GetDeviceQualifierDescriptor
                0x000000000800c580       0x20 ./Middlewares/ST/STM32_USB_Device_Library/Class/CDC/Src/usbd_cdc.o
                0x000000000800c580                USBD_CDC_GetDeviceQualifierDescriptor
 .text.USBD_CDC_RegisterInterface
                0x000000000800c5a0       0x34 ./Middlewares/ST/STM32_USB_Device_Library/Class/CDC/Src/usbd_cdc.o
                0x000000000800c5a0                USBD_CDC_RegisterInterface
 .text.USBD_CDC_SetTxBuffer
                0x000000000800c5d4       0x44 ./Middlewares/ST/STM32_USB_Device_Library/Class/CDC/Src/usbd_cdc.o
                0x000000000800c5d4                USBD_CDC_SetTxBuffer
 .text.USBD_CDC_SetRxBuffer
                0x000000000800c618       0x3a ./Middlewares/ST/STM32_USB_Device_Library/Class/CDC/Src/usbd_cdc.o
                0x000000000800c618                USBD_CDC_SetRxBuffer
 *fill*         0x000000000800c652        0x2 
 .text.USBD_CDC_TransmitPacket
                0x000000000800c654       0x80 ./Middlewares/ST/STM32_USB_Device_Library/Class/CDC/Src/usbd_cdc.o
                0x000000000800c654                USBD_CDC_TransmitPacket
 .text.USBD_CDC_ReceivePacket
                0x000000000800c6d4       0x6c ./Middlewares/ST/STM32_USB_Device_Library/Class/CDC/Src/usbd_cdc.o
                0x000000000800c6d4                USBD_CDC_ReceivePacket
 .text.USBD_Init
                0x000000000800c740       0x60 ./Middlewares/ST/STM32_USB_Device_Library/Core/Src/usbd_core.o
                0x000000000800c740                USBD_Init
 .text.USBD_RegisterClass
                0x000000000800c7a0       0x6c ./Middlewares/ST/STM32_USB_Device_Library/Core/Src/usbd_core.o
                0x000000000800c7a0                USBD_RegisterClass
 .text.USBD_Start
                0x000000000800c80c       0x18 ./Middlewares/ST/STM32_USB_Device_Library/Core/Src/usbd_core.o
                0x000000000800c80c                USBD_Start
 .text.USBD_RunTestMode
                0x000000000800c824       0x16 ./Middlewares/ST/STM32_USB_Device_Library/Core/Src/usbd_core.o
                0x000000000800c824                USBD_RunTestMode
 .text.USBD_SetClassConfig
                0x000000000800c83a       0x38 ./Middlewares/ST/STM32_USB_Device_Library/Core/Src/usbd_core.o
                0x000000000800c83a                USBD_SetClassConfig
 .text.USBD_ClrClassConfig
                0x000000000800c872       0x34 ./Middlewares/ST/STM32_USB_Device_Library/Core/Src/usbd_core.o
                0x000000000800c872                USBD_ClrClassConfig
 .text.USBD_LL_SetupStage
                0x000000000800c8a6       0xaa ./Middlewares/ST/STM32_USB_Device_Library/Core/Src/usbd_core.o
                0x000000000800c8a6                USBD_LL_SetupStage
 .text.USBD_LL_DataOutStage
                0x000000000800c950      0x166 ./Middlewares/ST/STM32_USB_Device_Library/Core/Src/usbd_core.o
                0x000000000800c950                USBD_LL_DataOutStage
 .text.USBD_LL_DataInStage
                0x000000000800cab6      0x164 ./Middlewares/ST/STM32_USB_Device_Library/Core/Src/usbd_core.o
                0x000000000800cab6                USBD_LL_DataInStage
 .text.USBD_LL_Reset
                0x000000000800cc1a       0xa4 ./Middlewares/ST/STM32_USB_Device_Library/Core/Src/usbd_core.o
                0x000000000800cc1a                USBD_LL_Reset
 .text.USBD_LL_SetSpeed
                0x000000000800ccbe       0x20 ./Middlewares/ST/STM32_USB_Device_Library/Core/Src/usbd_core.o
                0x000000000800ccbe                USBD_LL_SetSpeed
 .text.USBD_LL_Suspend
                0x000000000800ccde       0x38 ./Middlewares/ST/STM32_USB_Device_Library/Core/Src/usbd_core.o
                0x000000000800ccde                USBD_LL_Suspend
 .text.USBD_LL_Resume
                0x000000000800cd16       0x30 ./Middlewares/ST/STM32_USB_Device_Library/Core/Src/usbd_core.o
                0x000000000800cd16                USBD_LL_Resume
 .text.USBD_LL_SOF
                0x000000000800cd46       0x40 ./Middlewares/ST/STM32_USB_Device_Library/Core/Src/usbd_core.o
                0x000000000800cd46                USBD_LL_SOF
 .text.USBD_LL_IsoINIncomplete
                0x000000000800cd86       0x64 ./Middlewares/ST/STM32_USB_Device_Library/Core/Src/usbd_core.o
                0x000000000800cd86                USBD_LL_IsoINIncomplete
 .text.USBD_LL_IsoOUTIncomplete
                0x000000000800cdea       0x64 ./Middlewares/ST/STM32_USB_Device_Library/Core/Src/usbd_core.o
                0x000000000800cdea                USBD_LL_IsoOUTIncomplete
 .text.USBD_LL_DevConnected
                0x000000000800ce4e       0x16 ./Middlewares/ST/STM32_USB_Device_Library/Core/Src/usbd_core.o
                0x000000000800ce4e                USBD_LL_DevConnected
 .text.USBD_LL_DevDisconnected
                0x000000000800ce64       0x46 ./Middlewares/ST/STM32_USB_Device_Library/Core/Src/usbd_core.o
                0x000000000800ce64                USBD_LL_DevDisconnected
 .text.USBD_CoreFindIF
                0x000000000800ceaa       0x1a ./Middlewares/ST/STM32_USB_Device_Library/Core/Src/usbd_core.o
                0x000000000800ceaa                USBD_CoreFindIF
 .text.USBD_CoreFindEP
                0x000000000800cec4       0x1a ./Middlewares/ST/STM32_USB_Device_Library/Core/Src/usbd_core.o
                0x000000000800cec4                USBD_CoreFindEP
 .text.USBD_GetEpDesc
                0x000000000800cede       0x74 ./Middlewares/ST/STM32_USB_Device_Library/Core/Src/usbd_core.o
                0x000000000800cede                USBD_GetEpDesc
 .text.USBD_GetNextDesc
                0x000000000800cf52       0x3a ./Middlewares/ST/STM32_USB_Device_Library/Core/Src/usbd_core.o
                0x000000000800cf52                USBD_GetNextDesc
 .text.SWAPBYTE
                0x000000000800cf8c       0x3c ./Middlewares/ST/STM32_USB_Device_Library/Core/Src/usbd_ctlreq.o
 .text.USBD_StdDevReq
                0x000000000800cfc8       0xe4 ./Middlewares/ST/STM32_USB_Device_Library/Core/Src/usbd_ctlreq.o
                0x000000000800cfc8                USBD_StdDevReq
 .text.USBD_StdItfReq
                0x000000000800d0ac       0xd8 ./Middlewares/ST/STM32_USB_Device_Library/Core/Src/usbd_ctlreq.o
                0x000000000800d0ac                USBD_StdItfReq
 .text.USBD_StdEPReq
                0x000000000800d184      0x33a ./Middlewares/ST/STM32_USB_Device_Library/Core/Src/usbd_ctlreq.o
                0x000000000800d184                USBD_StdEPReq
 *fill*         0x000000000800d4be        0x2 
 .text.USBD_GetDescriptor
                0x000000000800d4c0      0x2d4 ./Middlewares/ST/STM32_USB_Device_Library/Core/Src/usbd_ctlreq.o
 .text.USBD_SetAddress
                0x000000000800d794       0x88 ./Middlewares/ST/STM32_USB_Device_Library/Core/Src/usbd_ctlreq.o
 .text.USBD_SetConfig
                0x000000000800d81c      0x154 ./Middlewares/ST/STM32_USB_Device_Library/Core/Src/usbd_ctlreq.o
 .text.USBD_GetConfig
                0x000000000800d970       0x6c ./Middlewares/ST/STM32_USB_Device_Library/Core/Src/usbd_ctlreq.o
 .text.USBD_GetStatus
                0x000000000800d9dc       0x68 ./Middlewares/ST/STM32_USB_Device_Library/Core/Src/usbd_ctlreq.o
 .text.USBD_SetFeature
                0x000000000800da44       0x52 ./Middlewares/ST/STM32_USB_Device_Library/Core/Src/usbd_ctlreq.o
 .text.USBD_ClrFeature
                0x000000000800da96       0x44 ./Middlewares/ST/STM32_USB_Device_Library/Core/Src/usbd_ctlreq.o
 .text.USBD_ParseSetupRequest
                0x000000000800dada       0x74 ./Middlewares/ST/STM32_USB_Device_Library/Core/Src/usbd_ctlreq.o
                0x000000000800dada                USBD_ParseSetupRequest
 .text.USBD_CtlError
                0x000000000800db4e       0x22 ./Middlewares/ST/STM32_USB_Device_Library/Core/Src/usbd_ctlreq.o
                0x000000000800db4e                USBD_CtlError
 .text.USBD_GetString
                0x000000000800db70       0x8c ./Middlewares/ST/STM32_USB_Device_Library/Core/Src/usbd_ctlreq.o
                0x000000000800db70                USBD_GetString
 .text.USBD_GetLen
                0x000000000800dbfc       0x34 ./Middlewares/ST/STM32_USB_Device_Library/Core/Src/usbd_ctlreq.o
 .text.USBD_CtlSendData
                0x000000000800dc30       0x36 ./Middlewares/ST/STM32_USB_Device_Library/Core/Src/usbd_ioreq.o
                0x000000000800dc30                USBD_CtlSendData
 .text.USBD_CtlContinueSendData
                0x000000000800dc66       0x22 ./Middlewares/ST/STM32_USB_Device_Library/Core/Src/usbd_ioreq.o
                0x000000000800dc66                USBD_CtlContinueSendData
 .text.USBD_CtlPrepareRx
                0x000000000800dc88       0x3a ./Middlewares/ST/STM32_USB_Device_Library/Core/Src/usbd_ioreq.o
                0x000000000800dc88                USBD_CtlPrepareRx
 .text.USBD_CtlContinueRx
                0x000000000800dcc2       0x22 ./Middlewares/ST/STM32_USB_Device_Library/Core/Src/usbd_ioreq.o
                0x000000000800dcc2                USBD_CtlContinueRx
 .text.USBD_CtlSendStatus
                0x000000000800dce4       0x26 ./Middlewares/ST/STM32_USB_Device_Library/Core/Src/usbd_ioreq.o
                0x000000000800dce4                USBD_CtlSendStatus
 .text.USBD_CtlReceiveStatus
                0x000000000800dd0a       0x26 ./Middlewares/ST/STM32_USB_Device_Library/Core/Src/usbd_ioreq.o
                0x000000000800dd0a                USBD_CtlReceiveStatus
 .text.makeFreeRtosPriority
                0x000000000800dd30       0x30 ./Middlewares/Third_Party/FreeRTOS/Source/CMSIS_RTOS/cmsis_os.o
 .text.osKernelStart
                0x000000000800dd60        0xe ./Middlewares/Third_Party/FreeRTOS/Source/CMSIS_RTOS/cmsis_os.o
                0x000000000800dd60                osKernelStart
 .text.osThreadCreate
                0x000000000800dd6e       0x98 ./Middlewares/Third_Party/FreeRTOS/Source/CMSIS_RTOS/cmsis_os.o
                0x000000000800dd6e                osThreadCreate
 .text.osDelay  0x000000000800de06       0x28 ./Middlewares/Third_Party/FreeRTOS/Source/CMSIS_RTOS/cmsis_os.o
                0x000000000800de06                osDelay
 .text.vListInitialise
                0x000000000800de2e       0x40 ./Middlewares/Third_Party/FreeRTOS/Source/list.o
                0x000000000800de2e                vListInitialise
 .text.vListInitialiseItem
                0x000000000800de6e       0x1a ./Middlewares/Third_Party/FreeRTOS/Source/list.o
                0x000000000800de6e                vListInitialiseItem
 .text.vListInsertEnd
                0x000000000800de88       0x48 ./Middlewares/Third_Party/FreeRTOS/Source/list.o
                0x000000000800de88                vListInsertEnd
 .text.vListInsert
                0x000000000800ded0       0x72 ./Middlewares/Third_Party/FreeRTOS/Source/list.o
                0x000000000800ded0                vListInsert
 .text.uxListRemove
                0x000000000800df42       0x54 ./Middlewares/Third_Party/FreeRTOS/Source/list.o
                0x000000000800df42                uxListRemove
 .text.xTaskCreateStatic
                0x000000000800df96       0xba ./Middlewares/Third_Party/FreeRTOS/Source/tasks.o
                0x000000000800df96                xTaskCreateStatic
 .text.xTaskCreate
                0x000000000800e050       0x8a ./Middlewares/Third_Party/FreeRTOS/Source/tasks.o
                0x000000000800e050                xTaskCreate
 .text.prvInitialiseNewTask
                0x000000000800e0da      0x10e ./Middlewares/Third_Party/FreeRTOS/Source/tasks.o
 .text.prvAddNewTaskToReadyList
                0x000000000800e1e8       0xd4 ./Middlewares/Third_Party/FreeRTOS/Source/tasks.o
 .text.vTaskDelay
                0x000000000800e2bc       0x68 ./Middlewares/Third_Party/FreeRTOS/Source/tasks.o
                0x000000000800e2bc                vTaskDelay
 .text.vTaskStartScheduler
                0x000000000800e324       0xc0 ./Middlewares/Third_Party/FreeRTOS/Source/tasks.o
                0x000000000800e324                vTaskStartScheduler
 .text.vTaskSuspendAll
                0x000000000800e3e4       0x1c ./Middlewares/Third_Party/FreeRTOS/Source/tasks.o
                0x000000000800e3e4                vTaskSuspendAll
 .text.xTaskResumeAll
                0x000000000800e400      0x138 ./Middlewares/Third_Party/FreeRTOS/Source/tasks.o
                0x000000000800e400                xTaskResumeAll
 .text.xTaskIncrementTick
                0x000000000800e538      0x170 ./Middlewares/Third_Party/FreeRTOS/Source/tasks.o
                0x000000000800e538                xTaskIncrementTick
 .text.vTaskSwitchContext
                0x000000000800e6a8       0xb8 ./Middlewares/Third_Party/FreeRTOS/Source/tasks.o
                0x000000000800e6a8                vTaskSwitchContext
 .text.prvIdleTask
                0x000000000800e760       0x30 ./Middlewares/Third_Party/FreeRTOS/Source/tasks.o
 .text.prvInitialiseTaskLists
                0x000000000800e790       0x80 ./Middlewares/Third_Party/FreeRTOS/Source/tasks.o
 .text.prvCheckTasksWaitingTermination
                0x000000000800e810       0x5c ./Middlewares/Third_Party/FreeRTOS/Source/tasks.o
 .text.prvDeleteTCB
                0x000000000800e86c       0x5e ./Middlewares/Third_Party/FreeRTOS/Source/tasks.o
 *fill*         0x000000000800e8ca        0x2 
 .text.prvResetNextTaskUnblockTime
                0x000000000800e8cc       0x40 ./Middlewares/Third_Party/FreeRTOS/Source/tasks.o
 .text.prvAddCurrentTaskToDelayedList
                0x000000000800e90c       0xcc ./Middlewares/Third_Party/FreeRTOS/Source/tasks.o
 .text.pxPortInitialiseStack
                0x000000000800e9d8       0x68 ./Middlewares/Third_Party/FreeRTOS/Source/portable/GCC/ARM_CM4F/port.o
                0x000000000800e9d8                pxPortInitialiseStack
 .text.prvTaskExitError
                0x000000000800ea40       0x58 ./Middlewares/Third_Party/FreeRTOS/Source/portable/GCC/ARM_CM4F/port.o
 *fill*         0x000000000800ea98        0x8 
 .text.SVC_Handler
                0x000000000800eaa0       0x28 ./Middlewares/Third_Party/FreeRTOS/Source/portable/GCC/ARM_CM4F/port.o
                0x000000000800eaa0                SVC_Handler
 .text.prvPortStartFirstTask
                0x000000000800eac8       0x28 ./Middlewares/Third_Party/FreeRTOS/Source/portable/GCC/ARM_CM4F/port.o
 .text.xPortStartScheduler
                0x000000000800eaf0      0x144 ./Middlewares/Third_Party/FreeRTOS/Source/portable/GCC/ARM_CM4F/port.o
                0x000000000800eaf0                xPortStartScheduler
 .text.vPortEnterCritical
                0x000000000800ec34       0x60 ./Middlewares/Third_Party/FreeRTOS/Source/portable/GCC/ARM_CM4F/port.o
                0x000000000800ec34                vPortEnterCritical
 .text.vPortExitCritical
                0x000000000800ec94       0x54 ./Middlewares/Third_Party/FreeRTOS/Source/portable/GCC/ARM_CM4F/port.o
                0x000000000800ec94                vPortExitCritical
 *fill*         0x000000000800ece8        0x8 
 .text.PendSV_Handler
                0x000000000800ecf0       0x68 ./Middlewares/Third_Party/FreeRTOS/Source/portable/GCC/ARM_CM4F/port.o
                0x000000000800ecf0                PendSV_Handler
 .text.SysTick_Handler
                0x000000000800ed58       0x44 ./Middlewares/Third_Party/FreeRTOS/Source/portable/GCC/ARM_CM4F/port.o
                0x000000000800ed58                SysTick_Handler
 .text.vPortSetupTimerInterrupt
                0x000000000800ed9c       0x48 ./Middlewares/Third_Party/FreeRTOS/Source/portable/GCC/ARM_CM4F/port.o
                0x000000000800ed9c                vPortSetupTimerInterrupt
 .text.vPortEnableVFP
                0x000000000800ede4       0x14 ./Middlewares/Third_Party/FreeRTOS/Source/portable/GCC/ARM_CM4F/port.o
 .text.pvPortMalloc
                0x000000000800edf8      0x198 ./Middlewares/Third_Party/FreeRTOS/Source/portable/MemMang/heap_4.o
                0x000000000800edf8                pvPortMalloc
 .text.vPortFree
                0x000000000800ef90       0xc4 ./Middlewares/Third_Party/FreeRTOS/Source/portable/MemMang/heap_4.o
                0x000000000800ef90                vPortFree
 .text.prvHeapInit
                0x000000000800f054       0xc4 ./Middlewares/Third_Party/FreeRTOS/Source/portable/MemMang/heap_4.o
 .text.prvInsertBlockIntoFreeList
                0x000000000800f118       0xb4 ./Middlewares/Third_Party/FreeRTOS/Source/portable/MemMang/heap_4.o
 .text.MX_USB_DEVICE_Init
                0x000000000800f1cc       0x60 ./USB_DEVICE/App/usb_device.o
                0x000000000800f1cc                MX_USB_DEVICE_Init
 .text.CDC_Init_FS
                0x000000000800f22c       0x28 ./USB_DEVICE/App/usbd_cdc_if.o
 .text.CDC_DeInit_FS
                0x000000000800f254       0x10 ./USB_DEVICE/App/usbd_cdc_if.o
 .text.CDC_Control_FS
                0x000000000800f264       0xbc ./USB_DEVICE/App/usbd_cdc_if.o
 .text.CDC_Receive_FS
                0x000000000800f320       0x54 ./USB_DEVICE/App/usbd_cdc_if.o
 .text.CDC_Transmit_FS
                0x000000000800f374       0x4c ./USB_DEVICE/App/usbd_cdc_if.o
                0x000000000800f374                CDC_Transmit_FS
 .text.CDC_TransmitCplt_FS
                0x000000000800f3c0       0x22 ./USB_DEVICE/App/usbd_cdc_if.o
 *fill*         0x000000000800f3e2        0x2 
 .text.USBD_FS_DeviceDescriptor
                0x000000000800f3e4       0x24 ./USB_DEVICE/App/usbd_desc.o
                0x000000000800f3e4                USBD_FS_DeviceDescriptor
 .text.USBD_FS_LangIDStrDescriptor
                0x000000000800f408       0x24 ./USB_DEVICE/App/usbd_desc.o
                0x000000000800f408                USBD_FS_LangIDStrDescriptor
 .text.USBD_FS_ProductStrDescriptor
                0x000000000800f42c       0x3c ./USB_DEVICE/App/usbd_desc.o
                0x000000000800f42c                USBD_FS_ProductStrDescriptor
 .text.USBD_FS_ManufacturerStrDescriptor
                0x000000000800f468       0x28 ./USB_DEVICE/App/usbd_desc.o
                0x000000000800f468                USBD_FS_ManufacturerStrDescriptor
 .text.USBD_FS_SerialStrDescriptor
                0x000000000800f490       0x24 ./USB_DEVICE/App/usbd_desc.o
                0x000000000800f490                USBD_FS_SerialStrDescriptor
 .text.USBD_FS_ConfigStrDescriptor
                0x000000000800f4b4       0x3c ./USB_DEVICE/App/usbd_desc.o
                0x000000000800f4b4                USBD_FS_ConfigStrDescriptor
 .text.USBD_FS_InterfaceStrDescriptor
                0x000000000800f4f0       0x3c ./USB_DEVICE/App/usbd_desc.o
                0x000000000800f4f0                USBD_FS_InterfaceStrDescriptor
 .text.Get_SerialNum
                0x000000000800f52c       0x58 ./USB_DEVICE/App/usbd_desc.o
 .text.IntToUnicode
                0x000000000800f584       0x7e ./USB_DEVICE/App/usbd_desc.o
 *fill*         0x000000000800f602        0x2 
 .text.HAL_PCD_MspInit
                0x000000000800f604       0xa8 ./USB_DEVICE/Target/usbd_conf.o
                0x000000000800f604                HAL_PCD_MspInit
 .text.HAL_PCD_SetupStageCallback
                0x000000000800f6ac       0x24 ./USB_DEVICE/Target/usbd_conf.o
                0x000000000800f6ac                HAL_PCD_SetupStageCallback
 .text.HAL_PCD_DataOutStageCallback
                0x000000000800f6d0       0x36 ./USB_DEVICE/Target/usbd_conf.o
                0x000000000800f6d0                HAL_PCD_DataOutStageCallback
 .text.HAL_PCD_DataInStageCallback
                0x000000000800f706       0x34 ./USB_DEVICE/Target/usbd_conf.o
                0x000000000800f706                HAL_PCD_DataInStageCallback
 .text.HAL_PCD_SOFCallback
                0x000000000800f73a       0x1c ./USB_DEVICE/Target/usbd_conf.o
                0x000000000800f73a                HAL_PCD_SOFCallback
 .text.HAL_PCD_ResetCallback
                0x000000000800f756       0x50 ./USB_DEVICE/Target/usbd_conf.o
                0x000000000800f756                HAL_PCD_ResetCallback
 *fill*         0x000000000800f7a6        0x2 
 .text.HAL_PCD_SuspendCallback
                0x000000000800f7a8       0x4c ./USB_DEVICE/Target/usbd_conf.o
                0x000000000800f7a8                HAL_PCD_SuspendCallback
 .text.HAL_PCD_ResumeCallback
                0x000000000800f7f4       0x1c ./USB_DEVICE/Target/usbd_conf.o
                0x000000000800f7f4                HAL_PCD_ResumeCallback
 .text.HAL_PCD_ISOOUTIncompleteCallback
                0x000000000800f810       0x24 ./USB_DEVICE/Target/usbd_conf.o
                0x000000000800f810                HAL_PCD_ISOOUTIncompleteCallback
 .text.HAL_PCD_ISOINIncompleteCallback
                0x000000000800f834       0x24 ./USB_DEVICE/Target/usbd_conf.o
                0x000000000800f834                HAL_PCD_ISOINIncompleteCallback
 .text.HAL_PCD_ConnectCallback
                0x000000000800f858       0x1c ./USB_DEVICE/Target/usbd_conf.o
                0x000000000800f858                HAL_PCD_ConnectCallback
 .text.HAL_PCD_DisconnectCallback
                0x000000000800f874       0x1c ./USB_DEVICE/Target/usbd_conf.o
                0x000000000800f874                HAL_PCD_DisconnectCallback
 .text.USBD_LL_Init
                0x000000000800f890       0x98 ./USB_DEVICE/Target/usbd_conf.o
                0x000000000800f890                USBD_LL_Init
 .text.USBD_LL_Start
                0x000000000800f928       0x36 ./USB_DEVICE/Target/usbd_conf.o
                0x000000000800f928                USBD_LL_Start
 .text.USBD_LL_OpenEP
                0x000000000800f95e       0x4c ./USB_DEVICE/Target/usbd_conf.o
                0x000000000800f95e                USBD_LL_OpenEP
 .text.USBD_LL_CloseEP
                0x000000000800f9aa       0x3e ./USB_DEVICE/Target/usbd_conf.o
                0x000000000800f9aa                USBD_LL_CloseEP
 .text.USBD_LL_StallEP
                0x000000000800f9e8       0x3e ./USB_DEVICE/Target/usbd_conf.o
                0x000000000800f9e8                USBD_LL_StallEP
 .text.USBD_LL_ClearStallEP
                0x000000000800fa26       0x3e ./USB_DEVICE/Target/usbd_conf.o
                0x000000000800fa26                USBD_LL_ClearStallEP
 .text.USBD_LL_IsStallEP
                0x000000000800fa64       0x58 ./USB_DEVICE/Target/usbd_conf.o
                0x000000000800fa64                USBD_LL_IsStallEP
 .text.USBD_LL_SetUSBAddress
                0x000000000800fabc       0x3e ./USB_DEVICE/Target/usbd_conf.o
                0x000000000800fabc                USBD_LL_SetUSBAddress
 .text.USBD_LL_Transmit
                0x000000000800fafa       0x42 ./USB_DEVICE/Target/usbd_conf.o
                0x000000000800fafa                USBD_LL_Transmit
 .text.USBD_LL_PrepareReceive
                0x000000000800fb3c       0x42 ./USB_DEVICE/Target/usbd_conf.o
                0x000000000800fb3c                USBD_LL_PrepareReceive
 .text.USBD_LL_GetRxDataSize
                0x000000000800fb7e       0x26 ./USB_DEVICE/Target/usbd_conf.o
                0x000000000800fb7e                USBD_LL_GetRxDataSize
 .text.USBD_static_malloc
                0x000000000800fba4       0x1c ./USB_DEVICE/Target/usbd_conf.o
                0x000000000800fba4                USBD_static_malloc
 .text.USBD_static_free
                0x000000000800fbc0       0x14 ./USB_DEVICE/Target/usbd_conf.o
                0x000000000800fbc0                USBD_static_free
 .text.USBD_Get_USB_Status
                0x000000000800fbd4       0x58 ./USB_DEVICE/Target/usbd_conf.o
                0x000000000800fbd4                USBD_Get_USB_Status
 .text.memset   0x000000000800fc2c       0x10 /opt/st/stm32cubeide_1.14.0/plugins/com.st.stm32cube.ide.mcu.externaltools.gnu-tools-for-stm32.11.3.rel1.linux64_1.1.100.202309141235/tools/bin/../lib/gcc/arm-none-eabi/11.3.1/../../../../arm-none-eabi/lib/thumb/v7e-m+fp/hard/libc_nano.a(libc_a-memset.o)
                0x000000000800fc2c                memset
 .text.__libc_init_array
                0x000000000800fc3c       0x48 /opt/st/stm32cubeide_1.14.0/plugins/com.st.stm32cube.ide.mcu.externaltools.gnu-tools-for-stm32.11.3.rel1.linux64_1.1.100.202309141235/tools/bin/../lib/gcc/arm-none-eabi/11.3.1/../../../../arm-none-eabi/lib/thumb/v7e-m+fp/hard/libc_nano.a(libc_a-init.o)
                0x000000000800fc3c                __libc_init_array
 .text.memcpy   0x000000000800fc84       0x1c /opt/st/stm32cubeide_1.14.0/plugins/com.st.stm32cube.ide.mcu.externaltools.gnu-tools-for-stm32.11.3.rel1.linux64_1.1.100.202309141235/tools/bin/../lib/gcc/arm-none-eabi/11.3.1/../../../../arm-none-eabi/lib/thumb/v7e-m+fp/hard/libc_nano.a(libc_a-memcpy-stub.o)
                0x000000000800fc84                memcpy
 .text.fmax     0x000000000800fca0       0x4e /opt/st/stm32cubeide_1.14.0/plugins/com.st.stm32cube.ide.mcu.externaltools.gnu-tools-for-stm32.11.3.rel1.linux64_1.1.100.202309141235/tools/bin/../lib/gcc/arm-none-eabi/11.3.1/../../../../arm-none-eabi/lib/thumb/v7e-m+fp/hard/libm.a(libm_a-s_fmax.o)
                0x000000000800fca0                fmax
 *fill*         0x000000000800fcee        0x2 
 .text.__fpclassifyd
                0x000000000800fcf0       0x54 /opt/st/stm32cubeide_1.14.0/plugins/com.st.stm32cube.ide.mcu.externaltools.gnu-tools-for-stm32.11.3.rel1.linux64_1.1.100.202309141235/tools/bin/../lib/gcc/arm-none-eabi/11.3.1/../../../../arm-none-eabi/lib/thumb/v7e-m+fp/hard/libm.a(libm_a-s_fpclassify.o)
                0x000000000800fcf0                __fpclassifyd
 .text.round    0x000000000800fd44       0x90 /opt/st/stm32cubeide_1.14.0/plugins/com.st.stm32cube.ide.mcu.externaltools.gnu-tools-for-stm32.11.3.rel1.linux64_1.1.100.202309141235/tools/bin/../lib/gcc/arm-none-eabi/11.3.1/../../../../arm-none-eabi/lib/thumb/v7e-m+fp/hard/libm.a(libm_a-s_round.o)
                0x000000000800fd44                round
 *(.glue_7)
 .glue_7        0x000000000800fdd4        0x0 linker stubs
 *(.glue_7t)
 .glue_7t       0x000000000800fdd4        0x0 linker stubs
 *(.eh_frame)
 .eh_frame      0x000000000800fdd4        0x0 /opt/st/stm32cubeide_1.14.0/plugins/com.st.stm32cube.ide.mcu.externaltools.gnu-tools-for-stm32.11.3.rel1.linux64_1.1.100.202309141235/tools/bin/../lib/gcc/arm-none-eabi/11.3.1/thumb/v7e-m+fp/hard/crtbegin.o
 *(.init)
 .init          0x000000000800fdd4        0x4 /opt/st/stm32cubeide_1.14.0/plugins/com.st.stm32cube.ide.mcu.externaltools.gnu-tools-for-stm32.11.3.rel1.linux64_1.1.100.202309141235/tools/bin/../lib/gcc/arm-none-eabi/11.3.1/thumb/v7e-m+fp/hard/crti.o
                0x000000000800fdd4                _init
 .init          0x000000000800fdd8        0x8 /opt/st/stm32cubeide_1.14.0/plugins/com.st.stm32cube.ide.mcu.externaltools.gnu-tools-for-stm32.11.3.rel1.linux64_1.1.100.202309141235/tools/bin/../lib/gcc/arm-none-eabi/11.3.1/thumb/v7e-m+fp/hard/crtn.o
 *(.fini)
 .fini          0x000000000800fde0        0x4 /opt/st/stm32cubeide_1.14.0/plugins/com.st.stm32cube.ide.mcu.externaltools.gnu-tools-for-stm32.11.3.rel1.linux64_1.1.100.202309141235/tools/bin/../lib/gcc/arm-none-eabi/11.3.1/thumb/v7e-m+fp/hard/crti.o
                0x000000000800fde0                _fini
 .fini          0x000000000800fde4        0x8 /opt/st/stm32cubeide_1.14.0/plugins/com.st.stm32cube.ide.mcu.externaltools.gnu-tools-for-stm32.11.3.rel1.linux64_1.1.100.202309141235/tools/bin/../lib/gcc/arm-none-eabi/11.3.1/thumb/v7e-m+fp/hard/crtn.o
                0x000000000800fdec                . = ALIGN (0x4)
                0x000000000800fdec                _etext = .

.vfp11_veneer   0x000000000800fdec        0x0
 .vfp11_veneer  0x000000000800fdec        0x0 linker stubs

.v4_bx          0x000000000800fdec        0x0
 .v4_bx         0x000000000800fdec        0x0 linker stubs

.iplt           0x000000000800fdec        0x0
 .iplt          0x000000000800fdec        0x0 /opt/st/stm32cubeide_1.14.0/plugins/com.st.stm32cube.ide.mcu.externaltools.gnu-tools-for-stm32.11.3.rel1.linux64_1.1.100.202309141235/tools/bin/../lib/gcc/arm-none-eabi/11.3.1/thumb/v7e-m+fp/hard/crtbegin.o

.rodata         0x000000000800fdec      0x180
                0x000000000800fdec                . = ALIGN (0x4)
 *(.rodata)
 .rodata        0x000000000800fdec      0x110 ./Core/Src/main.o
 .rodata        0x000000000800fefc        0x5 ./Middlewares/Third_Party/FreeRTOS/Source/tasks.o
 *fill*         0x000000000800ff01        0x3 
 .rodata        0x000000000800ff04       0x46 ./USB_DEVICE/App/usbd_desc.o
 *(.rodata*)
 *fill*         0x000000000800ff4a        0x2 
 .rodata.AHBPrescTable
                0x000000000800ff4c       0x10 ./Core/Src/system_stm32f4xx.o
                0x000000000800ff4c                AHBPrescTable
 .rodata.APBPrescTable
                0x000000000800ff5c        0x8 ./Core/Src/system_stm32f4xx.o
                0x000000000800ff5c                APBPrescTable
 .rodata.flagBitshiftOffset.0
                0x000000000800ff64        0x8 ./Drivers/STM32F4xx_HAL_Driver/Src/stm32f4xx_hal_dma.o
                0x000000000800ff6c                . = ALIGN (0x4)

.ARM.extab      0x000000000800ff6c        0x0
                0x000000000800ff6c                . = ALIGN (0x4)
 *(.ARM.extab* .gnu.linkonce.armextab.*)
                0x000000000800ff6c                . = ALIGN (0x4)

.ARM            0x000000000800ff6c        0x8
                0x000000000800ff6c                . = ALIGN (0x4)
                0x000000000800ff6c                __exidx_start = .
 *(.ARM.exidx*)
 .ARM.exidx     0x000000000800ff6c        0x8 /opt/st/stm32cubeide_1.14.0/plugins/com.st.stm32cube.ide.mcu.externaltools.gnu-tools-for-stm32.11.3.rel1.linux64_1.1.100.202309141235/tools/bin/../lib/gcc/arm-none-eabi/11.3.1/thumb/v7e-m+fp/hard/libgcc.a(_udivmoddi4.o)
                0x000000000800ff74                __exidx_end = .
                0x000000000800ff74                . = ALIGN (0x4)

.rel.dyn        0x000000000800ff74        0x0
 .rel.iplt      0x000000000800ff74        0x0 /opt/st/stm32cubeide_1.14.0/plugins/com.st.stm32cube.ide.mcu.externaltools.gnu-tools-for-stm32.11.3.rel1.linux64_1.1.100.202309141235/tools/bin/../lib/gcc/arm-none-eabi/11.3.1/thumb/v7e-m+fp/hard/crtbegin.o

.preinit_array  0x000000000800ff74        0x0
                0x000000000800ff74                . = ALIGN (0x4)
                0x000000000800ff74                PROVIDE (__preinit_array_start = .)
 *(.preinit_array*)
                0x000000000800ff74                PROVIDE (__preinit_array_end = .)
                0x000000000800ff74                . = ALIGN (0x4)

.init_array     0x000000000800ff74        0x4
                0x000000000800ff74                . = ALIGN (0x4)
                0x000000000800ff74                PROVIDE (__init_array_start = .)
 *(SORT_BY_NAME(.init_array.*))
 *(.init_array*)
 .init_array    0x000000000800ff74        0x4 /opt/st/stm32cubeide_1.14.0/plugins/com.st.stm32cube.ide.mcu.externaltools.gnu-tools-for-stm32.11.3.rel1.linux64_1.1.100.202309141235/tools/bin/../lib/gcc/arm-none-eabi/11.3.1/thumb/v7e-m+fp/hard/crtbegin.o
                0x000000000800ff78                PROVIDE (__init_array_end = .)
                0x000000000800ff78                . = ALIGN (0x4)

.fini_array     0x000000000800ff78        0x4
                0x000000000800ff78                . = ALIGN (0x4)
                [!provide]                        PROVIDE (__fini_array_start = .)
 *(SORT_BY_NAME(.fini_array.*))
 *(.fini_array*)
 .fini_array    0x000000000800ff78        0x4 /opt/st/stm32cubeide_1.14.0/plugins/com.st.stm32cube.ide.mcu.externaltools.gnu-tools-for-stm32.11.3.rel1.linux64_1.1.100.202309141235/tools/bin/../lib/gcc/arm-none-eabi/11.3.1/thumb/v7e-m+fp/hard/crtbegin.o
                [!provide]                        PROVIDE (__fini_array_end = .)
                0x000000000800ff7c                . = ALIGN (0x4)
                0x000000000800ff7c                _sidata = LOADADDR (.data)

.data           0x0000000020000000      0x150 load address 0x000000000800ff7c
                0x0000000020000000                . = ALIGN (0x4)
                0x0000000020000000                _sdata = .
 *(.data)
 *(.data*)
 .data.cdcHeartBeat
                0x0000000020000000        0x4 ./Core/Src/main.o
                0x0000000020000000                cdcHeartBeat
 .data.cdcTimeOut
                0x0000000020000004        0x4 ./Core/Src/main.o
                0x0000000020000004                cdcTimeOut
 .data.IMUStatus
                0x0000000020000008        0x4 ./Core/Src/main.o
                0x0000000020000008                IMUStatus
 .data.MS5803_address
                0x000000002000000c        0x1 ./Core/Src/main.o
                0x000000002000000c                MS5803_address
 .data.MS5837_address
                0x000000002000000d        0x1 ./Core/Src/main.o
                0x000000002000000d                MS5837_address
 *fill*         0x000000002000000e        0x2 
 .data.pwmCenter
                0x0000000020000010        0x4 ./Core/Src/main.o
                0x0000000020000010                pwmCenter
 .data.H_FRoffset
                0x0000000020000014        0x4 ./Core/Src/main.o
                0x0000000020000014                H_FRoffset
 .data.H_FLoffset
                0x0000000020000018        0x4 ./Core/Src/main.o
                0x0000000020000018                H_FLoffset
 .data.H_BLoffset
                0x000000002000001c        0x4 ./Core/Src/main.o
                0x000000002000001c                H_BLoffset
 .data.V_FRoffset
                0x0000000020000020        0x4 ./Core/Src/main.o
                0x0000000020000020                V_FRoffset
 .data.V_FLoffset
                0x0000000020000024        0x4 ./Core/Src/main.o
                0x0000000020000024                V_FLoffset
 .data.V_BRoffset
                0x0000000020000028        0x4 ./Core/Src/main.o
                0x0000000020000028                V_BRoffset
 .data.V_BLoffset
                0x000000002000002c        0x4 ./Core/Src/main.o
                0x000000002000002c                V_BLoffset
 .data.batt1adc_min
                0x0000000020000030        0x4 ./Core/Src/main.o
                0x0000000020000030                batt1adc_min
 .data.batt1adc_max
                0x0000000020000034        0x4 ./Core/Src/main.o
                0x0000000020000034                batt1adc_max
 .data.batt2adc_min
                0x0000000020000038        0x4 ./Core/Src/main.o
                0x0000000020000038                batt2adc_min
 .data.batt2adc_max
                0x000000002000003c        0x4 ./Core/Src/main.o
                0x000000002000003c                batt2adc_max
 .data.batt1_min
                0x0000000020000040        0x4 ./Core/Src/main.o
                0x0000000020000040                batt1_min
 .data.batt1_max
                0x0000000020000044        0x4 ./Core/Src/main.o
                0x0000000020000044                batt1_max
 .data.batt2_min
                0x0000000020000048        0x4 ./Core/Src/main.o
                0x0000000020000048                batt2_min
 .data.batt2_max
                0x000000002000004c        0x4 ./Core/Src/main.o
                0x000000002000004c                batt2_max
 .data.SystemCoreClock
                0x0000000020000050        0x4 ./Core/Src/system_stm32f4xx.o
                0x0000000020000050                SystemCoreClock
 .data.uwTickPrio
                0x0000000020000054        0x4 ./Drivers/STM32F4xx_HAL_Driver/Src/stm32f4xx_hal.o
                0x0000000020000054                uwTickPrio
 .data.uwTickFreq
                0x0000000020000058        0x1 ./Drivers/STM32F4xx_HAL_Driver/Src/stm32f4xx_hal.o
                0x0000000020000058                uwTickFreq
 *fill*         0x0000000020000059        0x3 
 .data.USBD_CDC_DeviceQualifierDesc
                0x000000002000005c        0xa ./Middlewares/ST/STM32_USB_Device_Library/Class/CDC/Src/usbd_cdc.o
 *fill*         0x0000000020000066        0x2 
 .data.USBD_CDC
                0x0000000020000068       0x38 ./Middlewares/ST/STM32_USB_Device_Library/Class/CDC/Src/usbd_cdc.o
                0x0000000020000068                USBD_CDC
 .data.USBD_CDC_CfgDesc
                0x00000000200000a0       0x43 ./Middlewares/ST/STM32_USB_Device_Library/Class/CDC/Src/usbd_cdc.o
 .data.CDCInEpAdd
                0x00000000200000e3        0x1 ./Middlewares/ST/STM32_USB_Device_Library/Class/CDC/Src/usbd_cdc.o
 .data.CDCOutEpAdd
                0x00000000200000e4        0x1 ./Middlewares/ST/STM32_USB_Device_Library/Class/CDC/Src/usbd_cdc.o
 .data.CDCCmdEpAdd
                0x00000000200000e5        0x1 ./Middlewares/ST/STM32_USB_Device_Library/Class/CDC/Src/usbd_cdc.o
 *fill*         0x00000000200000e6        0x2 
 .data.uxCriticalNesting
                0x00000000200000e8        0x4 ./Middlewares/Third_Party/FreeRTOS/Source/portable/GCC/ARM_CM4F/port.o
 .data.USBD_Interface_fops_FS
                0x00000000200000ec       0x14 ./USB_DEVICE/App/usbd_cdc_if.o
                0x00000000200000ec                USBD_Interface_fops_FS
 .data.FS_Desc  0x0000000020000100       0x1c ./USB_DEVICE/App/usbd_desc.o
                0x0000000020000100                FS_Desc
 .data.USBD_FS_DeviceDesc
                0x000000002000011c       0x12 ./USB_DEVICE/App/usbd_desc.o
                0x000000002000011c                USBD_FS_DeviceDesc
 *fill*         0x000000002000012e        0x2 
 .data.USBD_LangIDDesc
                0x0000000020000130        0x4 ./USB_DEVICE/App/usbd_desc.o
                0x0000000020000130                USBD_LangIDDesc
 .data.USBD_StringSerial
                0x0000000020000134       0x1a ./USB_DEVICE/App/usbd_desc.o
                0x0000000020000134                USBD_StringSerial
 *(.RamFunc)
 *(.RamFunc*)
                0x0000000020000150                . = ALIGN (0x4)
 *fill*         0x000000002000014e        0x2 
                0x0000000020000150                _edata = .
                0x00000000080100cc                _siccmram = LOADADDR (.ccmram)

.igot.plt       0x0000000020000150        0x0 load address 0x00000000080100cc
 .igot.plt      0x0000000020000150        0x0 /opt/st/stm32cubeide_1.14.0/plugins/com.st.stm32cube.ide.mcu.externaltools.gnu-tools-for-stm32.11.3.rel1.linux64_1.1.100.202309141235/tools/bin/../lib/gcc/arm-none-eabi/11.3.1/thumb/v7e-m+fp/hard/crtbegin.o

.ccmram         0x0000000010000000        0x0 load address 0x00000000080100cc
                0x0000000010000000                . = ALIGN (0x4)
                0x0000000010000000                _sccmram = .
 *(.ccmram)
 *(.ccmram*)
                0x0000000010000000                . = ALIGN (0x4)
                0x0000000010000000                _eccmram = .
                0x0000000010000000                . = ALIGN (0x4)

.bss            0x0000000020000150     0x63b4
                0x0000000020000150                _sbss = .
                0x0000000020000150                __bss_start__ = _sbss
 *(.bss)
 .bss           0x0000000020000150       0x1c /opt/st/stm32cubeide_1.14.0/plugins/com.st.stm32cube.ide.mcu.externaltools.gnu-tools-for-stm32.11.3.rel1.linux64_1.1.100.202309141235/tools/bin/../lib/gcc/arm-none-eabi/11.3.1/thumb/v7e-m+fp/hard/crtbegin.o
 *(.bss*)
 .bss.LED_Data  0x000000002000016c       0x2c ./Core/Src/WS2812LED.o
                0x000000002000016c                LED_Data
 .bss.pwmData   0x0000000020000198      0x274 ./Core/Src/WS2812LED.o
                0x0000000020000198                pwmData
 .bss.xIdleTaskTCBBuffer
                0x000000002000040c       0x54 ./Core/Src/freertos.o
 .bss.xIdleStack
                0x0000000020000460      0x200 ./Core/Src/freertos.o
 .bss.hadc1     0x0000000020000660       0x48 ./Core/Src/main.o
                0x0000000020000660                hadc1
 .bss.hdma_adc1
                0x00000000200006a8       0x60 ./Core/Src/main.o
                0x00000000200006a8                hdma_adc1
 .bss.hi2c1     0x0000000020000708       0x54 ./Core/Src/main.o
                0x0000000020000708                hi2c1
 .bss.htim3     0x000000002000075c       0x48 ./Core/Src/main.o
                0x000000002000075c                htim3
 .bss.htim4     0x00000000200007a4       0x48 ./Core/Src/main.o
                0x00000000200007a4                htim4
 .bss.htim5     0x00000000200007ec       0x48 ./Core/Src/main.o
                0x00000000200007ec                htim5
 .bss.htim9     0x0000000020000834       0x48 ./Core/Src/main.o
                0x0000000020000834                htim9
 .bss.hdma_tim3_ch2
                0x000000002000087c       0x60 ./Core/Src/main.o
                0x000000002000087c                hdma_tim3_ch2
 .bss.huart2    0x00000000200008dc       0x48 ./Core/Src/main.o
                0x00000000200008dc                huart2
 .bss.cdcSerialTaskHandle
                0x0000000020000924        0x4 ./Core/Src/main.o
                0x0000000020000924                cdcSerialTaskHandle
 .bss.movementTaskHandle
                0x0000000020000928        0x4 ./Core/Src/main.o
                0x0000000020000928                movementTaskHandle
 .bss.getPressureTaskHandle
                0x000000002000092c        0x4 ./Core/Src/main.o
                0x000000002000092c                getPressureTaskHandle
 .bss.stroboTaskHandle
                0x0000000020000930        0x4 ./Core/Src/main.o
                0x0000000020000930                stroboTaskHandle
 .bss.otherTaskHandle
                0x0000000020000934        0x4 ./Core/Src/main.o
                0x0000000020000934                otherTaskHandle
 .bss.pidTaskHandle
                0x0000000020000938        0x4 ./Core/Src/main.o
                0x0000000020000938                pidTaskHandle
 .bss.serialBuffer
                0x000000002000093c       0x40 ./Core/Src/main.o