Archive member included to satisfy reference by file (symbol)

/opt/st/stm32cubeide_1.14.0/plugins/com.st.stm32cube.ide.mcu.externaltools.gnu-tools-for-stm32.11.3.rel1.linux64_1.1.100.202309141235/tools/bin/../lib/gcc/arm-none-eabi/11.3.1/../../../../arm-none-eabi/lib/thumb/v7e-m+fp/hard/libc_nano.a(libc_a-exit.o)
                              /opt/st/stm32cubeide_1.14.0/plugins/com.st.stm32cube.ide.mcu.externaltools.gnu-tools-for-stm32.11.3.rel1.linux64_1.1.100.202309141235/tools/bin/../lib/gcc/arm-none-eabi/11.3.1/../../../../arm-none-eabi/lib/thumb/v7e-m+fp/hard/crt0.o (exit)
/opt/st/stm32cubeide_1.14.0/plugins/com.st.stm32cube.ide.mcu.externaltools.gnu-tools-for-stm32.11.3.rel1.linux64_1.1.100.202309141235/tools/bin/../lib/gcc/arm-none-eabi/11.3.1/../../../../arm-none-eabi/lib/thumb/v7e-m+fp/hard/libc_nano.a(libc_a-findfp.o)
                              /opt/st/stm32cubeide_1.14.0/plugins/com.st.stm32cube.ide.mcu.externaltools.gnu-tools-for-stm32.11.3.rel1.linux64_1.1.100.202309141235/tools/bin/../lib/gcc/arm-none-eabi/11.3.1/../../../../arm-none-eabi/lib/thumb/v7e-m+fp/hard/libc_nano.a(libc_a-exit.o) (__stdio_exit_handler)
/opt/st/stm32cubeide_1.14.0/plugins/com.st.stm32cube.ide.mcu.externaltools.gnu-tools-for-stm32.11.3.rel1.linux64_1.1.100.202309141235/tools/bin/../lib/gcc/arm-none-eabi/11.3.1/../../../../arm-none-eabi/lib/thumb/v7e-m+fp/hard/libc_nano.a(libc_a-fwalk.o)
                              /opt/st/stm32cubeide_1.14.0/plugins/com.st.stm32cube.ide.mcu.externaltools.gnu-tools-for-stm32.11.3.rel1.linux64_1.1.100.202309141235/tools/bin/../lib/gcc/arm-none-eabi/11.3.1/../../../../arm-none-eabi/lib/thumb/v7e-m+fp/hard/libc_nano.a(libc_a-findfp.o) (_fwalk_sglue)
/opt/st/stm32cubeide_1.14.0/plugins/com.st.stm32cube.ide.mcu.externaltools.gnu-tools-for-stm32.11.3.rel1.linux64_1.1.100.202309141235/tools/bin/../lib/gcc/arm-none-eabi/11.3.1/../../../../arm-none-eabi/lib/thumb/v7e-m+fp/hard/libc_nano.a(libc_a-stdio.o)
                              /opt/st/stm32cubeide_1.14.0/plugins/com.st.stm32cube.ide.mcu.externaltools.gnu-tools-for-stm32.11.3.rel1.linux64_1.1.100.202309141235/tools/bin/../lib/gcc/arm-none-eabi/11.3.1/../../../../arm-none-eabi/lib/thumb/v7e-m+fp/hard/libc_nano.a(libc_a-findfp.o) (__sread)
/opt/st/stm32cubeide_1.14.0/plugins/com.st.stm32cube.ide.mcu.externaltools.gnu-tools-for-stm32.11.3.rel1.linux64_1.1.100.202309141235/tools/bin/../lib/gcc/arm-none-eabi/11.3.1/../../../../arm-none-eabi/lib/thumb/v7e-m+fp/hard/libc_nano.a(libc_a-memset.o)
                              /opt/st/stm32cubeide_1.14.0/plugins/com.st.stm32cube.ide.mcu.externaltools.gnu-tools-for-stm32.11.3.rel1.linux64_1.1.100.202309141235/tools/bin/../lib/gcc/arm-none-eabi/11.3.1/../../../../arm-none-eabi/lib/thumb/v7e-m+fp/hard/crt0.o (memset)
/opt/st/stm32cubeide_1.14.0/plugins/com.st.stm32cube.ide.mcu.externaltools.gnu-tools-for-stm32.11.3.rel1.linux64_1.1.100.202309141235/tools/bin/../lib/gcc/arm-none-eabi/11.3.1/../../../../arm-none-eabi/lib/thumb/v7e-m+fp/hard/libc_nano.a(libc_a-closer.o)
                              /opt/st/stm32cubeide_1.14.0/plugins/com.st.stm32cube.ide.mcu.externaltools.gnu-tools-for-stm32.11.3.rel1.linux64_1.1.100.202309141235/tools/bin/../lib/gcc/arm-none-eabi/11.3.1/../../../../arm-none-eabi/lib/thumb/v7e-m+fp/hard/libc_nano.a(libc_a-stdio.o) (_close_r)
/opt/st/stm32cubeide_1.14.0/plugins/com.st.stm32cube.ide.mcu.externaltools.gnu-tools-for-stm32.11.3.rel1.linux64_1.1.100.202309141235/tools/bin/../lib/gcc/arm-none-eabi/11.3.1/../../../../arm-none-eabi/lib/thumb/v7e-m+fp/hard/libc_nano.a(libc_a-reent.o)
                              /opt/st/stm32cubeide_1.14.0/plugins/com.st.stm32cube.ide.mcu.externaltools.gnu-tools-for-stm32.11.3.rel1.linux64_1.1.100.202309141235/tools/bin/../lib/gcc/arm-none-eabi/11.3.1/../../../../arm-none-eabi/lib/thumb/v7e-m+fp/hard/libc_nano.a(libc_a-closer.o) (errno)
/opt/st/stm32cubeide_1.14.0/plugins/com.st.stm32cube.ide.mcu.externaltools.gnu-tools-for-stm32.11.3.rel1.linux64_1.1.100.202309141235/tools/bin/../lib/gcc/arm-none-eabi/11.3.1/../../../../arm-none-eabi/lib/thumb/v7e-m+fp/hard/libc_nano.a(libc_a-impure.o)
                              /opt/st/stm32cubeide_1.14.0/plugins/com.st.stm32cube.ide.mcu.externaltools.gnu-tools-for-stm32.11.3.rel1.linux64_1.1.100.202309141235/tools/bin/../lib/gcc/arm-none-eabi/11.3.1/../../../../arm-none-eabi/lib/thumb/v7e-m+fp/hard/libc_nano.a(libc_a-reent.o) (_impure_ptr)
/opt/st/stm32cubeide_1.14.0/plugins/com.st.stm32cube.ide.mcu.externaltools.gnu-tools-for-stm32.11.3.rel1.linux64_1.1.100.202309141235/tools/bin/../lib/gcc/arm-none-eabi/11.3.1/../../../../arm-none-eabi/lib/thumb/v7e-m+fp/hard/libc_nano.a(libc_a-lseekr.o)
                              /opt/st/stm32cubeide_1.14.0/plugins/com.st.stm32cube.ide.mcu.externaltools.gnu-tools-for-stm32.11.3.rel1.linux64_1.1.100.202309141235/tools/bin/../lib/gcc/arm-none-eabi/11.3.1/../../../../arm-none-eabi/lib/thumb/v7e-m+fp/hard/libc_nano.a(libc_a-stdio.o) (_lseek_r)
[...]
Memory Configuration

Name             Origin             Length             Attributes
CCMRAM           0x0000000010000000 0x0000000000010000 xrw
RAM              0x0000000020000000 0x0000000000020000 xrw
FLASH            0x0000000008000000 0x0000000000100000 xr
*default*        0x0000000000000000 0xffffffffffffffff

Linker script and memory map

LOAD /opt/st/stm32cubeide_1.14.0/plugins/com.st.stm32cube.ide.mcu.externaltools.gnu-tools-for-stm32.11.3.rel1.linux64_1.1.100.202309141235/tools/bin/../lib/gcc/arm-none-eabi/11.3.1/thumb/v7e-m+fp/hard/crti.o
LOAD /opt/st/stm32cubeide_1.14.0/plugins/com.st.stm32cube.ide.mcu.externaltools.gnu-tools-for-stm32.11.3.rel1.linux64_1.1.100.202309141235/tools/bin/../lib/gcc/arm-none-eabi/11.3.1/thumb/v7e-m+fp/hard/crtbegin.o
LOAD /opt/st/stm32cubeide_1.14.0/plugins/com.st.stm32cube.ide.mcu.externaltools.gnu-tools-for-stm32.11.3.rel1.linux64_1.1.100.202309141235/tools/bin/../lib/gcc/arm-none-eabi/11.3.1/../../../../arm-none-eabi/lib/thumb/v7e-m+fp/hard/crt0.o
LOAD ./Core/Src/16Bitmanipulator.o
LOAD ./Core/Src/WS2812LED.o
LOAD ./Core/Src/freertos.o
LOAD ./Core/Src/main.o
LOAD ./Core/Src/ms58xx.o
LOAD ./Core/Src/pid.o
LOAD ./Core/Src/stm32f4xx_hal_msp.o
LOAD ./Core/Src/stm32f4xx_hal_timebase_tim.o
LOAD ./Core/Src/stm32f4xx_it.o
LOAD ./Core/Src/syscalls.o
LOAD ./Core/Src/sysmem.o
LOAD ./Core/Src/system_stm32f4xx.o
LOAD ./Core/Startup/startup_stm32f407vgtx.o
LOAD ./Drivers/STM32F4xx_HAL_Driver/Src/stm32f4xx_hal.o
LOAD ./Drivers/STM32F4xx_HAL_Driver/Src/stm32f4xx_hal_adc.o
LOAD ./Drivers/STM32F4xx_HAL_Driver/Src/stm32f4xx_hal_adc_ex.o
LOAD ./Drivers/STM32F4xx_HAL_Driver/Src/stm32f4xx_hal_cortex.o
LOAD ./Drivers/STM32F4xx_HAL_Driver/Src/stm32f4xx_hal_dma.o
LOAD ./Drivers/STM32F4xx_HAL_Driver/Src/stm32f4xx_hal_dma_ex.o
LOAD ./Drivers/STM32F4xx_HAL_Driver/Src/stm32f4xx_hal_exti.o
LOAD ./Drivers/STM32F4xx_HAL_Driver/Src/stm32f4xx_hal_flash.o
LOAD ./Drivers/STM32F4xx_HAL_Driver/Src/stm32f4xx_hal_flash_ex.o
LOAD ./Drivers/STM32F4xx_HAL_Driver/Src/stm32f4xx_hal_flash_ramfunc.o
LOAD ./Drivers/STM32F4xx_HAL_Driver/Src/stm32f4xx_hal_gpio.o
LOAD ./Drivers/STM32F4xx_HAL_Driver/Src/stm32f4xx_hal_i2c.o
LOAD ./Drivers/STM32F4xx_HAL_Driver/Src/stm32f4xx_hal_i2c_ex.o
LOAD ./Drivers/STM32F4xx_HAL_Driver/Src/stm32f4xx_hal_pcd.o
LOAD ./Drivers/STM32F4xx_HAL_Driver/Src/stm32f4xx_hal_pcd_ex.o
LOAD ./Drivers/STM32F4xx_HAL_Driver/Src/stm32f4xx_hal_pwr.o
LOAD ./Drivers/STM32F4xx_HAL_Driver/Src/stm32f4xx_hal_pwr_ex.o
LOAD ./Drivers/STM32F4xx_HAL_Driver/Src/stm32f4xx_hal_rcc.o
LOAD ./Drivers/STM32F4xx_HAL_Driver/Src/stm32f4xx_hal_rcc_ex.o
LOAD ./Drivers/STM32F4xx_HAL_Driver/Src/stm32f4xx_hal_tim.o
LOAD ./Drivers/STM32F4xx_HAL_Driver/Src/stm32f4xx_hal_tim_ex.o
LOAD ./Drivers/STM32F4xx_HAL_Driver/Src/stm32f4xx_hal_uart.o
LOAD ./Drivers/STM32F4xx_HAL_Driver/Src/stm32f4xx_ll_adc.o
LOAD ./Drivers/STM32F4xx_HAL_Driver/Src/stm32f4xx_ll_usb.o
LOAD ./Middlewares/ST/STM32_USB_Device_Library/Class/CDC/Src/usbd_cdc.o
LOAD ./Middlewares/ST/STM32_USB_Device_Library/Core/Src/usbd_core.o
LOAD ./Middlewares/ST/STM32_USB_Device_Library/Core/Src/usbd_ctlreq.o
LOAD ./Middlewares/ST/STM32_USB_Device_Library/Core/Src/usbd_ioreq.o
LOAD ./Middlewares/Third_Party/FreeRTOS/Source/CMSIS_RTOS/cmsis_os.o
LOAD ./Middlewares/Third_Party/FreeRTOS/Source/croutine.o
LOAD ./Middlewares/Third_Party/FreeRTOS/Source/event_groups.o
LOAD ./Middlewares/Third_Party/FreeRTOS/Source/list.o
LOAD ./Middlewares/Third_Party/FreeRTOS/Source/queue.o
LOAD ./Middlewares/Third_Party/FreeRTOS/Source/stream_buffer.o
LOAD ./Middlewares/Third_Party/FreeRTOS/Source/tasks.o
LOAD ./Middlewares/Third_Party/FreeRTOS/Source/timers.o
LOAD ./Middlewares/Third_Party/FreeRTOS/Source/portable/GCC/ARM_CM4F/port.o
LOAD ./Middlewares/Third_Party/FreeRTOS/Source/portable/MemMang/heap_4.o
LOAD ./USB_DEVICE/App/usb_device.o
LOAD ./USB_DEVICE/App/usbd_cdc_if.o
LOAD ./USB_DEVICE/App/usbd_desc.o
LOAD ./USB_DEVICE/Target/usbd_conf.o
START GROUP
LOAD /opt/st/stm32cubeide_1.14.0/plugins/com.st.stm32cube.ide.mcu.externaltools.gnu-tools-for-stm32.11.3.rel1.linux64_1.1.100.202309141235/tools/bin/../lib/gcc/arm-none-eabi/11.3.1/../../../../arm-none-eabi/lib/thumb/v7e-m+fp/hard/libc_nano.a
LOAD /opt/st/stm32cubeide_1.14.0/plugins/com.st.stm32cube.ide.mcu.externaltools.gnu-tools-for-stm32.11.3.rel1.linux64_1.1.100.202309141235/tools/bin/../lib/gcc/arm-none-eabi/11.3.1/../../../../arm-none-eabi/lib/thumb/v7e-m+fp/hard/libm.a
END GROUP
START GROUP
LOAD /opt/st/stm32cubeide_1.14.0/plugins/com.st.stm32cube.ide.mcu.externaltools.gnu-tools-for-stm32.11.3.rel1.linux64_1.1.100.202309141235/tools/bin/../lib/gcc/arm-none-eabi/11.3.1/thumb/v7e-m+fp/hard/libgcc.a
LOAD /opt/st/stm32cubeide_1.14.0/plugins/com.st.stm32cube.ide.mcu.externaltools.gnu-tools-for-stm32.11.3.rel1.linux64_1.1.100.202309141235/tools/bin/../lib/gcc/arm-none-eabi/11.3.1/../../../../arm-none-eabi/lib/thumb/v7e-m+fp/hard/libc_nano.a
END GROUP
START GROUP
LOAD /opt/st/stm32cubeide_1.14.0/plugins/com.st.stm32cube.ide.mcu.externaltools.gnu-tools-for-stm32.11.3.rel1.linux64_1.1.100.202309141235/tools/bin/../lib/gcc/arm-none-eabi/11.3.1/thumb/v7e-m+fp/hard/libgcc.a
LOAD /opt/st/stm32cubeide_1.14.0/plugins/com.st.stm32cube.ide.mcu.externaltools.gnu-tools-for-stm32.11.3.rel1.linux64_1.1.100.202309141235/tools/bin/../lib/gcc/arm-none-eabi/11.3.1/../../../../arm-none-eabi/lib/thumb/v7e-m+fp/hard/libc_nano.a
LOAD /opt/st/stm32cubeide_1.14.0/plugins/com.st.stm32cube.ide.mcu.externaltools.gnu-tools-for-stm32.11.3.rel1.linux64_1.1.100.202309141235/tools/bin/../lib/gcc/arm-none-eabi/11.3.1/../../../../arm-none-eabi/lib/thumb/v7e-m+fp/hard/libnosys.a
END GROUP
START GROUP
LOAD /opt/st/stm32cubeide_1.14.0/plugins/com.st.stm32cube.ide.mcu.externaltools.gnu-tools-for-stm32.11.3.rel1.linux64_1.1.100.202309141235/tools/bin/../lib/gcc/arm-none-eabi/11.3.1/thumb/v7e-m+fp/hard/libgcc.a
LOAD /opt/st/stm32cubeide_1.14.0/plugins/com.st.stm32cube.ide.mcu.externaltools.gnu-tools-for-stm32.11.3.rel1.linux64_1.1.100.202309141235/tools/bin/../lib/gcc/arm-none-eabi/11.3.1/../../../../arm-none-eabi/lib/thumb/v7e-m+fp/hard/libc_nano.a
LOAD /opt/st/stm32cubeide_1.14.0/plugins/com.st.stm32cube.ide.mcu.externaltools.gnu-tools-for-stm32.11.3.rel1.linux64_1.1.100.202309141235/tools/bin/../lib/gcc/arm-none-eabi/11.3.1/../../../../arm-none-eabi/lib/thumb/v7e-m+fp/hard/libnosys.a
END GROUP
LOAD /opt/st/stm32cubeide_1.14.0/plugins/com.st.stm32cube.ide.mcu.externaltools.gnu-tools-for-stm32.11.3.rel1.linux64_1.1.100.202309141235/tools/bin/../lib/gcc/arm-none-eabi/11.3.1/thumb/v7e-m+fp/hard/crtend.o
LOAD /opt/st/stm32cubeide_1.14.0/plugins/com.st.stm32cube.ide.mcu.externaltools.gnu-tools-for-stm32.11.3.rel1.linux64_1.1.100.202309141235/tools/bin/../lib/gcc/arm-none-eabi/11.3.1/thumb/v7e-m+fp/hard/crtn.o
                0x0000000020020000                _estack = (ORIGIN (RAM) + LENGTH (RAM))
                0x0000000000000200                _Min_Heap_Size = 0x200
                0x0000000000000400                _Min_Stack_Size = 0x400

.isr_vector     0x0000000008000000      0x188
                0x0000000008000000                . = ALIGN (0x4)
 *(.isr_vector)
 .isr_vector    0x0000000008000000      0x188 ./Core/Startup/startup_stm32f407vgtx.o
                0x0000000008000000                g_pfnVectors
                0x0000000008000188                . = ALIGN (0x4)

.text           0x0000000008000190     0xf82c
                0x0000000008000190                . = ALIGN (0x4)
 *(.text)
 .text          0x0000000008000190       0x40 /opt/st/stm32cubeide_1.14.0/plugins/com.st.stm32cube.ide.mcu.externaltools.gnu-tools-for-stm32.11.3.rel1.linux64_1.1.100.202309141235/tools/bin/../lib/gcc/arm-none-eabi/11.3.1/thumb/v7e-m+fp/hard/crtbegin.o
 .text          0x00000000080001d0      0x378 /opt/st/stm32cubeide_1.14.0/plugins/com.st.stm32cube.ide.mcu.externaltools.gnu-tools-for-stm32.11.3.rel1.linux64_1.1.100.202309141235/tools/bin/../lib/gcc/arm-none-eabi/11.3.1/thumb/v7e-m+fp/hard/libgcc.a(_arm_addsubdf3.o)
                0x00000000080001d0                __aeabi_drsub
                0x00000000080001d8                __aeabi_dsub
                0x00000000080001d8                __subdf3
                0x00000000080001dc                __adddf3
                0x00000000080001dc                __aeabi_dadd
                0x0000000008000454                __aeabi_ui2d
                0x0000000008000454                __floatunsidf
                0x0000000008000474                __floatsidf
                0x0000000008000474                __aeabi_i2d
                0x0000000008000498                __extendsfdf2
                0x0000000008000498                __aeabi_f2d
                0x00000000080004dc                __aeabi_ul2d
                0x00000000080004dc                __floatundidf
                0x00000000080004ec                __floatdidf
                0x00000000080004ec                __aeabi_l2d
 .text          0x0000000008000548      0x424 /opt/st/stm32cubeide_1.14.0/plugins/com.st.stm32cube.ide.mcu.externaltools.gnu-tools-for-stm32.11.3.rel1.linux64_1.1.100.202309141235/tools/bin/../lib/gcc/arm-none-eabi/11.3.1/thumb/v7e-m+fp/hard/libgcc.a(_arm_muldivdf3.o)
                0x0000000008000548                __aeabi_dmul
                0x0000000008000548                __muldf3
                0x000000000800079c                __aeabi_ddiv
                0x000000000800079c                __divdf3
 .text          0x000000000800096c      0x110 /opt/st/stm32cubeide_1.14.0/plugins/com.st.stm32cube.ide.mcu.externaltools.gnu-tools-for-stm32.11.3.rel1.linux64_1.1.100.202309141235/tools/bin/../lib/gcc/arm-none-eabi/11.3.1/thumb/v7e-m+fp/hard/libgcc.a(_arm_cmpdf2.o)
                0x000000000800096c                __gtdf2
                0x000000000800096c                __gedf2
                0x0000000008000974                __ltdf2
                0x0000000008000974                __ledf2
                0x000000000800097c                __cmpdf2
                0x000000000800097c                __eqdf2
                0x000000000800097c                __nedf2
                0x00000000080009f8                __aeabi_cdrcmple
                0x0000000008000a08                __aeabi_cdcmple
                0x0000000008000a08                __aeabi_cdcmpeq
                0x0000000008000a18                __aeabi_dcmpeq
                0x0000000008000a2c                __aeabi_dcmplt
                0x0000000008000a40                __aeabi_dcmple
                0x0000000008000a54                __aeabi_dcmpge
                0x0000000008000a68                __aeabi_dcmpgt
 .text          0x0000000008000a7c       0x50 /opt/st/stm32cubeide_1.14.0/plugins/com.st.stm32cube.ide.mcu.externaltools.gnu-tools-for-stm32.11.3.rel1.linux64_1.1.100.202309141235/tools/bin/../lib/gcc/arm-none-eabi/11.3.1/thumb/v7e-m+fp/hard/libgcc.a(_arm_fixdfsi.o)
                0x0000000008000a7c                __fixdfsi
                0x0000000008000a7c                __aeabi_d2iz
 .text          0x0000000008000acc       0xa0 /opt/st/stm32cubeide_1.14.0/plugins/com.st.stm32cube.ide.mcu.externaltools.gnu-tools-for-stm32.11.3.rel1.linux64_1.1.100.202309141235/tools/bin/../lib/gcc/arm-none-eabi/11.3.1/thumb/v7e-m+fp/hard/libgcc.a(_arm_truncdfsf2.o)
                0x0000000008000acc                __aeabi_d2f
                0x0000000008000acc                __truncdfsf2
 .text          0x0000000008000b6c       0x30 /opt/st/stm32cubeide_1.14.0/plugins/com.st.stm32cube.ide.mcu.externaltools.gnu-tools-for-stm32.11.3.rel1.linux64_1.1.100.202309141235/tools/bin/../lib/gcc/arm-none-eabi/11.3.1/thumb/v7e-m+fp/hard/libgcc.a(_aeabi_uldivmod.o)
                0x0000000008000b6c                __aeabi_uldivmod
 .text          0x0000000008000b9c      0x2c8 /opt/st/stm32cubeide_1.14.0/plugins/com.st.stm32cube.ide.mcu.externaltools.gnu-tools-for-stm32.11.3.rel1.linux64_1.1.100.202309141235/tools/bin/../lib/gcc/arm-none-eabi/11.3.1/thumb/v7e-m+fp/hard/libgcc.a(_udivmoddi4.o)
                0x0000000008000b9c                __udivmoddi4
 .text          0x0000000008000e64        0x4 /opt/st/stm32cubeide_1.14.0/plugins/com.st.stm32cube.ide.mcu.externaltools.gnu-tools-for-stm32.11.3.rel1.linux64_1.1.100.202309141235/tools/bin/../lib/gcc/arm-none-eabi/11.3.1/thumb/v7e-m+fp/hard/libgcc.a(_dvmd_tls.o)
                0x0000000008000e64                __aeabi_ldiv0
                0x0000000008000e64                __aeabi_idiv0
 *(.text*)
 .text.bit16ToInt
                0x0000000008000e68       0x40 ./Core/Src/16Bitmanipulator.o
                0x0000000008000e68                bit16ToInt
 .text.merge16  0x0000000008000ea8       0x64 ./Core/Src/16Bitmanipulator.o
                0x0000000008000ea8                merge16
 .text.Set_LED  0x0000000008000f0c       0x5c ./Core/Src/WS2812LED.o
                0x0000000008000f0c                Set_LED
 .text.WS2812_Send
                0x0000000008000f68      0x138 ./Core/Src/WS2812LED.o
                0x0000000008000f68                WS2812_Send
 .text.vApplicationGetIdleTaskMemory
                0x00000000080010a0       0x34 ./Core/Src/freertos.o
                0x00000000080010a0                vApplicationGetIdleTaskMemory
 .text.HAL_UART_RxCpltCallback
                0x00000000080010d4      0x224 ./Core/Src/main.o
                0x00000000080010d4                HAL_UART_RxCpltCallback
 .text.convertADCtoVoltage
                0x00000000080012f8       0x82 ./Core/Src/main.o
                0x00000000080012f8                convertADCtoVoltage
 *fill*         0x000000000800137a        0x2 
 .text.HAL_TIM_PWM_PulseFinishedCallback
                0x000000000800137c       0x28 ./Core/Src/main.o
                0x000000000800137c                HAL_TIM_PWM_PulseFinishedCallback
 .text.map      0x00000000080013a4       0x38 ./Core/Src/main.o
                0x00000000080013a4                map
 .text.main     0x00000000080013dc      0x180 ./Core/Src/main.o
                0x00000000080013dc                main
 .text.SystemClock_Config
                0x000000000800155c       0xd4 ./Core/Src/main.o
                0x000000000800155c                SystemClock_Config
 .text.MX_ADC1_Init
                0x0000000008001630       0xbc ./Core/Src/main.o
 .text.MX_I2C1_Init
                0x00000000080016ec       0x5c ./Core/Src/main.o
 .text.MX_TIM3_Init
                0x0000000008001748       0xb0 ./Core/Src/main.o
 .text.MX_TIM4_Init
                0x00000000080017f8       0xf4 ./Core/Src/main.o
 .text.MX_TIM5_Init
                0x00000000080018ec       0xf4 ./Core/Src/main.o
 .text.MX_TIM9_Init
                0x00000000080019e0       0x8c ./Core/Src/main.o
 .text.MX_USART2_UART_Init
                0x0000000008001a6c       0x60 ./Core/Src/main.o
 .text.MX_DMA_Init
                0x0000000008001acc       0x6c ./Core/Src/main.o
 .text.MX_GPIO_Init
                0x0000000008001b38      0x138 ./Core/Src/main.o
 .text.StartCdcSerialTask
                0x0000000008001c70      0x42c ./Core/Src/main.o
                0x0000000008001c70                StartCdcSerialTask
 .text.StartMovementTask
                0x000000000800209c      0x8e0 ./Core/Src/main.o
                0x000000000800209c                StartMovementTask
 *fill*         0x000000000800297c        0x4 
 .text.StartGetPressureTask
                0x0000000008002980      0x184 ./Core/Src/main.o
                0x0000000008002980                StartGetPressureTask
 .text.StartStroboTask
                0x0000000008002b04      0x378 ./Core/Src/main.o
                0x0000000008002b04                StartStroboTask
 .text.StartOtherTask
                0x0000000008002e7c       0xd8 ./Core/Src/main.o
                0x0000000008002e7c                StartOtherTask
 .text.HAL_TIM_PeriodElapsedCallback
                0x0000000008002f54       0x24 ./Core/Src/main.o
                0x0000000008002f54                HAL_TIM_PeriodElapsedCallback
 .text.Error_Handler
                0x0000000008002f78        0xa ./Core/Src/main.o
                0x0000000008002f78                Error_Handler
 .text.MS58xx_read
                0x0000000008002f82       0x36 ./Core/Src/ms58xx.o
                0x0000000008002f82                MS58xx_read
 .text.MS58xx_write
                0x0000000008002fb8       0x36 ./Core/Src/ms58xx.o
                0x0000000008002fb8                MS58xx_write
 .text.MS58xx_reset
                0x0000000008002fee       0x3e ./Core/Src/ms58xx.o
                0x0000000008002fee                MS58xx_reset
 .text.MS58xx_coeff
                0x000000000800302c       0x70 ./Core/Src/ms58xx.o
                0x000000000800302c                MS58xx_coeff
 .text.MS58xx_ADC
                0x000000000800309c       0xd4 ./Core/Src/ms58xx.o
                0x000000000800309c                MS58xx_ADC
 .text.MS58xx_get_values
                0x0000000008003170      0x288 ./Core/Src/ms58xx.o
                0x0000000008003170                MS58xx_get_values
 .text.HAL_MspInit
                0x00000000080033f8       0x58 ./Core/Src/stm32f4xx_hal_msp.o
                0x00000000080033f8                HAL_MspInit
 .text.HAL_ADC_MspInit
                0x0000000008003450       0xf0 ./Core/Src/stm32f4xx_hal_msp.o
                0x0000000008003450                HAL_ADC_MspInit
 .text.HAL_I2C_MspInit
                0x0000000008003540       0x90 ./Core/Src/stm32f4xx_hal_msp.o
                0x0000000008003540                HAL_I2C_MspInit
 .text.HAL_TIM_PWM_MspInit
                0x00000000080035d0      0x12c ./Core/Src/stm32f4xx_hal_msp.o
                0x00000000080035d0                HAL_TIM_PWM_MspInit
 .text.HAL_TIM_MspPostInit
                0x00000000080036fc      0x160 ./Core/Src/stm32f4xx_hal_msp.o
                0x00000000080036fc                HAL_TIM_MspPostInit
 .text.HAL_UART_MspInit
                0x000000000800385c       0xa0 ./Core/Src/stm32f4xx_hal_msp.o
                0x000000000800385c                HAL_UART_MspInit
 .text.HAL_InitTick
                0x00000000080038fc       0xf8 ./Core/Src/stm32f4xx_hal_timebase_tim.o
                0x00000000080038fc                HAL_InitTick
 .text.NMI_Handler
                0x00000000080039f4        0x6 ./Core/Src/stm32f4xx_it.o
                0x00000000080039f4                NMI_Handler
 .text.HardFault_Handler
                0x00000000080039fa        0x6 ./Core/Src/stm32f4xx_it.o
                0x00000000080039fa                HardFault_Handler
 .text.MemManage_Handler
                0x0000000008003a00        0x6 ./Core/Src/stm32f4xx_it.o
                0x0000000008003a00                MemManage_Handler
 .text.BusFault_Handler
                0x0000000008003a06        0x6 ./Core/Src/stm32f4xx_it.o
                0x0000000008003a06                BusFault_Handler
 .text.UsageFault_Handler
                0x0000000008003a0c        0x6 ./Core/Src/stm32f4xx_it.o
                0x0000000008003a0c                UsageFault_Handler
 .text.DebugMon_Handler
                0x0000000008003a12        0xe ./Core/Src/stm32f4xx_it.o
                0x0000000008003a12                DebugMon_Handler
 .text.DMA1_Stream5_IRQHandler
                0x0000000008003a20       0x14 ./Core/Src/stm32f4xx_it.o
                0x0000000008003a20                DMA1_Stream5_IRQHandler
 .text.USART2_IRQHandler
                0x0000000008003a34       0x14 ./Core/Src/stm32f4xx_it.o
                0x0000000008003a34                USART2_IRQHandler
 .text.TIM8_TRG_COM_TIM14_IRQHandler
                0x0000000008003a48       0x14 ./Core/Src/stm32f4xx_it.o
                0x0000000008003a48                TIM8_TRG_COM_TIM14_IRQHandler
 .text.DMA2_Stream0_IRQHandler
                0x0000000008003a5c       0x14 ./Core/Src/stm32f4xx_it.o
                0x0000000008003a5c                DMA2_Stream0_IRQHandler
 .text.OTG_FS_IRQHandler
                0x0000000008003a70       0x14 ./Core/Src/stm32f4xx_it.o
                0x0000000008003a70                OTG_FS_IRQHandler
 .text.SystemInit
                0x0000000008003a84       0x24 ./Core/Src/system_stm32f4xx.o
                0x0000000008003a84                SystemInit
 .text.Reset_Handler
                0x0000000008003aa8       0x50 ./Core/Startup/startup_stm32f407vgtx.o
                0x0000000008003aa8                Reset_Handler
 .text.Default_Handler
                0x0000000008003af8        0x2 ./Core/Startup/startup_stm32f407vgtx.o
                0x0000000008003af8                RTC_Alarm_IRQHandler
                0x0000000008003af8                HASH_RNG_IRQHandler
                0x0000000008003af8                EXTI2_IRQHandler
                0x0000000008003af8                TIM8_CC_IRQHandler
                0x0000000008003af8                TIM1_CC_IRQHandler
                0x0000000008003af8                DMA2_Stream5_IRQHandler
                0x0000000008003af8                PVD_IRQHandler
                0x0000000008003af8                SDIO_IRQHandler
                0x0000000008003af8                TAMP_STAMP_IRQHandler
                0x0000000008003af8                CAN2_RX1_IRQHandler
                0x0000000008003af8                EXTI3_IRQHandler
                0x0000000008003af8                TIM1_UP_TIM10_IRQHandler
                0x0000000008003af8                TIM8_UP_TIM13_IRQHandler
                0x0000000008003af8                I2C3_ER_IRQHandler
                0x0000000008003af8                EXTI0_IRQHandler
                0x0000000008003af8                I2C2_EV_IRQHandler
                0x0000000008003af8                DMA1_Stream2_IRQHandler
                0x0000000008003af8                CAN1_RX0_IRQHandler
                0x0000000008003af8                FPU_IRQHandler
                0x0000000008003af8                OTG_HS_WKUP_IRQHandler
                0x0000000008003af8                CAN2_SCE_IRQHandler
                0x0000000008003af8                DMA2_Stream2_IRQHandler
                0x0000000008003af8                SPI1_IRQHandler
                0x0000000008003af8                TIM6_DAC_IRQHandler
                0x0000000008003af8                TIM1_BRK_TIM9_IRQHandler
                0x0000000008003af8                DCMI_IRQHandler
                0x0000000008003af8                CAN2_RX0_IRQHandler
                0x0000000008003af8                DMA2_Stream3_IRQHandler
                0x0000000008003af8                USART6_IRQHandler
                0x0000000008003af8                USART3_IRQHandler
                0x0000000008003af8                CAN1_RX1_IRQHandler
                0x0000000008003af8                UART5_IRQHandler
                0x0000000008003af8                TIM4_IRQHandler
                0x0000000008003af8                I2C1_EV_IRQHandler
                0x0000000008003af8                DMA1_Stream6_IRQHandler
                0x0000000008003af8                DMA1_Stream1_IRQHandler
                0x0000000008003af8                UART4_IRQHandler
                0x0000000008003af8                TIM3_IRQHandler
                0x0000000008003af8                RCC_IRQHandler
                0x0000000008003af8                TIM8_BRK_TIM12_IRQHandler
                0x0000000008003af8                Default_Handler
                0x0000000008003af8                EXTI15_10_IRQHandler
                0x0000000008003af8                ADC_IRQHandler
                0x0000000008003af8                DMA1_Stream7_IRQHandler
                0x0000000008003af8                TIM7_IRQHandler
                0x0000000008003af8                CAN2_TX_IRQHandler
                0x0000000008003af8                TIM5_IRQHandler
                0x0000000008003af8                DMA2_Stream7_IRQHandler
                0x0000000008003af8                I2C3_EV_IRQHandler
                0x0000000008003af8                EXTI9_5_IRQHandler
                0x0000000008003af8                RTC_WKUP_IRQHandler
                0x0000000008003af8                ETH_WKUP_IRQHandler
                0x0000000008003af8                SPI2_IRQHandler
                0x0000000008003af8                OTG_HS_EP1_IN_IRQHandler
                0x0000000008003af8                DMA1_Stream0_IRQHandler
                0x0000000008003af8                CAN1_TX_IRQHandler
                0x0000000008003af8                EXTI4_IRQHandler
                0x0000000008003af8                FSMC_IRQHandler
                0x0000000008003af8                ETH_IRQHandler
                0x0000000008003af8                OTG_HS_EP1_OUT_IRQHandler
                0x0000000008003af8                WWDG_IRQHandler
                0x0000000008003af8                TIM2_IRQHandler
                0x0000000008003af8                OTG_FS_WKUP_IRQHandler
                0x0000000008003af8                TIM1_TRG_COM_TIM11_IRQHandler
                0x0000000008003af8                OTG_HS_IRQHandler
                0x0000000008003af8                EXTI1_IRQHandler
                0x0000000008003af8                I2C2_ER_IRQHandler
                0x0000000008003af8                DMA2_Stream1_IRQHandler
                0x0000000008003af8                CAN1_SCE_IRQHandler
                0x0000000008003af8                FLASH_IRQHandler
                0x0000000008003af8                DMA2_Stream4_IRQHandler
                0x0000000008003af8                USART1_IRQHandler
                0x0000000008003af8                SPI3_IRQHandler
                0x0000000008003af8                DMA1_Stream4_IRQHandler
                0x0000000008003af8                I2C1_ER_IRQHandler
                0x0000000008003af8                DMA2_Stream6_IRQHandler
                0x0000000008003af8                DMA1_Stream3_IRQHandler
 *fill*         0x0000000008003afa        0x2 
 .text.HAL_Init
                0x0000000008003afc       0x44 ./Drivers/STM32F4xx_HAL_Driver/Src/stm32f4xx_hal.o
                0x0000000008003afc                HAL_Init
 .text.HAL_IncTick
                0x0000000008003b40       0x28 ./Drivers/STM32F4xx_HAL_Driver/Src/stm32f4xx_hal.o
                0x0000000008003b40                HAL_IncTick
 .text.HAL_GetTick
                0x0000000008003b68       0x18 ./Drivers/STM32F4xx_HAL_Driver/Src/stm32f4xx_hal.o
                0x0000000008003b68                HAL_GetTick
 .text.HAL_Delay
                0x0000000008003b80       0x48 ./Drivers/STM32F4xx_HAL_Driver/Src/stm32f4xx_hal.o
                0x0000000008003b80                HAL_Delay
 .text.HAL_ADC_Init
                0x0000000008003bc8       0x86 ./Drivers/STM32F4xx_HAL_Driver/Src/stm32f4xx_hal_adc.o
                0x0000000008003bc8                HAL_ADC_Init
 *fill*         0x0000000008003c4e        0x2 
 .text.HAL_ADC_Start_DMA
                0x0000000008003c50      0x220 ./Drivers/STM32F4xx_HAL_Driver/Src/stm32f4xx_hal_adc.o
                0x0000000008003c50                HAL_ADC_Start_DMA
 .text.HAL_ADC_ConvCpltCallback
                0x0000000008003e70       0x14 ./Drivers/STM32F4xx_HAL_Driver/Src/stm32f4xx_hal_adc.o
                0x0000000008003e70                HAL_ADC_ConvCpltCallback
 .text.HAL_ADC_ConvHalfCpltCallback
                0x0000000008003e84       0x14 ./Drivers/STM32F4xx_HAL_Driver/Src/stm32f4xx_hal_adc.o
                0x0000000008003e84                HAL_ADC_ConvHalfCpltCallback
 .text.HAL_ADC_ErrorCallback
                0x0000000008003e98       0x14 ./Drivers/STM32F4xx_HAL_Driver/Src/stm32f4xx_hal_adc.o
                0x0000000008003e98                HAL_ADC_ErrorCallback
 .text.HAL_ADC_ConfigChannel
                0x0000000008003eac      0x244 ./Drivers/STM32F4xx_HAL_Driver/Src/stm32f4xx_hal_adc.o
                0x0000000008003eac                HAL_ADC_ConfigChannel
 .text.ADC_Init
                0x00000000080040f0      0x1f8 ./Drivers/STM32F4xx_HAL_Driver/Src/stm32f4xx_hal_adc.o
 .text.ADC_DMAConvCplt
                0x00000000080042e8       0xba ./Drivers/STM32F4xx_HAL_Driver/Src/stm32f4xx_hal_adc.o
 .text.ADC_DMAHalfConvCplt
                0x00000000080043a2       0x1c ./Drivers/STM32F4xx_HAL_Driver/Src/stm32f4xx_hal_adc.o
 .text.ADC_DMAError
                0x00000000080043be       0x2e ./Drivers/STM32F4xx_HAL_Driver/Src/stm32f4xx_hal_adc.o
 .text.__NVIC_SetPriorityGrouping
                0x00000000080043ec       0x48 ./Drivers/STM32F4xx_HAL_Driver/Src/stm32f4xx_hal_cortex.o
 .text.__NVIC_GetPriorityGrouping
                0x0000000008004434       0x1c ./Drivers/STM32F4xx_HAL_Driver/Src/stm32f4xx_hal_cortex.o
 .text.__NVIC_EnableIRQ
                0x0000000008004450       0x3c ./Drivers/STM32F4xx_HAL_Driver/Src/stm32f4xx_hal_cortex.o
 .text.__NVIC_SetPriority
                0x000000000800448c       0x54 ./Drivers/STM32F4xx_HAL_Driver/Src/stm32f4xx_hal_cortex.o
 .text.NVIC_EncodePriority
                0x00000000080044e0       0x66 ./Drivers/STM32F4xx_HAL_Driver/Src/stm32f4xx_hal_cortex.o
 .text.HAL_NVIC_SetPriorityGrouping
                0x0000000008004546       0x16 ./Drivers/STM32F4xx_HAL_Driver/Src/stm32f4xx_hal_cortex.o
                0x0000000008004546                HAL_NVIC_SetPriorityGrouping
 .text.HAL_NVIC_SetPriority
                0x000000000800455c       0x38 ./Drivers/STM32F4xx_HAL_Driver/Src/stm32f4xx_hal_cortex.o
                0x000000000800455c                HAL_NVIC_SetPriority
 .text.HAL_NVIC_EnableIRQ
                0x0000000008004594       0x1c ./Drivers/STM32F4xx_HAL_Driver/Src/stm32f4xx_hal_cortex.o
                0x0000000008004594                HAL_NVIC_EnableIRQ
 .text.HAL_DMA_Init
                0x00000000080045b0      0x15c ./Drivers/STM32F4xx_HAL_Driver/Src/stm32f4xx_hal_dma.o
                0x00000000080045b0                HAL_DMA_Init
 .text.HAL_DMA_Start_IT
                0x000000000800470c       0xb0 ./Drivers/STM32F4xx_HAL_Driver/Src/stm32f4xx_hal_dma.o
                0x000000000800470c                HAL_DMA_Start_IT
 .text.HAL_DMA_Abort
                0x00000000080047bc       0xe0 ./Drivers/STM32F4xx_HAL_Driver/Src/stm32f4xx_hal_dma.o
                0x00000000080047bc                HAL_DMA_Abort
 .text.HAL_DMA_Abort_IT
                0x000000000800489c       0x44 ./Drivers/STM32F4xx_HAL_Driver/Src/stm32f4xx_hal_dma.o
                0x000000000800489c                HAL_DMA_Abort_IT
 .text.HAL_DMA_IRQHandler
                0x00000000080048e0      0x314 ./Drivers/STM32F4xx_HAL_Driver/Src/stm32f4xx_hal_dma.o
                0x00000000080048e0                HAL_DMA_IRQHandler
 .text.DMA_SetConfig
                0x0000000008004bf4       0x5c ./Drivers/STM32F4xx_HAL_Driver/Src/stm32f4xx_hal_dma.o
 .text.DMA_CalcBaseAndBitshift
                0x0000000008004c50       0x6c ./Drivers/STM32F4xx_HAL_Driver/Src/stm32f4xx_hal_dma.o
 .text.DMA_CheckFifoParam
                0x0000000008004cbc       0xf8 ./Drivers/STM32F4xx_HAL_Driver/Src/stm32f4xx_hal_dma.o
 .text.HAL_GPIO_Init
                0x0000000008004db4      0x338 ./Drivers/STM32F4xx_HAL_Driver/Src/stm32f4xx_hal_gpio.o
                0x0000000008004db4                HAL_GPIO_Init
 .text.HAL_GPIO_ReadPin
                0x00000000080050ec       0x30 ./Drivers/STM32F4xx_HAL_Driver/Src/stm32f4xx_hal_gpio.o
                0x00000000080050ec                HAL_GPIO_ReadPin
 .text.HAL_GPIO_WritePin
                0x000000000800511c       0x32 ./Drivers/STM32F4xx_HAL_Driver/Src/stm32f4xx_hal_gpio.o
                0x000000000800511c                HAL_GPIO_WritePin
 *fill*         0x000000000800514e        0x2 
 .text.HAL_I2C_Init
                0x0000000008005150      0x288 ./Drivers/STM32F4xx_HAL_Driver/Src/stm32f4xx_hal_i2c.o
                0x0000000008005150                HAL_I2C_Init
 .text.HAL_I2C_Master_Transmit
                0x00000000080053d8      0x1fc ./Drivers/STM32F4xx_HAL_Driver/Src/stm32f4xx_hal_i2c.o
                0x00000000080053d8                HAL_I2C_Master_Transmit
 .text.HAL_I2C_Master_Receive
                0x00000000080055d4      0x464 ./Drivers/STM32F4xx_HAL_Driver/Src/stm32f4xx_hal_i2c.o
                0x00000000080055d4                HAL_I2C_Master_Receive
 .text.I2C_MasterRequestWrite
                0x0000000008005a38      0x104 ./Drivers/STM32F4xx_HAL_Driver/Src/stm32f4xx_hal_i2c.o
 .text.I2C_MasterRequestRead
                0x0000000008005b3c      0x19c ./Drivers/STM32F4xx_HAL_Driver/Src/stm32f4xx_hal_i2c.o
 .text.I2C_WaitOnFlagUntilTimeout
                0x0000000008005cd8       0xf4 ./Drivers/STM32F4xx_HAL_Driver/Src/stm32f4xx_hal_i2c.o
 .text.I2C_WaitOnMasterAddressFlagUntilTimeout
                0x0000000008005dcc      0x140 ./Drivers/STM32F4xx_HAL_Driver/Src/stm32f4xx_hal_i2c.o
 .text.I2C_WaitOnTXEFlagUntilTimeout
                0x0000000008005f0c       0x90 ./Drivers/STM32F4xx_HAL_Driver/Src/stm32f4xx_hal_i2c.o
 .text.I2C_WaitOnBTFFlagUntilTimeout
                0x0000000008005f9c       0x90 ./Drivers/STM32F4xx_HAL_Driver/Src/stm32f4xx_hal_i2c.o
 .text.I2C_WaitOnRXNEFlagUntilTimeout
                0x000000000800602c       0xba ./Drivers/STM32F4xx_HAL_Driver/Src/stm32f4xx_hal_i2c.o
 .text.I2C_IsAcknowledgeFailed
                0x00000000080060e6       0x5e ./Drivers/STM32F4xx_HAL_Driver/Src/stm32f4xx_hal_i2c.o
 .text.HAL_PCD_Init
                0x0000000008006144      0x21e ./Drivers/STM32F4xx_HAL_Driver/Src/stm32f4xx_hal_pcd.o
                0x0000000008006144                HAL_PCD_Init
 .text.HAL_PCD_Start
                0x0000000008006362       0x6a ./Drivers/STM32F4xx_HAL_Driver/Src/stm32f4xx_hal_pcd.o
                0x0000000008006362                HAL_PCD_Start
 .text.HAL_PCD_IRQHandler
                0x00000000080063cc      0x942 ./Drivers/STM32F4xx_HAL_Driver/Src/stm32f4xx_hal_pcd.o
                0x00000000080063cc                HAL_PCD_IRQHandler
 .text.HAL_PCD_SetAddress
                0x0000000008006d0e       0x48 ./Drivers/STM32F4xx_HAL_Driver/Src/stm32f4xx_hal_pcd.o
                0x0000000008006d0e                HAL_PCD_SetAddress
 .text.HAL_PCD_EP_Open
                0x0000000008006d56       0xd0 ./Drivers/STM32F4xx_HAL_Driver/Src/stm32f4xx_hal_pcd.o
                0x0000000008006d56                HAL_PCD_EP_Open
 .text.HAL_PCD_EP_Close
                0x0000000008006e26       0x94 ./Drivers/STM32F4xx_HAL_Driver/Src/stm32f4xx_hal_pcd.o
                0x0000000008006e26                HAL_PCD_EP_Close
 .text.HAL_PCD_EP_Receive
                0x0000000008006eba       0x76 ./Drivers/STM32F4xx_HAL_Driver/Src/stm32f4xx_hal_pcd.o
                0x0000000008006eba                HAL_PCD_EP_Receive
 .text.HAL_PCD_EP_GetRxCount
                0x0000000008006f30       0x30 ./Drivers/STM32F4xx_HAL_Driver/Src/stm32f4xx_hal_pcd.o
                0x0000000008006f30                HAL_PCD_EP_GetRxCount
 .text.HAL_PCD_EP_Transmit
                0x0000000008006f60       0x74 ./Drivers/STM32F4xx_HAL_Driver/Src/stm32f4xx_hal_pcd.o
                0x0000000008006f60                HAL_PCD_EP_Transmit
 .text.HAL_PCD_EP_SetStall
                0x0000000008006fd4       0xc6 ./Drivers/STM32F4xx_HAL_Driver/Src/stm32f4xx_hal_pcd.o
                0x0000000008006fd4                HAL_PCD_EP_SetStall
 .text.HAL_PCD_EP_ClrStall
                0x000000000800709a       0xac ./Drivers/STM32F4xx_HAL_Driver/Src/stm32f4xx_hal_pcd.o
                0x000000000800709a                HAL_PCD_EP_ClrStall
 .text.HAL_PCD_EP_Abort
                0x0000000008007146       0x62 ./Drivers/STM32F4xx_HAL_Driver/Src/stm32f4xx_hal_pcd.o
                0x0000000008007146                HAL_PCD_EP_Abort
 .text.PCD_WriteEmptyTxFifo
                0x00000000080071a8      0x118 ./Drivers/STM32F4xx_HAL_Driver/Src/stm32f4xx_hal_pcd.o
 .text.PCD_EP_OutXfrComplete_int
                0x00000000080072c0      0x1d0 ./Drivers/STM32F4xx_HAL_Driver/Src/stm32f4xx_hal_pcd.o
 .text.PCD_EP_OutSetupPacket_int
                0x0000000008007490       0x8c ./Drivers/STM32F4xx_HAL_Driver/Src/stm32f4xx_hal_pcd.o
 .text.HAL_PCDEx_SetTxFiFo
                0x000000000800751c       0x8e ./Drivers/STM32F4xx_HAL_Driver/Src/stm32f4xx_hal_pcd_ex.o
                0x000000000800751c                HAL_PCDEx_SetTxFiFo
 .text.HAL_PCDEx_SetRxFiFo
                0x00000000080075aa       0x22 ./Drivers/STM32F4xx_HAL_Driver/Src/stm32f4xx_hal_pcd_ex.o
                0x00000000080075aa                HAL_PCDEx_SetRxFiFo
 .text.HAL_PCDEx_LPM_Callback
                0x00000000080075cc       0x18 ./Drivers/STM32F4xx_HAL_Driver/Src/stm32f4xx_hal_pcd_ex.o
                0x00000000080075cc                HAL_PCDEx_LPM_Callback
 .text.HAL_RCC_OscConfig
                0x00000000080075e4      0x4f0 ./Drivers/STM32F4xx_HAL_Driver/Src/stm32f4xx_hal_rcc.o
                0x00000000080075e4                HAL_RCC_OscConfig
 .text.HAL_RCC_ClockConfig
                0x0000000008007ad4      0x1cc ./Drivers/STM32F4xx_HAL_Driver/Src/stm32f4xx_hal_rcc.o
                0x0000000008007ad4                HAL_RCC_ClockConfig
 .text.HAL_RCC_GetSysClockFreq
                0x0000000008007ca0      0x20c ./Drivers/STM32F4xx_HAL_Driver/Src/stm32f4xx_hal_rcc.o
                0x0000000008007ca0                HAL_RCC_GetSysClockFreq
 .text.HAL_RCC_GetHCLKFreq
                0x0000000008007eac       0x18 ./Drivers/STM32F4xx_HAL_Driver/Src/stm32f4xx_hal_rcc.o
                0x0000000008007eac                HAL_RCC_GetHCLKFreq
 .text.HAL_RCC_GetPCLK1Freq
                0x0000000008007ec4       0x28 ./Drivers/STM32F4xx_HAL_Driver/Src/stm32f4xx_hal_rcc.o
                0x0000000008007ec4                HAL_RCC_GetPCLK1Freq
 .text.HAL_RCC_GetPCLK2Freq
                0x0000000008007eec       0x28 ./Drivers/STM32F4xx_HAL_Driver/Src/stm32f4xx_hal_rcc.o
                0x0000000008007eec                HAL_RCC_GetPCLK2Freq
 .text.HAL_RCC_GetClockConfig
                0x0000000008007f14       0x64 ./Drivers/STM32F4xx_HAL_Driver/Src/stm32f4xx_hal_rcc.o
                0x0000000008007f14                HAL_RCC_GetClockConfig
 .text.HAL_TIM_Base_Init
                0x0000000008007f78       0x9e ./Drivers/STM32F4xx_HAL_Driver/Src/stm32f4xx_hal_tim.o
                0x0000000008007f78                HAL_TIM_Base_Init
 .text.HAL_TIM_Base_MspInit
                0x0000000008008016       0x14 ./Drivers/STM32F4xx_HAL_Driver/Src/stm32f4xx_hal_tim.o
                0x0000000008008016                HAL_TIM_Base_MspInit
 *fill*         0x000000000800802a        0x2 
 .text.HAL_TIM_Base_Start_IT
                0x000000000800802c       0xe0 ./Drivers/STM32F4xx_HAL_Driver/Src/stm32f4xx_hal_tim.o
                0x000000000800802c                HAL_TIM_Base_Start_IT
 .text.HAL_TIM_PWM_Init
                0x000000000800810c       0x9e ./Drivers/STM32F4xx_HAL_Driver/Src/stm32f4xx_hal_tim.o
                0x000000000800810c                HAL_TIM_PWM_Init
 *fill*         0x00000000080081aa        0x2 
 .text.HAL_TIM_PWM_Start
                0x00000000080081ac      0x190 ./Drivers/STM32F4xx_HAL_Driver/Src/stm32f4xx_hal_tim.o
                0x00000000080081ac                HAL_TIM_PWM_Start
 .text.HAL_TIM_PWM_Start_DMA
                0x000000000800833c      0x390 ./Drivers/STM32F4xx_HAL_Driver/Src/stm32f4xx_hal_tim.o
                0x000000000800833c                HAL_TIM_PWM_Start_DMA
 .text.HAL_TIM_PWM_Stop_DMA
                0x00000000080086cc      0x1a4 ./Drivers/STM32F4xx_HAL_Driver/Src/stm32f4xx_hal_tim.o
                0x00000000080086cc                HAL_TIM_PWM_Stop_DMA
 .text.HAL_TIM_IRQHandler
                0x0000000008008870      0x1e0 ./Drivers/STM32F4xx_HAL_Driver/Src/stm32f4xx_hal_tim.o
                0x0000000008008870                HAL_TIM_IRQHandler
 .text.HAL_TIM_PWM_ConfigChannel
                0x0000000008008a50      0x184 ./Drivers/STM32F4xx_HAL_Driver/Src/stm32f4xx_hal_tim.o
                0x0000000008008a50                HAL_TIM_PWM_ConfigChannel
 .text.HAL_TIM_OC_DelayElapsedCallback
                0x0000000008008bd4       0x14 ./Drivers/STM32F4xx_HAL_Driver/Src/stm32f4xx_hal_tim.o
                0x0000000008008bd4                HAL_TIM_OC_DelayElapsedCallback
 .text.HAL_TIM_IC_CaptureCallback
                0x0000000008008be8       0x14 ./Drivers/STM32F4xx_HAL_Driver/Src/stm32f4xx_hal_tim.o
                0x0000000008008be8                HAL_TIM_IC_CaptureCallback
 .text.HAL_TIM_PWM_PulseFinishedHalfCpltCallback
                0x0000000008008bfc       0x14 ./Drivers/STM32F4xx_HAL_Driver/Src/stm32f4xx_hal_tim.o
                0x0000000008008bfc                HAL_TIM_PWM_PulseFinishedHalfCpltCallback
 .text.HAL_TIM_TriggerCallback
                0x0000000008008c10       0x14 ./Drivers/STM32F4xx_HAL_Driver/Src/stm32f4xx_hal_tim.o
                0x0000000008008c10                HAL_TIM_TriggerCallback
 .text.HAL_TIM_ErrorCallback
                0x0000000008008c24       0x14 ./Drivers/STM32F4xx_HAL_Driver/Src/stm32f4xx_hal_tim.o
                0x0000000008008c24                HAL_TIM_ErrorCallback
 .text.TIM_DMAError
                0x0000000008008c38       0x92 ./Drivers/STM32F4xx_HAL_Driver/Src/stm32f4xx_hal_tim.o
                0x0000000008008c38                TIM_DMAError
 .text.TIM_DMADelayPulseCplt
                0x0000000008008cca       0xa8 ./Drivers/STM32F4xx_HAL_Driver/Src/stm32f4xx_hal_tim.o
 .text.TIM_DMADelayPulseHalfCplt
                0x0000000008008d72       0x68 ./Drivers/STM32F4xx_HAL_Driver/Src/stm32f4xx_hal_tim.o
                0x0000000008008d72                TIM_DMADelayPulseHalfCplt
 *fill*         0x0000000008008dda        0x2 
 .text.TIM_Base_SetConfig
                0x0000000008008ddc      0x158 ./Drivers/STM32F4xx_HAL_Driver/Src/stm32f4xx_hal_tim.o
                0x0000000008008ddc                TIM_Base_SetConfig
 .text.TIM_OC1_SetConfig
                0x0000000008008f34       0xe0 ./Drivers/STM32F4xx_HAL_Driver/Src/stm32f4xx_hal_tim.o
 .text.TIM_OC2_SetConfig
                0x0000000008009014       0xec ./Drivers/STM32F4xx_HAL_Driver/Src/stm32f4xx_hal_tim.o
                0x0000000008009014                TIM_OC2_SetConfig
 .text.TIM_OC3_SetConfig
                0x0000000008009100       0xe8 ./Drivers/STM32F4xx_HAL_Driver/Src/stm32f4xx_hal_tim.o
 .text.TIM_OC4_SetConfig
                0x00000000080091e8       0xac ./Drivers/STM32F4xx_HAL_Driver/Src/stm32f4xx_hal_tim.o
 .text.TIM_CCxChannelCmd
                0x0000000008009294       0x4a ./Drivers/STM32F4xx_HAL_Driver/Src/stm32f4xx_hal_tim.o
                0x0000000008009294                TIM_CCxChannelCmd
 *fill*         0x00000000080092de        0x2 
 .text.HAL_TIMEx_MasterConfigSynchronization
                0x00000000080092e0       0xf8 ./Drivers/STM32F4xx_HAL_Driver/Src/stm32f4xx_hal_tim_ex.o
                0x00000000080092e0                HAL_TIMEx_MasterConfigSynchronization
 .text.HAL_TIMEx_CommutCallback
                0x00000000080093d8       0x14 ./Drivers/STM32F4xx_HAL_Driver/Src/stm32f4xx_hal_tim_ex.o
                0x00000000080093d8                HAL_TIMEx_CommutCallback
 .text.HAL_TIMEx_BreakCallback
                0x00000000080093ec       0x14 ./Drivers/STM32F4xx_HAL_Driver/Src/stm32f4xx_hal_tim_ex.o
                0x00000000080093ec                HAL_TIMEx_BreakCallback
 .text.HAL_UART_Init
                0x0000000008009400       0xa0 ./Drivers/STM32F4xx_HAL_Driver/Src/stm32f4xx_hal_uart.o
                0x0000000008009400                HAL_UART_Init
 .text.HAL_UART_Receive_IT
                0x00000000080094a0       0x4a ./Drivers/STM32F4xx_HAL_Driver/Src/stm32f4xx_hal_uart.o
                0x00000000080094a0                HAL_UART_Receive_IT
 *fill*         0x00000000080094ea        0x2 
 .text.HAL_UART_IRQHandler
                0x00000000080094ec      0x524 ./Drivers/STM32F4xx_HAL_Driver/Src/stm32f4xx_hal_uart.o
                0x00000000080094ec                HAL_UART_IRQHandler
 .text.HAL_UART_TxCpltCallback
                0x0000000008009a10       0x14 ./Drivers/STM32F4xx_HAL_Driver/Src/stm32f4xx_hal_uart.o
                0x0000000008009a10                HAL_UART_TxCpltCallback
 .text.HAL_UART_ErrorCallback
                0x0000000008009a24       0x14 ./Drivers/STM32F4xx_HAL_Driver/Src/stm32f4xx_hal_uart.o
                0x0000000008009a24                HAL_UART_ErrorCallback
 .text.HAL_UARTEx_RxEventCallback
                0x0000000008009a38       0x18 ./Drivers/STM32F4xx_HAL_Driver/Src/stm32f4xx_hal_uart.o
                0x0000000008009a38                HAL_UARTEx_RxEventCallback
 .text.UART_Start_Receive_IT
                0x0000000008009a50       0x74 ./Drivers/STM32F4xx_HAL_Driver/Src/stm32f4xx_hal_uart.o
                0x0000000008009a50                UART_Start_Receive_IT
 .text.UART_EndRxTransfer
                0x0000000008009ac4       0xc6 ./Drivers/STM32F4xx_HAL_Driver/Src/stm32f4xx_hal_uart.o
 .text.UART_DMAAbortOnError
                0x0000000008009b8a       0x28 ./Drivers/STM32F4xx_HAL_Driver/Src/stm32f4xx_hal_uart.o
 .text.UART_Transmit_IT
                0x0000000008009bb2       0xa0 ./Drivers/STM32F4xx_HAL_Driver/Src/stm32f4xx_hal_uart.o
 .text.UART_EndTransmit_IT
                0x0000000008009c52       0x30 ./Drivers/STM32F4xx_HAL_Driver/Src/stm32f4xx_hal_uart.o
 .text.UART_Receive_IT
                0x0000000008009c82      0x17c ./Drivers/STM32F4xx_HAL_Driver/Src/stm32f4xx_hal_uart.o
 *fill*         0x0000000008009dfe        0x2 
 .text.UART_SetConfig
                0x0000000008009e00      0x4e8 ./Drivers/STM32F4xx_HAL_Driver/Src/stm32f4xx_hal_uart.o
 .text.USB_CoreInit
                0x000000000800a2e8       0xc8 ./Drivers/STM32F4xx_HAL_Driver/Src/stm32f4xx_ll_usb.o
                0x000000000800a2e8                USB_CoreInit
 .text.USB_SetTurnaroundTime
                0x000000000800a3b0      0x144 ./Drivers/STM32F4xx_HAL_Driver/Src/stm32f4xx_ll_usb.o
                0x000000000800a3b0                USB_SetTurnaroundTime
 .text.USB_EnableGlobalInt
                0x000000000800a4f4       0x22 ./Drivers/STM32F4xx_HAL_Driver/Src/stm32f4xx_ll_usb.o
                0x000000000800a4f4                USB_EnableGlobalInt
 .text.USB_DisableGlobalInt
                0x000000000800a516       0x22 ./Drivers/STM32F4xx_HAL_Driver/Src/stm32f4xx_ll_usb.o
                0x000000000800a516                USB_DisableGlobalInt
 .text.USB_SetCurrentMode
                0x000000000800a538       0x98 ./Drivers/STM32F4xx_HAL_Driver/Src/stm32f4xx_ll_usb.o
                0x000000000800a538                USB_SetCurrentMode
 .text.USB_DevInit
                0x000000000800a5d0      0x2c8 ./Drivers/STM32F4xx_HAL_Driver/Src/stm32f4xx_ll_usb.o
                0x000000000800a5d0                USB_DevInit
 .text.USB_FlushTxFifo
                0x000000000800a898       0x64 ./Drivers/STM32F4xx_HAL_Driver/Src/stm32f4xx_ll_usb.o
                0x000000000800a898                USB_FlushTxFifo
 .text.USB_FlushRxFifo
                0x000000000800a8fc       0x5c ./Drivers/STM32F4xx_HAL_Driver/Src/stm32f4xx_ll_usb.o
                0x000000000800a8fc                USB_FlushRxFifo
 .text.USB_SetDevSpeed
                0x000000000800a958       0x32 ./Drivers/STM32F4xx_HAL_Driver/Src/stm32f4xx_ll_usb.o
                0x000000000800a958                USB_SetDevSpeed
 .text.USB_GetDevSpeed
                0x000000000800a98a       0x4a ./Drivers/STM32F4xx_HAL_Driver/Src/stm32f4xx_ll_usb.o
                0x000000000800a98a                USB_GetDevSpeed
 .text.USB_ActivateEndpoint
                0x000000000800a9d4      0x10e ./Drivers/STM32F4xx_HAL_Driver/Src/stm32f4xx_ll_usb.o
                0x000000000800a9d4                USB_ActivateEndpoint
 *fill*         0x000000000800aae2        0x2 
 .text.USB_DeactivateEndpoint
                0x000000000800aae4      0x1b8 ./Drivers/STM32F4xx_HAL_Driver/Src/stm32f4xx_ll_usb.o
                0x000000000800aae4                USB_DeactivateEndpoint
 .text.USB_EPStartXfer
                0x000000000800ac9c      0x530 ./Drivers/STM32F4xx_HAL_Driver/Src/stm32f4xx_ll_usb.o
                0x000000000800ac9c                USB_EPStartXfer
 .text.USB_EPStopXfer
                0x000000000800b1cc      0x154 ./Drivers/STM32F4xx_HAL_Driver/Src/stm32f4xx_ll_usb.o
                0x000000000800b1cc                USB_EPStopXfer
 .text.USB_WritePacket
                0x000000000800b320       0x7c ./Drivers/STM32F4xx_HAL_Driver/Src/stm32f4xx_ll_usb.o
                0x000000000800b320                USB_WritePacket
 .text.USB_ReadPacket
                0x000000000800b39c       0xb0 ./Drivers/STM32F4xx_HAL_Driver/Src/stm32f4xx_ll_usb.o
                0x000000000800b39c                USB_ReadPacket
 .text.USB_EPSetStall
                0x000000000800b44c       0xdc ./Drivers/STM32F4xx_HAL_Driver/Src/stm32f4xx_ll_usb.o
                0x000000000800b44c                USB_EPSetStall
 .text.USB_EPClearStall
                0x000000000800b528       0xcc ./Drivers/STM32F4xx_HAL_Driver/Src/stm32f4xx_ll_usb.o
                0x000000000800b528                USB_EPClearStall
 .text.USB_SetDevAddress
                0x000000000800b5f4       0x4c ./Drivers/STM32F4xx_HAL_Driver/Src/stm32f4xx_ll_usb.o
                0x000000000800b5f4                USB_SetDevAddress
 .text.USB_DevConnect
                0x000000000800b640       0x42 ./Drivers/STM32F4xx_HAL_Driver/Src/stm32f4xx_ll_usb.o
                0x000000000800b640                USB_DevConnect
 .text.USB_DevDisconnect
                0x000000000800b682       0x42 ./Drivers/STM32F4xx_HAL_Driver/Src/stm32f4xx_ll_usb.o
                0x000000000800b682                USB_DevDisconnect
 .text.USB_ReadInterrupts
                0x000000000800b6c4       0x26 ./Drivers/STM32F4xx_HAL_Driver/Src/stm32f4xx_ll_usb.o
                0x000000000800b6c4                USB_ReadInterrupts
 .text.USB_ReadDevAllOutEpInterrupt
                0x000000000800b6ea       0x34 ./Drivers/STM32F4xx_HAL_Driver/Src/stm32f4xx_ll_usb.o
                0x000000000800b6ea                USB_ReadDevAllOutEpInterrupt
 .text.USB_ReadDevAllInEpInterrupt
                0x000000000800b71e       0x34 ./Drivers/STM32F4xx_HAL_Driver/Src/stm32f4xx_ll_usb.o
                0x000000000800b71e                USB_ReadDevAllInEpInterrupt
 .text.USB_ReadDevOutEPInterrupt
                0x000000000800b752       0x3c ./Drivers/STM32F4xx_HAL_Driver/Src/stm32f4xx_ll_usb.o
                0x000000000800b752                USB_ReadDevOutEPInterrupt
 .text.USB_ReadDevInEPInterrupt
                0x000000000800b78e       0x5c ./Drivers/STM32F4xx_HAL_Driver/Src/stm32f4xx_ll_usb.o
                0x000000000800b78e                USB_ReadDevInEPInterrupt
 .text.USB_GetMode
                0x000000000800b7ea       0x1c ./Drivers/STM32F4xx_HAL_Driver/Src/stm32f4xx_ll_usb.o
                0x000000000800b7ea                USB_GetMode
 .text.USB_ActivateSetup
                0x000000000800b806       0x46 ./Drivers/STM32F4xx_HAL_Driver/Src/stm32f4xx_ll_usb.o
                0x000000000800b806                USB_ActivateSetup
 .text.USB_EP0_OutStart
                0x000000000800b84c       0xbc ./Drivers/STM32F4xx_HAL_Driver/Src/stm32f4xx_ll_usb.o
                0x000000000800b84c                USB_EP0_OutStart
 .text.USB_CoreReset
                0x000000000800b908       0x62 ./Drivers/STM32F4xx_HAL_Driver/Src/stm32f4xx_ll_usb.o
 *fill*         0x000000000800b96a        0x2 
 .text.USBD_CDC_Init
                0x000000000800b96c      0x1f0 ./Middlewares/ST/STM32_USB_Device_Library/Class/CDC/Src/usbd_cdc.o
 .text.USBD_CDC_DeInit
                0x000000000800bb5c      0x104 ./Middlewares/ST/STM32_USB_Device_Library/Class/CDC/Src/usbd_cdc.o
 .text.USBD_CDC_Setup
                0x000000000800bc60      0x1b8 ./Middlewares/ST/STM32_USB_Device_Library/Class/CDC/Src/usbd_cdc.o
 .text.USBD_CDC_DataIn
                0x000000000800be18       0xfe ./Middlewares/ST/STM32_USB_Device_Library/Class/CDC/Src/usbd_cdc.o
 .text.USBD_CDC_DataOut
                0x000000000800bf16       0x70 ./Middlewares/ST/STM32_USB_Device_Library/Class/CDC/Src/usbd_cdc.o
 .text.USBD_CDC_EP0_RxReady
                0x000000000800bf86       0x76 ./Middlewares/ST/STM32_USB_Device_Library/Class/CDC/Src/usbd_cdc.o
 .text.USBD_CDC_GetFSCfgDesc
                0x000000000800bffc       0x70 ./Middlewares/ST/STM32_USB_Device_Library/Class/CDC/Src/usbd_cdc.o
 .text.USBD_CDC_GetHSCfgDesc
                0x000000000800c06c       0x70 ./Middlewares/ST/STM32_USB_Device_Library/Class/CDC/Src/usbd_cdc.o
 .text.USBD_CDC_GetOtherSpeedCfgDesc
                0x000000000800c0dc       0x70 ./Middlewares/ST/STM32_USB_Device_Library/Class/CDC/Src/usbd_cdc.o
 .text.USBD_CDC_GetDeviceQualifierDescriptor
                0x000000000800c14c       0x20 ./Middlewares/ST/STM32_USB_Device_Library/Class/CDC/Src/usbd_cdc.o
                0x000000000800c14c                USBD_CDC_GetDeviceQualifierDescriptor
 .text.USBD_CDC_RegisterInterface
                0x000000000800c16c       0x34 ./Middlewares/ST/STM32_USB_Device_Library/Class/CDC/Src/usbd_cdc.o
                0x000000000800c16c                USBD_CDC_RegisterInterface
 .text.USBD_CDC_SetTxBuffer
                0x000000000800c1a0       0x44 ./Middlewares/ST/STM32_USB_Device_Library/Class/CDC/Src/usbd_cdc.o
                0x000000000800c1a0                USBD_CDC_SetTxBuffer
 .text.USBD_CDC_SetRxBuffer
                0x000000000800c1e4       0x3a ./Middlewares/ST/STM32_USB_Device_Library/Class/CDC/Src/usbd_cdc.o
                0x000000000800c1e4                USBD_CDC_SetRxBuffer
 *fill*         0x000000000800c21e        0x2 
 .text.USBD_CDC_TransmitPacket
                0x000000000800c220       0x80 ./Middlewares/ST/STM32_USB_Device_Library/Class/CDC/Src/usbd_cdc.o
                0x000000000800c220                USBD_CDC_TransmitPacket
 .text.USBD_CDC_ReceivePacket
                0x000000000800c2a0       0x6c ./Middlewares/ST/STM32_USB_Device_Library/Class/CDC/Src/usbd_cdc.o
                0x000000000800c2a0                USBD_CDC_ReceivePacket
 .text.USBD_Init
                0x000000000800c30c       0x60 ./Middlewares/ST/STM32_USB_Device_Library/Core/Src/usbd_core.o
                0x000000000800c30c                USBD_Init
 .text.USBD_RegisterClass
                0x000000000800c36c       0x6c ./Middlewares/ST/STM32_USB_Device_Library/Core/Src/usbd_core.o
                0x000000000800c36c                USBD_RegisterClass
 .text.USBD_Start
                0x000000000800c3d8       0x18 ./Middlewares/ST/STM32_USB_Device_Library/Core/Src/usbd_core.o
                0x000000000800c3d8                USBD_Start
 .text.USBD_RunTestMode
                0x000000000800c3f0       0x16 ./Middlewares/ST/STM32_USB_Device_Library/Core/Src/usbd_core.o
                0x000000000800c3f0                USBD_RunTestMode
 .text.USBD_SetClassConfig
                0x000000000800c406       0x38 ./Middlewares/ST/STM32_USB_Device_Library/Core/Src/usbd_core.o
                0x000000000800c406                USBD_SetClassConfig
 .text.USBD_ClrClassConfig
                0x000000000800c43e       0x34 ./Middlewares/ST/STM32_USB_Device_Library/Core/Src/usbd_core.o
                0x000000000800c43e                USBD_ClrClassConfig
 .text.USBD_LL_SetupStage
                0x000000000800c472       0xaa ./Middlewares/ST/STM32_USB_Device_Library/Core/Src/usbd_core.o
                0x000000000800c472                USBD_LL_SetupStage
 .text.USBD_LL_DataOutStage
                0x000000000800c51c      0x166 ./Middlewares/ST/STM32_USB_Device_Library/Core/Src/usbd_core.o
                0x000000000800c51c                USBD_LL_DataOutStage
 .text.USBD_LL_DataInStage
                0x000000000800c682      0x164 ./Middlewares/ST/STM32_USB_Device_Library/Core/Src/usbd_core.o
                0x000000000800c682                USBD_LL_DataInStage
 .text.USBD_LL_Reset
                0x000000000800c7e6       0xa4 ./Middlewares/ST/STM32_USB_Device_Library/Core/Src/usbd_core.o
                0x000000000800c7e6                USBD_LL_Reset
 .text.USBD_LL_SetSpeed
                0x000000000800c88a       0x20 ./Middlewares/ST/STM32_USB_Device_Library/Core/Src/usbd_core.o
                0x000000000800c88a                USBD_LL_SetSpeed
 .text.USBD_LL_Suspend
                0x000000000800c8aa       0x38 ./Middlewares/ST/STM32_USB_Device_Library/Core/Src/usbd_core.o
                0x000000000800c8aa                USBD_LL_Suspend
 .text.USBD_LL_Resume
                0x000000000800c8e2       0x30 ./Middlewares/ST/STM32_USB_Device_Library/Core/Src/usbd_core.o
                0x000000000800c8e2                USBD_LL_Resume
 .text.USBD_LL_SOF
                0x000000000800c912       0x40 ./Middlewares/ST/STM32_USB_Device_Library/Core/Src/usbd_core.o
                0x000000000800c912                USBD_LL_SOF
 .text.USBD_LL_IsoINIncomplete
                0x000000000800c952       0x64 ./Middlewares/ST/STM32_USB_Device_Library/Core/Src/usbd_core.o
                0x000000000800c952                USBD_LL_IsoINIncomplete
 .text.USBD_LL_IsoOUTIncomplete
                0x000000000800c9b6       0x64 ./Middlewares/ST/STM32_USB_Device_Library/Core/Src/usbd_core.o
                0x000000000800c9b6                USBD_LL_IsoOUTIncomplete
 .text.USBD_LL_DevConnected
                0x000000000800ca1a       0x16 ./Middlewares/ST/STM32_USB_Device_Library/Core/Src/usbd_core.o
                0x000000000800ca1a                USBD_LL_DevConnected
 .text.USBD_LL_DevDisconnected
                0x000000000800ca30       0x46 ./Middlewares/ST/STM32_USB_Device_Library/Core/Src/usbd_core.o
                0x000000000800ca30                USBD_LL_DevDisconnected
 .text.USBD_CoreFindIF
                0x000000000800ca76       0x1a ./Middlewares/ST/STM32_USB_Device_Library/Core/Src/usbd_core.o
                0x000000000800ca76                USBD_CoreFindIF
 .text.USBD_CoreFindEP
                0x000000000800ca90       0x1a ./Middlewares/ST/STM32_USB_Device_Library/Core/Src/usbd_core.o
                0x000000000800ca90                USBD_CoreFindEP
 .text.USBD_GetEpDesc
                0x000000000800caaa       0x74 ./Middlewares/ST/STM32_USB_Device_Library/Core/Src/usbd_core.o
                0x000000000800caaa                USBD_GetEpDesc
 .text.USBD_GetNextDesc
                0x000000000800cb1e       0x3a ./Middlewares/ST/STM32_USB_Device_Library/Core/Src/usbd_core.o
                0x000000000800cb1e                USBD_GetNextDesc
 .text.SWAPBYTE
                0x000000000800cb58       0x3c ./Middlewares/ST/STM32_USB_Device_Library/Core/Src/usbd_ctlreq.o
 .text.USBD_StdDevReq
                0x000000000800cb94       0xe4 ./Middlewares/ST/STM32_USB_Device_Library/Core/Src/usbd_ctlreq.o
                0x000000000800cb94                USBD_StdDevReq
 .text.USBD_StdItfReq
                0x000000000800cc78       0xd8 ./Middlewares/ST/STM32_USB_Device_Library/Core/Src/usbd_ctlreq.o
                0x000000000800cc78                USBD_StdItfReq
 .text.USBD_StdEPReq
                0x000000000800cd50      0x33a ./Middlewares/ST/STM32_USB_Device_Library/Core/Src/usbd_ctlreq.o
                0x000000000800cd50                USBD_StdEPReq
 *fill*         0x000000000800d08a        0x2 
 .text.USBD_GetDescriptor
                0x000000000800d08c      0x2d4 ./Middlewares/ST/STM32_USB_Device_Library/Core/Src/usbd_ctlreq.o
 .text.USBD_SetAddress
                0x000000000800d360       0x88 ./Middlewares/ST/STM32_USB_Device_Library/Core/Src/usbd_ctlreq.o
 .text.USBD_SetConfig
                0x000000000800d3e8      0x154 ./Middlewares/ST/STM32_USB_Device_Library/Core/Src/usbd_ctlreq.o
 .text.USBD_GetConfig
                0x000000000800d53c       0x6c ./Middlewares/ST/STM32_USB_Device_Library/Core/Src/usbd_ctlreq.o
 .text.USBD_GetStatus
                0x000000000800d5a8       0x68 ./Middlewares/ST/STM32_USB_Device_Library/Core/Src/usbd_ctlreq.o
 .text.USBD_SetFeature
                0x000000000800d610       0x52 ./Middlewares/ST/STM32_USB_Device_Library/Core/Src/usbd_ctlreq.o
 .text.USBD_ClrFeature
                0x000000000800d662       0x44 ./Middlewares/ST/STM32_USB_Device_Library/Core/Src/usbd_ctlreq.o
 .text.USBD_ParseSetupRequest
                0x000000000800d6a6       0x74 ./Middlewares/ST/STM32_USB_Device_Library/Core/Src/usbd_ctlreq.o
                0x000000000800d6a6                USBD_ParseSetupRequest
 .text.USBD_CtlError
                0x000000000800d71a       0x22 ./Middlewares/ST/STM32_USB_Device_Library/Core/Src/usbd_ctlreq.o
                0x000000000800d71a                USBD_CtlError
 .text.USBD_GetString
                0x000000000800d73c       0x8c ./Middlewares/ST/STM32_USB_Device_Library/Core/Src/usbd_ctlreq.o
                0x000000000800d73c                USBD_GetString
 .text.USBD_GetLen
                0x000000000800d7c8       0x34 ./Middlewares/ST/STM32_USB_Device_Library/Core/Src/usbd_ctlreq.o
 .text.USBD_CtlSendData
                0x000000000800d7fc       0x36 ./Middlewares/ST/STM32_USB_Device_Library/Core/Src/usbd_ioreq.o
                0x000000000800d7fc                USBD_CtlSendData
 .text.USBD_CtlContinueSendData
                0x000000000800d832       0x22 ./Middlewares/ST/STM32_USB_Device_Library/Core/Src/usbd_ioreq.o
                0x000000000800d832                USBD_CtlContinueSendData
 .text.USBD_CtlPrepareRx
                0x000000000800d854       0x3a ./Middlewares/ST/STM32_USB_Device_Library/Core/Src/usbd_ioreq.o
                0x000000000800d854                USBD_CtlPrepareRx
 .text.USBD_CtlContinueRx
                0x000000000800d88e       0x22 ./Middlewares/ST/STM32_USB_Device_Library/Core/Src/usbd_ioreq.o
                0x000000000800d88e                USBD_CtlContinueRx
 .text.USBD_CtlSendStatus
                0x000000000800d8b0       0x26 ./Middlewares/ST/STM32_USB_Device_Library/Core/Src/usbd_ioreq.o
                0x000000000800d8b0                USBD_CtlSendStatus
 .text.USBD_CtlReceiveStatus
                0x000000000800d8d6       0x26 ./Middlewares/ST/STM32_USB_Device_Library/Core/Src/usbd_ioreq.o
                0x000000000800d8d6                USBD_CtlReceiveStatus
 .text.makeFreeRtosPriority
                0x000000000800d8fc       0x30 ./Middlewares/Third_Party/FreeRTOS/Source/CMSIS_RTOS/cmsis_os.o
 .text.osKernelStart
                0x000000000800d92c        0xe ./Middlewares/Third_Party/FreeRTOS/Source/CMSIS_RTOS/cmsis_os.o
                0x000000000800d92c                osKernelStart
 .text.osThreadCreate
                0x000000000800d93a       0x98 ./Middlewares/Third_Party/FreeRTOS/Source/CMSIS_RTOS/cmsis_os.o
                0x000000000800d93a                osThreadCreate
 .text.osDelay  0x000000000800d9d2       0x28 ./Middlewares/Third_Party/FreeRTOS/Source/CMSIS_RTOS/cmsis_os.o
                0x000000000800d9d2                osDelay
 .text.vListInitialise
                0x000000000800d9fa       0x40 ./Middlewares/Third_Party/FreeRTOS/Source/list.o
                0x000000000800d9fa                vListInitialise
 .text.vListInitialiseItem
                0x000000000800da3a       0x1a ./Middlewares/Third_Party/FreeRTOS/Source/list.o
                0x000000000800da3a                vListInitialiseItem
 .text.vListInsertEnd
                0x000000000800da54       0x48 ./Middlewares/Third_Party/FreeRTOS/Source/list.o
                0x000000000800da54                vListInsertEnd
 .text.vListInsert
                0x000000000800da9c       0x72 ./Middlewares/Third_Party/FreeRTOS/Source/list.o
                0x000000000800da9c                vListInsert
 .text.uxListRemove
                0x000000000800db0e       0x54 ./Middlewares/Third_Party/FreeRTOS/Source/list.o
                0x000000000800db0e                uxListRemove
 .text.xTaskCreateStatic
                0x000000000800db62       0xba ./Middlewares/Third_Party/FreeRTOS/Source/tasks.o
                0x000000000800db62                xTaskCreateStatic
 .text.xTaskCreate
                0x000000000800dc1c       0x8a ./Middlewares/Third_Party/FreeRTOS/Source/tasks.o
                0x000000000800dc1c                xTaskCreate
 .text.prvInitialiseNewTask
                0x000000000800dca6      0x10e ./Middlewares/Third_Party/FreeRTOS/Source/tasks.o
 .text.prvAddNewTaskToReadyList
                0x000000000800ddb4       0xd4 ./Middlewares/Third_Party/FreeRTOS/Source/tasks.o
 .text.vTaskDelay
                0x000000000800de88       0x68 ./Middlewares/Third_Party/FreeRTOS/Source/tasks.o
                0x000000000800de88                vTaskDelay
 .text.vTaskStartScheduler
                0x000000000800def0       0xc0 ./Middlewares/Third_Party/FreeRTOS/Source/tasks.o
                0x000000000800def0                vTaskStartScheduler
 .text.vTaskSuspendAll
                0x000000000800dfb0       0x1c ./Middlewares/Third_Party/FreeRTOS/Source/tasks.o
                0x000000000800dfb0                vTaskSuspendAll
 .text.xTaskResumeAll
                0x000000000800dfcc      0x138 ./Middlewares/Third_Party/FreeRTOS/Source/tasks.o
                0x000000000800dfcc                xTaskResumeAll
 .text.xTaskIncrementTick
                0x000000000800e104      0x170 ./Middlewares/Third_Party/FreeRTOS/Source/tasks.o
                0x000000000800e104                xTaskIncrementTick
 .text.vTaskSwitchContext
                0x000000000800e274       0xb8 ./Middlewares/Third_Party/FreeRTOS/Source/tasks.o
                0x000000000800e274                vTaskSwitchContext
 .text.prvIdleTask
                0x000000000800e32c       0x30 ./Middlewares/Third_Party/FreeRTOS/Source/tasks.o
 .text.prvInitialiseTaskLists
                0x000000000800e35c       0x80 ./Middlewares/Third_Party/FreeRTOS/Source/tasks.o
 .text.prvCheckTasksWaitingTermination
                0x000000000800e3dc       0x5c ./Middlewares/Third_Party/FreeRTOS/Source/tasks.o
 .text.prvDeleteTCB
                0x000000000800e438       0x5e ./Middlewares/Third_Party/FreeRTOS/Source/tasks.o
 *fill*         0x000000000800e496        0x2 
 .text.prvResetNextTaskUnblockTime
                0x000000000800e498       0x40 ./Middlewares/Third_Party/FreeRTOS/Source/tasks.o
 .text.prvAddCurrentTaskToDelayedList
                0x000000000800e4d8       0xcc ./Middlewares/Third_Party/FreeRTOS/Source/tasks.o
 .text.pxPortInitialiseStack
                0x000000000800e5a4       0x68 ./Middlewares/Third_Party/FreeRTOS/Source/portable/GCC/ARM_CM4F/port.o
                0x000000000800e5a4                pxPortInitialiseStack
 .text.prvTaskExitError
                0x000000000800e60c       0x58 ./Middlewares/Third_Party/FreeRTOS/Source/portable/GCC/ARM_CM4F/port.o
 *fill*         0x000000000800e664        0xc 
 .text.SVC_Handler
                0x000000000800e670       0x28 ./Middlewares/Third_Party/FreeRTOS/Source/portable/GCC/ARM_CM4F/port.o
                0x000000000800e670                SVC_Handler
 .text.prvPortStartFirstTask
                0x000000000800e698       0x28 ./Middlewares/Third_Party/FreeRTOS/Source/portable/GCC/ARM_CM4F/port.o
 .text.xPortStartScheduler
                0x000000000800e6c0      0x144 ./Middlewares/Third_Party/FreeRTOS/Source/portable/GCC/ARM_CM4F/port.o
                0x000000000800e6c0                xPortStartScheduler
 .text.vPortEnterCritical
                0x000000000800e804       0x60 ./Middlewares/Third_Party/FreeRTOS/Source/portable/GCC/ARM_CM4F/port.o
                0x000000000800e804                vPortEnterCritical
 .text.vPortExitCritical
                0x000000000800e864       0x54 ./Middlewares/Third_Party/FreeRTOS/Source/portable/GCC/ARM_CM4F/port.o
                0x000000000800e864                vPortExitCritical
 *fill*         0x000000000800e8b8        0x8 
 .text.PendSV_Handler
                0x000000000800e8c0       0x68 ./Middlewares/Third_Party/FreeRTOS/Source/portable/GCC/ARM_CM4F/port.o
                0x000000000800e8c0                PendSV_Handler
 .text.SysTick_Handler
                0x000000000800e928       0x44 ./Middlewares/Third_Party/FreeRTOS/Source/portable/GCC/ARM_CM4F/port.o
                0x000000000800e928                SysTick_Handler
 .text.vPortSetupTimerInterrupt
                0x000000000800e96c       0x48 ./Middlewares/Third_Party/FreeRTOS/Source/portable/GCC/ARM_CM4F/port.o
                0x000000000800e96c                vPortSetupTimerInterrupt
 .text.vPortEnableVFP
                0x000000000800e9b4       0x14 ./Middlewares/Third_Party/FreeRTOS/Source/portable/GCC/ARM_CM4F/port.o
 .text.pvPortMalloc
                0x000000000800e9c8      0x198 ./Middlewares/Third_Party/FreeRTOS/Source/portable/MemMang/heap_4.o
                0x000000000800e9c8                pvPortMalloc
 .text.vPortFree
                0x000000000800eb60       0xc4 ./Middlewares/Third_Party/FreeRTOS/Source/portable/MemMang/heap_4.o
                0x000000000800eb60                vPortFree
 .text.prvHeapInit
                0x000000000800ec24       0xc4 ./Middlewares/Third_Party/FreeRTOS/Source/portable/MemMang/heap_4.o
 .text.prvInsertBlockIntoFreeList
                0x000000000800ece8       0xb4 ./Middlewares/Third_Party/FreeRTOS/Source/portable/MemMang/heap_4.o
 .text.MX_USB_DEVICE_Init
                0x000000000800ed9c       0x60 ./USB_DEVICE/App/usb_device.o
                0x000000000800ed9c                MX_USB_DEVICE_Init
 .text.CDC_Init_FS
                0x000000000800edfc       0x28 ./USB_DEVICE/App/usbd_cdc_if.o
 .text.CDC_DeInit_FS
                0x000000000800ee24       0x10 ./USB_DEVICE/App/usbd_cdc_if.o
 .text.CDC_Control_FS
                0x000000000800ee34       0xbc ./USB_DEVICE/App/usbd_cdc_if.o
 .text.CDC_Receive_FS
                0x000000000800eef0       0x54 ./USB_DEVICE/App/usbd_cdc_if.o
 .text.CDC_Transmit_FS
                0x000000000800ef44       0x4c ./USB_DEVICE/App/usbd_cdc_if.o
                0x000000000800ef44                CDC_Transmit_FS
 .text.CDC_TransmitCplt_FS
                0x000000000800ef90       0x22 ./USB_DEVICE/App/usbd_cdc_if.o
 *fill*         0x000000000800efb2        0x2 
 .text.USBD_FS_DeviceDescriptor
                0x000000000800efb4       0x24 ./USB_DEVICE/App/usbd_desc.o
                0x000000000800efb4                USBD_FS_DeviceDescriptor
 .text.USBD_FS_LangIDStrDescriptor
                0x000000000800efd8       0x24 ./USB_DEVICE/App/usbd_desc.o
                0x000000000800efd8                USBD_FS_LangIDStrDescriptor
 .text.USBD_FS_ProductStrDescriptor
                0x000000000800effc       0x3c ./USB_DEVICE/App/usbd_desc.o
                0x000000000800effc                USBD_FS_ProductStrDescriptor
 .text.USBD_FS_ManufacturerStrDescriptor
                0x000000000800f038       0x28 ./USB_DEVICE/App/usbd_desc.o
                0x000000000800f038                USBD_FS_ManufacturerStrDescriptor
 .text.USBD_FS_SerialStrDescriptor
                0x000000000800f060       0x24 ./USB_DEVICE/App/usbd_desc.o
                0x000000000800f060                USBD_FS_SerialStrDescriptor
 .text.USBD_FS_ConfigStrDescriptor
                0x000000000800f084       0x3c ./USB_DEVICE/App/usbd_desc.o
                0x000000000800f084                USBD_FS_ConfigStrDescriptor
 .text.USBD_FS_InterfaceStrDescriptor
                0x000000000800f0c0       0x3c ./USB_DEVICE/App/usbd_desc.o
                0x000000000800f0c0                USBD_FS_InterfaceStrDescriptor
 .text.Get_SerialNum
                0x000000000800f0fc       0x58 ./USB_DEVICE/App/usbd_desc.o
 .text.IntToUnicode
                0x000000000800f154       0x7e ./USB_DEVICE/App/usbd_desc.o
 *fill*         0x000000000800f1d2        0x2 
 .text.HAL_PCD_MspInit
                0x000000000800f1d4       0xa8 ./USB_DEVICE/Target/usbd_conf.o
                0x000000000800f1d4                HAL_PCD_MspInit
 .text.HAL_PCD_SetupStageCallback
                0x000000000800f27c       0x24 ./USB_DEVICE/Target/usbd_conf.o
                0x000000000800f27c                HAL_PCD_SetupStageCallback
 .text.HAL_PCD_DataOutStageCallback
                0x000000000800f2a0       0x36 ./USB_DEVICE/Target/usbd_conf.o
                0x000000000800f2a0                HAL_PCD_DataOutStageCallback
 .text.HAL_PCD_DataInStageCallback
                0x000000000800f2d6       0x34 ./USB_DEVICE/Target/usbd_conf.o
                0x000000000800f2d6                HAL_PCD_DataInStageCallback
 .text.HAL_PCD_SOFCallback
                0x000000000800f30a       0x1c ./USB_DEVICE/Target/usbd_conf.o
                0x000000000800f30a                HAL_PCD_SOFCallback
 .text.HAL_PCD_ResetCallback
                0x000000000800f326       0x50 ./USB_DEVICE/Target/usbd_conf.o
                0x000000000800f326                HAL_PCD_ResetCallback
 *fill*         0x000000000800f376        0x2 
 .text.HAL_PCD_SuspendCallback
                0x000000000800f378       0x4c ./USB_DEVICE/Target/usbd_conf.o
                0x000000000800f378                HAL_PCD_SuspendCallback
 .text.HAL_PCD_ResumeCallback
                0x000000000800f3c4       0x1c ./USB_DEVICE/Target/usbd_conf.o
                0x000000000800f3c4                HAL_PCD_ResumeCallback
 .text.HAL_PCD_ISOOUTIncompleteCallback
                0x000000000800f3e0       0x24 ./USB_DEVICE/Target/usbd_conf.o
                0x000000000800f3e0                HAL_PCD_ISOOUTIncompleteCallback
 .text.HAL_PCD_ISOINIncompleteCallback
                0x000000000800f404       0x24 ./USB_DEVICE/Target/usbd_conf.o
                0x000000000800f404                HAL_PCD_ISOINIncompleteCallback
 .text.HAL_PCD_ConnectCallback
                0x000000000800f428       0x1c ./USB_DEVICE/Target/usbd_conf.o
                0x000000000800f428                HAL_PCD_ConnectCallback
 .text.HAL_PCD_DisconnectCallback
                0x000000000800f444       0x1c ./USB_DEVICE/Target/usbd_conf.o
                0x000000000800f444                HAL_PCD_DisconnectCallback
 .text.USBD_LL_Init
                0x000000000800f460       0x98 ./USB_DEVICE/Target/usbd_conf.o
                0x000000000800f460                USBD_LL_Init
 .text.USBD_LL_Start
                0x000000000800f4f8       0x36 ./USB_DEVICE/Target/usbd_conf.o
                0x000000000800f4f8                USBD_LL_Start
 .text.USBD_LL_OpenEP
                0x000000000800f52e       0x4c ./USB_DEVICE/Target/usbd_conf.o
                0x000000000800f52e                USBD_LL_OpenEP
 .text.USBD_LL_CloseEP
                0x000000000800f57a       0x3e ./USB_DEVICE/Target/usbd_conf.o
                0x000000000800f57a                USBD_LL_CloseEP
 .text.USBD_LL_StallEP
                0x000000000800f5b8       0x3e ./USB_DEVICE/Target/usbd_conf.o
                0x000000000800f5b8                USBD_LL_StallEP
 .text.USBD_LL_ClearStallEP
                0x000000000800f5f6       0x3e ./USB_DEVICE/Target/usbd_conf.o
                0x000000000800f5f6                USBD_LL_ClearStallEP
 .text.USBD_LL_IsStallEP
                0x000000000800f634       0x58 ./USB_DEVICE/Target/usbd_conf.o
                0x000000000800f634                USBD_LL_IsStallEP
 .text.USBD_LL_SetUSBAddress
                0x000000000800f68c       0x3e ./USB_DEVICE/Target/usbd_conf.o
                0x000000000800f68c                USBD_LL_SetUSBAddress
 .text.USBD_LL_Transmit
                0x000000000800f6ca       0x42 ./USB_DEVICE/Target/usbd_conf.o
                0x000000000800f6ca                USBD_LL_Transmit
 .text.USBD_LL_PrepareReceive
                0x000000000800f70c       0x42 ./USB_DEVICE/Target/usbd_conf.o
                0x000000000800f70c                USBD_LL_PrepareReceive
 .text.USBD_LL_GetRxDataSize
                0x000000000800f74e       0x26 ./USB_DEVICE/Target/usbd_conf.o
                0x000000000800f74e                USBD_LL_GetRxDataSize
 .text.USBD_static_malloc
                0x000000000800f774       0x1c ./USB_DEVICE/Target/usbd_conf.o
                0x000000000800f774                USBD_static_malloc
 .text.USBD_static_free
                0x000000000800f790       0x14 ./USB_DEVICE/Target/usbd_conf.o
                0x000000000800f790                USBD_static_free
 .text.USBD_Get_USB_Status
                0x000000000800f7a4       0x58 ./USB_DEVICE/Target/usbd_conf.o
                0x000000000800f7a4                USBD_Get_USB_Status
 .text.memset   0x000000000800f7fc       0x10 /opt/st/stm32cubeide_1.14.0/plugins/com.st.stm32cube.ide.mcu.externaltools.gnu-tools-for-stm32.11.3.rel1.linux64_1.1.100.202309141235/tools/bin/../lib/gcc/arm-none-eabi/11.3.1/../../../../arm-none-eabi/lib/thumb/v7e-m+fp/hard/libc_nano.a(libc_a-memset.o)
                0x000000000800f7fc                memset
 .text.__libc_init_array
                0x000000000800f80c       0x48 /opt/st/stm32cubeide_1.14.0/plugins/com.st.stm32cube.ide.mcu.externaltools.gnu-tools-for-stm32.11.3.rel1.linux64_1.1.100.202309141235/tools/bin/../lib/gcc/arm-none-eabi/11.3.1/../../../../arm-none-eabi/lib/thumb/v7e-m+fp/hard/libc_nano.a(libc_a-init.o)
                0x000000000800f80c                __libc_init_array
 .text.memcpy   0x000000000800f854       0x1c /opt/st/stm32cubeide_1.14.0/plugins/com.st.stm32cube.ide.mcu.externaltools.gnu-tools-for-stm32.11.3.rel1.linux64_1.1.100.202309141235/tools/bin/../lib/gcc/arm-none-eabi/11.3.1/../../../../arm-none-eabi/lib/thumb/v7e-m+fp/hard/libc_nano.a(libc_a-memcpy-stub.o)
                0x000000000800f854                memcpy
 .text.fmax     0x000000000800f870       0x4e /opt/st/stm32cubeide_1.14.0/plugins/com.st.stm32cube.ide.mcu.externaltools.gnu-tools-for-stm32.11.3.rel1.linux64_1.1.100.202309141235/tools/bin/../lib/gcc/arm-none-eabi/11.3.1/../../../../arm-none-eabi/lib/thumb/v7e-m+fp/hard/libm.a(libm_a-s_fmax.o)
                0x000000000800f870                fmax
 *fill*         0x000000000800f8be        0x2 
 .text.__fpclassifyd
                0x000000000800f8c0       0x54 /opt/st/stm32cubeide_1.14.0/plugins/com.st.stm32cube.ide.mcu.externaltools.gnu-tools-for-stm32.11.3.rel1.linux64_1.1.100.202309141235/tools/bin/../lib/gcc/arm-none-eabi/11.3.1/../../../../arm-none-eabi/lib/thumb/v7e-m+fp/hard/libm.a(libm_a-s_fpclassify.o)
                0x000000000800f8c0                __fpclassifyd
 .text.round    0x000000000800f914       0x90 /opt/st/stm32cubeide_1.14.0/plugins/com.st.stm32cube.ide.mcu.externaltools.gnu-tools-for-stm32.11.3.rel1.linux64_1.1.100.202309141235/tools/bin/../lib/gcc/arm-none-eabi/11.3.1/../../../../arm-none-eabi/lib/thumb/v7e-m+fp/hard/libm.a(libm_a-s_round.o)
                0x000000000800f914                round
 *(.glue_7)
 .glue_7        0x000000000800f9a4        0x0 linker stubs
 *(.glue_7t)
 .glue_7t       0x000000000800f9a4        0x0 linker stubs
 *(.eh_frame)
 .eh_frame      0x000000000800f9a4        0x0 /opt/st/stm32cubeide_1.14.0/plugins/com.st.stm32cube.ide.mcu.externaltools.gnu-tools-for-stm32.11.3.rel1.linux64_1.1.100.202309141235/tools/bin/../lib/gcc/arm-none-eabi/11.3.1/thumb/v7e-m+fp/hard/crtbegin.o
 *(.init)
 .init          0x000000000800f9a4        0x4 /opt/st/stm32cubeide_1.14.0/plugins/com.st.stm32cube.ide.mcu.externaltools.gnu-tools-for-stm32.11.3.rel1.linux64_1.1.100.202309141235/tools/bin/../lib/gcc/arm-none-eabi/11.3.1/thumb/v7e-m+fp/hard/crti.o
                0x000000000800f9a4                _init
 .init          0x000000000800f9a8        0x8 /opt/st/stm32cubeide_1.14.0/plugins/com.st.stm32cube.ide.mcu.externaltools.gnu-tools-for-stm32.11.3.rel1.linux64_1.1.100.202309141235/tools/bin/../lib/gcc/arm-none-eabi/11.3.1/thumb/v7e-m+fp/hard/crtn.o
 *(.fini)
 .fini          0x000000000800f9b0        0x4 /opt/st/stm32cubeide_1.14.0/plugins/com.st.stm32cube.ide.mcu.externaltools.gnu-tools-for-stm32.11.3.rel1.linux64_1.1.100.202309141235/tools/bin/../lib/gcc/arm-none-eabi/11.3.1/thumb/v7e-m+fp/hard/crti.o
                0x000000000800f9b0                _fini
 .fini          0x000000000800f9b4        0x8 /opt/st/stm32cubeide_1.14.0/plugins/com.st.stm32cube.ide.mcu.externaltools.gnu-tools-for-stm32.11.3.rel1.linux64_1.1.100.202309141235/tools/bin/../lib/gcc/arm-none-eabi/11.3.1/thumb/v7e-m+fp/hard/crtn.o
                0x000000000800f9bc                . = ALIGN (0x4)
                0x000000000800f9bc                _etext = .

.vfp11_veneer   0x000000000800f9bc        0x0
 .vfp11_veneer  0x000000000800f9bc        0x0 linker stubs

.v4_bx          0x000000000800f9bc        0x0
 .v4_bx         0x000000000800f9bc        0x0 linker stubs

.iplt           0x000000000800f9bc        0x0
 .iplt          0x000000000800f9bc        0x0 /opt/st/stm32cubeide_1.14.0/plugins/com.st.stm32cube.ide.mcu.externaltools.gnu-tools-for-stm32.11.3.rel1.linux64_1.1.100.202309141235/tools/bin/../lib/gcc/arm-none-eabi/11.3.1/thumb/v7e-m+fp/hard/crtbegin.o

.rodata         0x000000000800f9bc      0x15c
                0x000000000800f9bc                . = ALIGN (0x4)
 *(.rodata)
 .rodata        0x000000000800f9bc       0xec ./Core/Src/main.o
 .rodata        0x000000000800faa8        0x5 ./Middlewares/Third_Party/FreeRTOS/Source/tasks.o
 *fill*         0x000000000800faad        0x3 
 .rodata        0x000000000800fab0       0x46 ./USB_DEVICE/App/usbd_desc.o
 *(.rodata*)
 *fill*         0x000000000800faf6        0x2 
 .rodata.AHBPrescTable
                0x000000000800faf8       0x10 ./Core/Src/system_stm32f4xx.o
                0x000000000800faf8                AHBPrescTable
 .rodata.APBPrescTable
                0x000000000800fb08        0x8 ./Core/Src/system_stm32f4xx.o
                0x000000000800fb08                APBPrescTable
 .rodata.flagBitshiftOffset.0
                0x000000000800fb10        0x8 ./Drivers/STM32F4xx_HAL_Driver/Src/stm32f4xx_hal_dma.o
                0x000000000800fb18                . = ALIGN (0x4)

.ARM.extab      0x000000000800fb18        0x0
                0x000000000800fb18                . = ALIGN (0x4)
 *(.ARM.extab* .gnu.linkonce.armextab.*)
                0x000000000800fb18                . = ALIGN (0x4)

.ARM            0x000000000800fb18        0x8
                0x000000000800fb18                . = ALIGN (0x4)
                0x000000000800fb18                __exidx_start = .
 *(.ARM.exidx*)
 .ARM.exidx     0x000000000800fb18        0x8 /opt/st/stm32cubeide_1.14.0/plugins/com.st.stm32cube.ide.mcu.externaltools.gnu-tools-for-stm32.11.3.rel1.linux64_1.1.100.202309141235/tools/bin/../lib/gcc/arm-none-eabi/11.3.1/thumb/v7e-m+fp/hard/libgcc.a(_udivmoddi4.o)
                0x000000000800fb20                __exidx_end = .
                0x000000000800fb20                . = ALIGN (0x4)

.rel.dyn        0x000000000800fb20        0x0
 .rel.iplt      0x000000000800fb20        0x0 /opt/st/stm32cubeide_1.14.0/plugins/com.st.stm32cube.ide.mcu.externaltools.gnu-tools-for-stm32.11.3.rel1.linux64_1.1.100.202309141235/tools/bin/../lib/gcc/arm-none-eabi/11.3.1/thumb/v7e-m+fp/hard/crtbegin.o

.preinit_array  0x000000000800fb20        0x0
                0x000000000800fb20                . = ALIGN (0x4)
                0x000000000800fb20                PROVIDE (__preinit_array_start = .)
 *(.preinit_array*)
                0x000000000800fb20                PROVIDE (__preinit_array_end = .)
                0x000000000800fb20                . = ALIGN (0x4)

.init_array     0x000000000800fb20        0x4
                0x000000000800fb20                . = ALIGN (0x4)
                0x000000000800fb20                PROVIDE (__init_array_start = .)
 *(SORT_BY_NAME(.init_array.*))
 *(.init_array*)
 .init_array    0x000000000800fb20        0x4 /opt/st/stm32cubeide_1.14.0/plugins/com.st.stm32cube.ide.mcu.externaltools.gnu-tools-for-stm32.11.3.rel1.linux64_1.1.100.202309141235/tools/bin/../lib/gcc/arm-none-eabi/11.3.1/thumb/v7e-m+fp/hard/crtbegin.o
                0x000000000800fb24                PROVIDE (__init_array_end = .)
                0x000000000800fb24                . = ALIGN (0x4)

.fini_array     0x000000000800fb24        0x4
                0x000000000800fb24                . = ALIGN (0x4)
                [!provide]                        PROVIDE (__fini_array_start = .)
 *(SORT_BY_NAME(.fini_array.*))
 *(.fini_array*)
 .fini_array    0x000000000800fb24        0x4 /opt/st/stm32cubeide_1.14.0/plugins/com.st.stm32cube.ide.mcu.externaltools.gnu-tools-for-stm32.11.3.rel1.linux64_1.1.100.202309141235/tools/bin/../lib/gcc/arm-none-eabi/11.3.1/thumb/v7e-m+fp/hard/crtbegin.o
                [!provide]                        PROVIDE (__fini_array_end = .)
                0x000000000800fb28                . = ALIGN (0x4)
                0x000000000800fb28                _sidata = LOADADDR (.data)

.data           0x0000000020000000      0x150 load address 0x000000000800fb28
                0x0000000020000000                . = ALIGN (0x4)
                0x0000000020000000                _sdata = .
 *(.data)
 *(.data*)
 .data.cdcHeartBeat
                0x0000000020000000        0x4 ./Core/Src/main.o
                0x0000000020000000                cdcHeartBeat
 .data.cdcTimeOut
                0x0000000020000004        0x4 ./Core/Src/main.o
                0x0000000020000004                cdcTimeOut
 .data.IMUStatus
                0x0000000020000008        0x4 ./Core/Src/main.o
                0x0000000020000008                IMUStatus
 .data.MS5803_address
                0x000000002000000c        0x1 ./Core/Src/main.o
                0x000000002000000c                MS5803_address
 .data.MS5837_address
                0x000000002000000d        0x1 ./Core/Src/main.o
                0x000000002000000d                MS5837_address
 *fill*         0x000000002000000e        0x2 
 .data.pwmCenter
                0x0000000020000010        0x4 ./Core/Src/main.o
                0x0000000020000010                pwmCenter
 .data.H_FRoffset
                0x0000000020000014        0x4 ./Core/Src/main.o
                0x0000000020000014                H_FRoffset
 .data.H_FLoffset
                0x0000000020000018        0x4 ./Core/Src/main.o
                0x0000000020000018                H_FLoffset
 .data.H_BLoffset
                0x000000002000001c        0x4 ./Core/Src/main.o
                0x000000002000001c                H_BLoffset
 .data.V_FRoffset
                0x0000000020000020        0x4 ./Core/Src/main.o
                0x0000000020000020                V_FRoffset
 .data.V_FLoffset
                0x0000000020000024        0x4 ./Core/Src/main.o
                0x0000000020000024                V_FLoffset
 .data.V_BRoffset
                0x0000000020000028        0x4 ./Core/Src/main.o
                0x0000000020000028                V_BRoffset
 .data.V_BLoffset
                0x000000002000002c        0x4 ./Core/Src/main.o
                0x000000002000002c                V_BLoffset
 .data.batt1adc_min
                0x0000000020000030        0x4 ./Core/Src/main.o
                0x0000000020000030                batt1adc_min
 .data.batt1adc_max
                0x0000000020000034        0x4 ./Core/Src/main.o
                0x0000000020000034                batt1adc_max
 .data.batt2adc_min
                0x0000000020000038        0x4 ./Core/Src/main.o
                0x0000000020000038                batt2adc_min
 .data.batt2adc_max
                0x000000002000003c        0x4 ./Core/Src/main.o
                0x000000002000003c                batt2adc_max
 .data.batt1_min
                0x0000000020000040        0x4 ./Core/Src/main.o
                0x0000000020000040                batt1_min
 .data.batt1_max
                0x0000000020000044        0x4 ./Core/Src/main.o
                0x0000000020000044                batt1_max
 .data.batt2_min
                0x0000000020000048        0x4 ./Core/Src/main.o
                0x0000000020000048                batt2_min
 .data.batt2_max
                0x000000002000004c        0x4 ./Core/Src/main.o
                0x000000002000004c                batt2_max
 .data.SystemCoreClock
                0x0000000020000050        0x4 ./Core/Src/system_stm32f4xx.o
                0x0000000020000050                SystemCoreClock
 .data.uwTickPrio
                0x0000000020000054        0x4 ./Drivers/STM32F4xx_HAL_Driver/Src/stm32f4xx_hal.o
                0x0000000020000054                uwTickPrio
 .data.uwTickFreq
                0x0000000020000058        0x1 ./Drivers/STM32F4xx_HAL_Driver/Src/stm32f4xx_hal.o
                0x0000000020000058                uwTickFreq
 *fill*         0x0000000020000059        0x3 
 .data.USBD_CDC_DeviceQualifierDesc
                0x000000002000005c        0xa ./Middlewares/ST/STM32_USB_Device_Library/Class/CDC/Src/usbd_cdc.o
 *fill*         0x0000000020000066        0x2 
 .data.USBD_CDC
                0x0000000020000068       0x38 ./Middlewares/ST/STM32_USB_Device_Library/Class/CDC/Src/usbd_cdc.o
                0x0000000020000068                USBD_CDC
 .data.USBD_CDC_CfgDesc
                0x00000000200000a0       0x43 ./Middlewares/ST/STM32_USB_Device_Library/Class/CDC/Src/usbd_cdc.o
 .data.CDCInEpAdd
                0x00000000200000e3        0x1 ./Middlewares/ST/STM32_USB_Device_Library/Class/CDC/Src/usbd_cdc.o
 .data.CDCOutEpAdd
                0x00000000200000e4        0x1 ./Middlewares/ST/STM32_USB_Device_Library/Class/CDC/Src/usbd_cdc.o
 .data.CDCCmdEpAdd
                0x00000000200000e5        0x1 ./Middlewares/ST/STM32_USB_Device_Library/Class/CDC/Src/usbd_cdc.o
 *fill*         0x00000000200000e6        0x2 
 .data.uxCriticalNesting
                0x00000000200000e8        0x4 ./Middlewares/Third_Party/FreeRTOS/Source/portable/GCC/ARM_CM4F/port.o
 .data.USBD_Interface_fops_FS
                0x00000000200000ec       0x14 ./USB_DEVICE/App/usbd_cdc_if.o
                0x00000000200000ec                USBD_Interface_fops_FS
 .data.FS_Desc  0x0000000020000100       0x1c ./USB_DEVICE/App/usbd_desc.o
                0x0000000020000100                FS_Desc
 .data.USBD_FS_DeviceDesc
                0x000000002000011c       0x12 ./USB_DEVICE/App/usbd_desc.o
                0x000000002000011c                USBD_FS_DeviceDesc
 *fill*         0x000000002000012e        0x2 
 .data.USBD_LangIDDesc
                0x0000000020000130        0x4 ./USB_DEVICE/App/usbd_desc.o
                0x0000000020000130                USBD_LangIDDesc
 .data.USBD_StringSerial
                0x0000000020000134       0x1a ./USB_DEVICE/App/usbd_desc.o
                0x0000000020000134                USBD_StringSerial
 *(.RamFunc)
 *(.RamFunc*)
                0x0000000020000150                . = ALIGN (0x4)
 *fill*         0x000000002000014e        0x2 
                0x0000000020000150                _edata = .
                0x000000000800fc78                _siccmram = LOADADDR (.ccmram)

.igot.plt       0x0000000020000150        0x0 load address 0x000000000800fc78
 .igot.plt      0x0000000020000150        0x0 /opt/st/stm32cubeide_1.14.0/plugins/com.st.stm32cube.ide.mcu.externaltools.gnu-tools-for-stm32.11.3.rel1.linux64_1.1.100.202309141235/tools/bin/../lib/gcc/arm-none-eabi/11.3.1/thumb/v7e-m+fp/hard/crtbegin.o

.ccmram         0x0000000010000000        0x0 load address 0x000000000800fc78
                0x0000000010000000                . = ALIGN (0x4)
                0x0000000010000000                _sccmram = .
 *(.ccmram)
 *(.ccmram*)
                0x0000000010000000                . = ALIGN (0x4)
                0x0000000010000000                _eccmram = .
                0x0000000010000000                . = ALIGN (0x4)

.bss            0x0000000020000150     0x6390
                0x0000000020000150                _sbss = .
                0x0000000020000150                __bss_start__ = _sbss
 *(.bss)
 .bss           0x0000000020000150       0x1c /opt/st/stm32cubeide_1.14.0/plugins/com.st.stm32cube.ide.mcu.externaltools.gnu-tools-for-stm32.11.3.rel1.linux64_1.1.100.202309141235/tools/bin/../lib/gcc/arm-none-eabi/11.3.1/thumb/v7e-m+fp/hard/crtbegin.o
 *(.bss*)
 .bss.LED_Data  0x000000002000016c       0x2c ./Core/Src/WS2812LED.o
                0x000000002000016c                LED_Data
 .bss.pwmData   0x0000000020000198      0x274 ./Core/Src/WS2812LED.o
                0x0000000020000198                pwmData
 .bss.xIdleTaskTCBBuffer
                0x000000002000040c       0x54 ./Core/Src/freertos.o
 .bss.xIdleStack
                0x0000000020000460      0x200 ./Core/Src/freertos.o
 .bss.hadc1     0x0000000020000660       0x48 ./Core/Src/main.o
                0x0000000020000660                hadc1
 .bss.hdma_adc1
                0x00000000200006a8       0x60 ./Core/Src/main.o
                0x00000000200006a8                hdma_adc1
 .bss.hi2c1     0x0000000020000708       0x54 ./Core/Src/main.o
                0x0000000020000708                hi2c1
 .bss.htim3     0x000000002000075c       0x48 ./Core/Src/main.o
                0x000000002000075c                htim3
 .bss.htim4     0x00000000200007a4       0x48 ./Core/Src/main.o
                0x00000000200007a4                htim4
 .bss.htim5     0x00000000200007ec       0x48 ./Core/Src/main.o
                0x00000000200007ec                htim5
 .bss.htim9     0x0000000020000834       0x48 ./Core/Src/main.o
                0x0000000020000834                htim9
 .bss.hdma_tim3_ch2
                0x000000002000087c       0x60 ./Core/Src/main.o
                0x000000002000087c                hdma_tim3_ch2
 .bss.huart2    0x00000000200008dc       0x48 ./Core/Src/main.o
                0x00000000200008dc                huart2
 .bss.cdcSerialTaskHandle
                0x0000000020000924        0x4 ./Core/Src/main.o
                0x0000000020000924                cdcSerialTaskHandle
 .bss.movementTaskHandle
                0x0000000020000928        0x4 ./Core/Src/main.o
                0x0000000020000928                movementTaskHandle
 .bss.getPressureTaskHandle
                0x000000002000092c        0x4 ./Core/Src/main.o
                0x000000002000092c                getPressureTaskHandle
 .bss.stroboTaskHandle
                0x0000000020000930        0x4 ./Core/Src/main.o
                0x0000000020000930                stroboTaskHandle
 .bss.otherTaskHandle
                0x0000000020000934        0x4 ./Core/Src/main.o
                0x0000000020000934                otherTaskHandle
 .bss.serialBuffer
                0x0000000020000938       0x40 ./Core/Src/main.o
                0x0000000020000938                serialBuffer
 .bss.vel_linear
                0x0000000020000978        0xc ./Core/Src/main.o
                0x0000000020000978                vel_linear
 .bss.vel_angular
                0x0000000020000984        0xc ./Core/Src/main.o
                0x0000000020000984                vel_angular
 .bss.throtle_scale
                0x0000000020000990        0x4 ./Core/Src/main.o
                0x0000000020000990                throtle_scale
 .bss.set_point
                0x0000000020000994       0x10 ./Core/Src/main.o
                0x0000000020000994                set_point
 .bss.lumen_power
                0x00000000200009a4        0x4 ./Core/Src/main.o