Archive member included to satisfy reference by file (symbol)

/opt/st/stm32cubeide_1.15.1/plugins/com.st.stm32cube.ide.mcu.externaltools.gnu-tools-for-stm32.12.3.rel1.linux64_1.0.100.202403111256/tools/bin/../lib/gcc/arm-none-eabi/12.3.1/../../../../arm-none-eabi/lib/thumb/v7e-m+fp/hard/libc_nano.a(libc_a-exit.o)
                              /opt/st/stm32cubeide_1.15.1/plugins/com.st.stm32cube.ide.mcu.externaltools.gnu-tools-for-stm32.12.3.rel1.linux64_1.0.100.202403111256/tools/bin/../lib/gcc/arm-none-eabi/12.3.1/../../../../arm-none-eabi/lib/thumb/v7e-m+fp/hard/crt0.o (exit)
/opt/st/stm32cubeide_1.15.1/plugins/com.st.stm32cube.ide.mcu.externaltools.gnu-tools-for-stm32.12.3.rel1.linux64_1.0.100.202403111256/tools/bin/../lib/gcc/arm-none-eabi/12.3.1/../../../../arm-none-eabi/lib/thumb/v7e-m+fp/hard/libc_nano.a(libc_a-findfp.o)
                              /opt/st/stm32cubeide_1.15.1/plugins/com.st.stm32cube.ide.mcu.externaltools.gnu-tools-for-stm32.12.3.rel1.linux64_1.0.100.202403111256/tools/bin/../lib/gcc/arm-none-eabi/12.3.1/../../../../arm-none-eabi/lib/thumb/v7e-m+fp/hard/libc_nano.a(libc_a-exit.o) (__stdio_exit_handler)
/opt/st/stm32cubeide_1.15.1/plugins/com.st.stm32cube.ide.mcu.externaltools.gnu-tools-for-stm32.12.3.rel1.linux64_1.0.100.202403111256/tools/bin/../lib/gcc/arm-none-eabi/12.3.1/../../../../arm-none-eabi/lib/thumb/v7e-m+fp/hard/libc_nano.a(libc_a-fwalk.o)
                              /opt/st/stm32cubeide_1.15.1/plugins/com.st.stm32cube.ide.mcu.externaltools.gnu-tools-for-stm32.12.3.rel1.linux64_1.0.100.202403111256/tools/bin/../lib/gcc/arm-none-eabi/12.3.1/../../../../arm-none-eabi/lib/thumb/v7e-m+fp/hard/libc_nano.a(libc_a-findfp.o) (_fwalk_sglue)
/opt/st/stm32cubeide_1.15.1/plugins/com.st.stm32cube.ide.mcu.externaltools.gnu-tools-for-stm32.12.3.rel1.linux64_1.0.100.202403111256/tools/bin/../lib/gcc/arm-none-eabi/12.3.1/../../../../arm-none-eabi/lib/thumb/v7e-m+fp/hard/libc_nano.a(libc_a-stdio.o)
                              /opt/st/stm32cubeide_1.15.1/plugins/com.st.stm32cube.ide.mcu.externaltools.gnu-tools-for-stm32.12.3.rel1.linux64_1.0.100.202403111256/tools/bin/../lib/gcc/arm-none-eabi/12.3.1/../../../../arm-none-eabi/lib/thumb/v7e-m+fp/hard/libc_nano.a(libc_a-findfp.o) (__sread)
/opt/st/stm32cubeide_1.15.1/plugins/com.st.stm32cube.ide.mcu.externaltools.gnu-tools-for-stm32.12.3.rel1.linux64_1.0.100.202403111256/tools/bin/../lib/gcc/arm-none-eabi/12.3.1/../../../../arm-none-eabi/lib/thumb/v7e-m+fp/hard/libc_nano.a(libc_a-memset.o)
                              /opt/st/stm32cubeide_1.15.1/plugins/com.st.stm32cube.ide.mcu.externaltools.gnu-tools-for-stm32.12.3.rel1.linux64_1.0.100.202403111256/tools/bin/../lib/gcc/arm-none-eabi/12.3.1/../../../../arm-none-eabi/lib/thumb/v7e-m+fp/hard/crt0.o (memset)
/opt/st/stm32cubeide_1.15.1/plugins/com.st.stm32cube.ide.mcu.externaltools.gnu-tools-for-stm32.12.3.rel1.linux64_1.0.100.202403111256/tools/bin/../lib/gcc/arm-none-eabi/12.3.1/../../../../arm-none-eabi/lib/thumb/v7e-m+fp/hard/libc_nano.a(libc_a-closer.o)
                              /opt/st/stm32cubeide_1.15.1/plugins/com.st.stm32cube.ide.mcu.externaltools.gnu-tools-for-stm32.12.3.rel1.linux64_1.0.100.202403111256/tools/bin/../lib/gcc/arm-none-eabi/12.3.1/../../../../arm-none-eabi/lib/thumb/v7e-m+fp/hard/libc_nano.a(libc_a-stdio.o) (_close_r)
/opt/st/stm32cubeide_1.15.1/plugins/com.st.stm32cube.ide.mcu.externaltools.gnu-tools-for-stm32.12.3.rel1.linux64_1.0.100.202403111256/tools/bin/../lib/gcc/arm-none-eabi/12.3.1/../../../../arm-none-eabi/lib/thumb/v7e-m+fp/hard/libc_nano.a(libc_a-reent.o)
                              /opt/st/stm32cubeide_1.15.1/plugins/com.st.stm32cube.ide.mcu.externaltools.gnu-tools-for-stm32.12.3.rel1.linux64_1.0.100.202403111256/tools/bin/../lib/gcc/arm-none-eabi/12.3.1/../../../../arm-none-eabi/lib/thumb/v7e-m+fp/hard/libc_nano.a(libc_a-closer.o) (errno)
/opt/st/stm32cubeide_1.15.1/plugins/com.st.stm32cube.ide.mcu.externaltools.gnu-tools-for-stm32.12.3.rel1.linux64_1.0.100.202403111256/tools/bin/../lib/gcc/arm-none-eabi/12.3.1/../../../../arm-none-eabi/lib/thumb/v7e-m+fp/hard/libc_nano.a(libc_a-impure.o)
                              /opt/st/stm32cubeide_1.15.1/plugins/com.st.stm32cube.ide.mcu.externaltools.gnu-tools-for-stm32.12.3.rel1.linux64_1.0.100.202403111256/tools/bin/../lib/gcc/arm-none-eabi/12.3.1/../../../../arm-none-eabi/lib/thumb/v7e-m+fp/hard/libc_nano.a(libc_a-reent.o) (_impure_ptr)
/opt/st/stm32cubeide_1.15.1/plugins/com.st.stm32cube.ide.mcu.externaltools.gnu-tools-for-stm32.12.3.rel1.linux64_1.0.100.202403111256/tools/bin/../lib/gcc/arm-none-eabi/12.3.1/../../../../arm-none-eabi/lib/thumb/v7e-m+fp/hard/libc_nano.a(libc_a-lseekr.o)
                              /opt/st/stm32cubeide_1.15.1/plugins/com.st.stm32cube.ide.mcu.externaltools.gnu-tools-for-stm32.12.3.rel1.linux64_1.0.100.202403111256/tools/bin/../lib/gcc/arm-none-eabi/12.3.1/../../../../arm-none-eabi/lib/thumb/v7e-m+fp/hard/libc_nano.a(libc_a-stdio.o) (_lseek_r)
[...]
Memory Configuration

Name             Origin             Length             Attributes
CCMRAM           0x10000000         0x00010000         xrw
RAM              0x20000000         0x00020000         xrw
FLASH            0x08000000         0x00100000         xr
*default*        0x00000000         0xffffffff

Linker script and memory map

LOAD /opt/st/stm32cubeide_1.15.1/plugins/com.st.stm32cube.ide.mcu.externaltools.gnu-tools-for-stm32.12.3.rel1.linux64_1.0.100.202403111256/tools/bin/../lib/gcc/arm-none-eabi/12.3.1/thumb/v7e-m+fp/hard/crti.o
LOAD /opt/st/stm32cubeide_1.15.1/plugins/com.st.stm32cube.ide.mcu.externaltools.gnu-tools-for-stm32.12.3.rel1.linux64_1.0.100.202403111256/tools/bin/../lib/gcc/arm-none-eabi/12.3.1/thumb/v7e-m+fp/hard/crtbegin.o
LOAD /opt/st/stm32cubeide_1.15.1/plugins/com.st.stm32cube.ide.mcu.externaltools.gnu-tools-for-stm32.12.3.rel1.linux64_1.0.100.202403111256/tools/bin/../lib/gcc/arm-none-eabi/12.3.1/../../../../arm-none-eabi/lib/thumb/v7e-m+fp/hard/crt0.o
LOAD ./Core/Src/16Bitmanipulator.o
LOAD ./Core/Src/WS2812LED.o
LOAD ./Core/Src/freertos.o
LOAD ./Core/Src/main.o
LOAD ./Core/Src/ms58xx.o
LOAD ./Core/Src/pid.o
LOAD ./Core/Src/stm32f4xx_hal_msp.o
LOAD ./Core/Src/stm32f4xx_hal_timebase_tim.o
LOAD ./Core/Src/stm32f4xx_it.o
LOAD ./Core/Src/syscalls.o
LOAD ./Core/Src/sysmem.o
LOAD ./Core/Src/system_stm32f4xx.o
LOAD ./Core/Startup/startup_stm32f407vgtx.o
LOAD ./Drivers/STM32F4xx_HAL_Driver/Src/stm32f4xx_hal.o
LOAD ./Drivers/STM32F4xx_HAL_Driver/Src/stm32f4xx_hal_adc.o
LOAD ./Drivers/STM32F4xx_HAL_Driver/Src/stm32f4xx_hal_adc_ex.o
LOAD ./Drivers/STM32F4xx_HAL_Driver/Src/stm32f4xx_hal_cortex.o
LOAD ./Drivers/STM32F4xx_HAL_Driver/Src/stm32f4xx_hal_dma.o
LOAD ./Drivers/STM32F4xx_HAL_Driver/Src/stm32f4xx_hal_dma_ex.o
LOAD ./Drivers/STM32F4xx_HAL_Driver/Src/stm32f4xx_hal_exti.o
LOAD ./Drivers/STM32F4xx_HAL_Driver/Src/stm32f4xx_hal_flash.o
LOAD ./Drivers/STM32F4xx_HAL_Driver/Src/stm32f4xx_hal_flash_ex.o
LOAD ./Drivers/STM32F4xx_HAL_Driver/Src/stm32f4xx_hal_flash_ramfunc.o
LOAD ./Drivers/STM32F4xx_HAL_Driver/Src/stm32f4xx_hal_gpio.o
LOAD ./Drivers/STM32F4xx_HAL_Driver/Src/stm32f4xx_hal_i2c.o
LOAD ./Drivers/STM32F4xx_HAL_Driver/Src/stm32f4xx_hal_i2c_ex.o
LOAD ./Drivers/STM32F4xx_HAL_Driver/Src/stm32f4xx_hal_pcd.o
LOAD ./Drivers/STM32F4xx_HAL_Driver/Src/stm32f4xx_hal_pcd_ex.o
LOAD ./Drivers/STM32F4xx_HAL_Driver/Src/stm32f4xx_hal_pwr.o
LOAD ./Drivers/STM32F4xx_HAL_Driver/Src/stm32f4xx_hal_pwr_ex.o
LOAD ./Drivers/STM32F4xx_HAL_Driver/Src/stm32f4xx_hal_rcc.o
LOAD ./Drivers/STM32F4xx_HAL_Driver/Src/stm32f4xx_hal_rcc_ex.o
LOAD ./Drivers/STM32F4xx_HAL_Driver/Src/stm32f4xx_hal_tim.o
LOAD ./Drivers/STM32F4xx_HAL_Driver/Src/stm32f4xx_hal_tim_ex.o
LOAD ./Drivers/STM32F4xx_HAL_Driver/Src/stm32f4xx_hal_uart.o
LOAD ./Drivers/STM32F4xx_HAL_Driver/Src/stm32f4xx_ll_adc.o
LOAD ./Drivers/STM32F4xx_HAL_Driver/Src/stm32f4xx_ll_usb.o
LOAD ./Middlewares/ST/STM32_USB_Device_Library/Class/CDC/Src/usbd_cdc.o
LOAD ./Middlewares/ST/STM32_USB_Device_Library/Core/Src/usbd_core.o
LOAD ./Middlewares/ST/STM32_USB_Device_Library/Core/Src/usbd_ctlreq.o
LOAD ./Middlewares/ST/STM32_USB_Device_Library/Core/Src/usbd_ioreq.o
LOAD ./Middlewares/Third_Party/FreeRTOS/Source/CMSIS_RTOS/cmsis_os.o
LOAD ./Middlewares/Third_Party/FreeRTOS/Source/croutine.o
LOAD ./Middlewares/Third_Party/FreeRTOS/Source/event_groups.o
LOAD ./Middlewares/Third_Party/FreeRTOS/Source/list.o
LOAD ./Middlewares/Third_Party/FreeRTOS/Source/queue.o
LOAD ./Middlewares/Third_Party/FreeRTOS/Source/stream_buffer.o
LOAD ./Middlewares/Third_Party/FreeRTOS/Source/tasks.o
LOAD ./Middlewares/Third_Party/FreeRTOS/Source/timers.o
LOAD ./Middlewares/Third_Party/FreeRTOS/Source/portable/GCC/ARM_CM4F/port.o
LOAD ./Middlewares/Third_Party/FreeRTOS/Source/portable/MemMang/heap_4.o
LOAD ./USB_DEVICE/App/usb_device.o
LOAD ./USB_DEVICE/App/usbd_cdc_if.o
LOAD ./USB_DEVICE/App/usbd_desc.o
LOAD ./USB_DEVICE/Target/usbd_conf.o
START GROUP
LOAD /opt/st/stm32cubeide_1.15.1/plugins/com.st.stm32cube.ide.mcu.externaltools.gnu-tools-for-stm32.12.3.rel1.linux64_1.0.100.202403111256/tools/bin/../lib/gcc/arm-none-eabi/12.3.1/../../../../arm-none-eabi/lib/thumb/v7e-m+fp/hard/libc_nano.a
LOAD /opt/st/stm32cubeide_1.15.1/plugins/com.st.stm32cube.ide.mcu.externaltools.gnu-tools-for-stm32.12.3.rel1.linux64_1.0.100.202403111256/tools/bin/../lib/gcc/arm-none-eabi/12.3.1/../../../../arm-none-eabi/lib/thumb/v7e-m+fp/hard/libm.a
END GROUP
START GROUP
LOAD /opt/st/stm32cubeide_1.15.1/plugins/com.st.stm32cube.ide.mcu.externaltools.gnu-tools-for-stm32.12.3.rel1.linux64_1.0.100.202403111256/tools/bin/../lib/gcc/arm-none-eabi/12.3.1/thumb/v7e-m+fp/hard/libgcc.a
LOAD /opt/st/stm32cubeide_1.15.1/plugins/com.st.stm32cube.ide.mcu.externaltools.gnu-tools-for-stm32.12.3.rel1.linux64_1.0.100.202403111256/tools/bin/../lib/gcc/arm-none-eabi/12.3.1/../../../../arm-none-eabi/lib/thumb/v7e-m+fp/hard/libc_nano.a
END GROUP
START GROUP
LOAD /opt/st/stm32cubeide_1.15.1/plugins/com.st.stm32cube.ide.mcu.externaltools.gnu-tools-for-stm32.12.3.rel1.linux64_1.0.100.202403111256/tools/bin/../lib/gcc/arm-none-eabi/12.3.1/thumb/v7e-m+fp/hard/libgcc.a
LOAD /opt/st/stm32cubeide_1.15.1/plugins/com.st.stm32cube.ide.mcu.externaltools.gnu-tools-for-stm32.12.3.rel1.linux64_1.0.100.202403111256/tools/bin/../lib/gcc/arm-none-eabi/12.3.1/../../../../arm-none-eabi/lib/thumb/v7e-m+fp/hard/libc_nano.a
LOAD /opt/st/stm32cubeide_1.15.1/plugins/com.st.stm32cube.ide.mcu.externaltools.gnu-tools-for-stm32.12.3.rel1.linux64_1.0.100.202403111256/tools/bin/../lib/gcc/arm-none-eabi/12.3.1/../../../../arm-none-eabi/lib/thumb/v7e-m+fp/hard/libnosys.a
END GROUP
START GROUP
LOAD /opt/st/stm32cubeide_1.15.1/plugins/com.st.stm32cube.ide.mcu.externaltools.gnu-tools-for-stm32.12.3.rel1.linux64_1.0.100.202403111256/tools/bin/../lib/gcc/arm-none-eabi/12.3.1/thumb/v7e-m+fp/hard/libgcc.a
LOAD /opt/st/stm32cubeide_1.15.1/plugins/com.st.stm32cube.ide.mcu.externaltools.gnu-tools-for-stm32.12.3.rel1.linux64_1.0.100.202403111256/tools/bin/../lib/gcc/arm-none-eabi/12.3.1/../../../../arm-none-eabi/lib/thumb/v7e-m+fp/hard/libc_nano.a
LOAD /opt/st/stm32cubeide_1.15.1/plugins/com.st.stm32cube.ide.mcu.externaltools.gnu-tools-for-stm32.12.3.rel1.linux64_1.0.100.202403111256/tools/bin/../lib/gcc/arm-none-eabi/12.3.1/../../../../arm-none-eabi/lib/thumb/v7e-m+fp/hard/libnosys.a
END GROUP
LOAD /opt/st/stm32cubeide_1.15.1/plugins/com.st.stm32cube.ide.mcu.externaltools.gnu-tools-for-stm32.12.3.rel1.linux64_1.0.100.202403111256/tools/bin/../lib/gcc/arm-none-eabi/12.3.1/thumb/v7e-m+fp/hard/crtend.o
LOAD /opt/st/stm32cubeide_1.15.1/plugins/com.st.stm32cube.ide.mcu.externaltools.gnu-tools-for-stm32.12.3.rel1.linux64_1.0.100.202403111256/tools/bin/../lib/gcc/arm-none-eabi/12.3.1/thumb/v7e-m+fp/hard/crtn.o
                0x20020000                        _estack = (ORIGIN (RAM) + LENGTH (RAM))
                0x00000200                        _Min_Heap_Size = 0x200
                0x00000400                        _Min_Stack_Size = 0x400

.isr_vector     0x08000000      0x188
                0x08000000                        . = ALIGN (0x4)
 *(.isr_vector)
 .isr_vector    0x08000000      0x188 ./Core/Startup/startup_stm32f407vgtx.o
                0x08000000                g_pfnVectors
                0x08000188                        . = ALIGN (0x4)

.text           0x08000190     0xf818
                0x08000190                        . = ALIGN (0x4)
 *(.text)
 .text          0x08000190       0x40 /opt/st/stm32cubeide_1.15.1/plugins/com.st.stm32cube.ide.mcu.externaltools.gnu-tools-for-stm32.12.3.rel1.linux64_1.0.100.202403111256/tools/bin/../lib/gcc/arm-none-eabi/12.3.1/thumb/v7e-m+fp/hard/crtbegin.o
 .text          0x080001d0      0x378 /opt/st/stm32cubeide_1.15.1/plugins/com.st.stm32cube.ide.mcu.externaltools.gnu-tools-for-stm32.12.3.rel1.linux64_1.0.100.202403111256/tools/bin/../lib/gcc/arm-none-eabi/12.3.1/thumb/v7e-m+fp/hard/libgcc.a(_arm_addsubdf3.o)
                0x080001d0                __aeabi_drsub
                0x080001d8                __aeabi_dsub
                0x080001d8                __subdf3
                0x080001dc                __adddf3
                0x080001dc                __aeabi_dadd
                0x08000454                __aeabi_ui2d
                0x08000454                __floatunsidf
                0x08000474                __floatsidf
                0x08000474                __aeabi_i2d
                0x08000498                __extendsfdf2
                0x08000498                __aeabi_f2d
                0x080004dc                __aeabi_ul2d
                0x080004dc                __floatundidf
                0x080004ec                __floatdidf
                0x080004ec                __aeabi_l2d
 .text          0x08000548      0x424 /opt/st/stm32cubeide_1.15.1/plugins/com.st.stm32cube.ide.mcu.externaltools.gnu-tools-for-stm32.12.3.rel1.linux64_1.0.100.202403111256/tools/bin/../lib/gcc/arm-none-eabi/12.3.1/thumb/v7e-m+fp/hard/libgcc.a(_arm_muldivdf3.o)
                0x08000548                __aeabi_dmul
                0x08000548                __muldf3
                0x0800079c                __aeabi_ddiv
                0x0800079c                __divdf3
 .text          0x0800096c      0x110 /opt/st/stm32cubeide_1.15.1/plugins/com.st.stm32cube.ide.mcu.externaltools.gnu-tools-for-stm32.12.3.rel1.linux64_1.0.100.202403111256/tools/bin/../lib/gcc/arm-none-eabi/12.3.1/thumb/v7e-m+fp/hard/libgcc.a(_arm_cmpdf2.o)
                0x0800096c                __gtdf2
                0x0800096c                __gedf2
                0x08000974                __ltdf2
                0x08000974                __ledf2
                0x0800097c                __cmpdf2
                0x0800097c                __eqdf2
                0x0800097c                __nedf2
                0x080009f8                __aeabi_cdrcmple
                0x08000a08                __aeabi_cdcmple
                0x08000a08                __aeabi_cdcmpeq
                0x08000a18                __aeabi_dcmpeq
                0x08000a2c                __aeabi_dcmplt
                0x08000a40                __aeabi_dcmple
                0x08000a54                __aeabi_dcmpge
                0x08000a68                __aeabi_dcmpgt
 .text          0x08000a7c       0x50 /opt/st/stm32cubeide_1.15.1/plugins/com.st.stm32cube.ide.mcu.externaltools.gnu-tools-for-stm32.12.3.rel1.linux64_1.0.100.202403111256/tools/bin/../lib/gcc/arm-none-eabi/12.3.1/thumb/v7e-m+fp/hard/libgcc.a(_arm_fixdfsi.o)
                0x08000a7c                __fixdfsi
                0x08000a7c                __aeabi_d2iz
 .text          0x08000acc       0xa0 /opt/st/stm32cubeide_1.15.1/plugins/com.st.stm32cube.ide.mcu.externaltools.gnu-tools-for-stm32.12.3.rel1.linux64_1.0.100.202403111256/tools/bin/../lib/gcc/arm-none-eabi/12.3.1/thumb/v7e-m+fp/hard/libgcc.a(_arm_truncdfsf2.o)
                0x08000acc                __aeabi_d2f
                0x08000acc                __truncdfsf2
 .text          0x08000b6c       0x30 /opt/st/stm32cubeide_1.15.1/plugins/com.st.stm32cube.ide.mcu.externaltools.gnu-tools-for-stm32.12.3.rel1.linux64_1.0.100.202403111256/tools/bin/../lib/gcc/arm-none-eabi/12.3.1/thumb/v7e-m+fp/hard/libgcc.a(_aeabi_uldivmod.o)
                0x08000b6c                __aeabi_uldivmod
 .text          0x08000b9c      0x2bc /opt/st/stm32cubeide_1.15.1/plugins/com.st.stm32cube.ide.mcu.externaltools.gnu-tools-for-stm32.12.3.rel1.linux64_1.0.100.202403111256/tools/bin/../lib/gcc/arm-none-eabi/12.3.1/thumb/v7e-m+fp/hard/libgcc.a(_udivmoddi4.o)
                0x08000b9c                __udivmoddi4
 .text          0x08000e58        0x4 /opt/st/stm32cubeide_1.15.1/plugins/com.st.stm32cube.ide.mcu.externaltools.gnu-tools-for-stm32.12.3.rel1.linux64_1.0.100.202403111256/tools/bin/../lib/gcc/arm-none-eabi/12.3.1/thumb/v7e-m+fp/hard/libgcc.a(_dvmd_tls.o)
                0x08000e58                __aeabi_ldiv0
                0x08000e58                __aeabi_idiv0
 *(.text*)
 .text.bit16ToInt
                0x08000e5c       0x40 ./Core/Src/16Bitmanipulator.o
                0x08000e5c                bit16ToInt
 .text.merge16  0x08000e9c       0x64 ./Core/Src/16Bitmanipulator.o
                0x08000e9c                merge16
 .text.Set_LED  0x08000f00       0x5c ./Core/Src/WS2812LED.o
                0x08000f00                Set_LED
 *fill*         0x08000f5c        0x4 
 .text.WS2812_Send
                0x08000f60      0x138 ./Core/Src/WS2812LED.o
                0x08000f60                WS2812_Send
 .text.vApplicationGetIdleTaskMemory
                0x08001098       0x34 ./Core/Src/freertos.o
                0x08001098                vApplicationGetIdleTaskMemory
 .text.HAL_UART_RxCpltCallback
                0x080010cc      0x224 ./Core/Src/main.o
                0x080010cc                HAL_UART_RxCpltCallback
 .text.convertADCtoVoltage
                0x080012f0       0x82 ./Core/Src/main.o
                0x080012f0                convertADCtoVoltage
 *fill*         0x08001372        0x2 
 .text.HAL_TIM_PWM_PulseFinishedCallback
                0x08001374       0x28 ./Core/Src/main.o
                0x08001374                HAL_TIM_PWM_PulseFinishedCallback
 .text.map      0x0800139c       0x38 ./Core/Src/main.o
                0x0800139c                map
 .text.main     0x080013d4      0x184 ./Core/Src/main.o
                0x080013d4                main
 .text.SystemClock_Config
                0x08001558       0xd4 ./Core/Src/main.o
                0x08001558                SystemClock_Config
 .text.MX_ADC1_Init
                0x0800162c       0xbc ./Core/Src/main.o
 .text.MX_I2C1_Init
                0x080016e8       0x5c ./Core/Src/main.o
 .text.MX_TIM3_Init
                0x08001744       0xb0 ./Core/Src/main.o
 .text.MX_TIM4_Init
                0x080017f4       0xf4 ./Core/Src/main.o
 .text.MX_TIM5_Init
                0x080018e8       0xf4 ./Core/Src/main.o
 .text.MX_TIM9_Init
                0x080019dc       0x8c ./Core/Src/main.o
 .text.MX_USART2_UART_Init
                0x08001a68       0x60 ./Core/Src/main.o
 .text.MX_DMA_Init
                0x08001ac8       0x6c ./Core/Src/main.o
 .text.MX_GPIO_Init
                0x08001b34      0x138 ./Core/Src/main.o
 .text.StartCdcSerialTask
                0x08001c6c      0x4c0 ./Core/Src/main.o
                0x08001c6c                StartCdcSerialTask
 .text.StartMovementTask
                0x0800212c      0x8e0 ./Core/Src/main.o
                0x0800212c                StartMovementTask
 .text.StartGetPressureTask
                0x08002a0c      0x14c ./Core/Src/main.o
                0x08002a0c                StartGetPressureTask
 .text.StartStroboTask
                0x08002b58      0x378 ./Core/Src/main.o
                0x08002b58                StartStroboTask
 .text.StartOtherTask
                0x08002ed0       0xdc ./Core/Src/main.o
                0x08002ed0                StartOtherTask
 .text.HAL_TIM_PeriodElapsedCallback
                0x08002fac       0x24 ./Core/Src/main.o
                0x08002fac                HAL_TIM_PeriodElapsedCallback
 .text.Error_Handler
                0x08002fd0        0xc ./Core/Src/main.o
                0x08002fd0                Error_Handler
 .text.MS58xx_read
                0x08002fdc       0x36 ./Core/Src/ms58xx.o
                0x08002fdc                MS58xx_read
 .text.MS58xx_write
                0x08003012       0x36 ./Core/Src/ms58xx.o
                0x08003012                MS58xx_write
 .text.MS58xx_reset
                0x08003048       0x3e ./Core/Src/ms58xx.o
                0x08003048                MS58xx_reset
 .text.MS58xx_coeff
                0x08003086       0x6c ./Core/Src/ms58xx.o
                0x08003086                MS58xx_coeff
 *fill*         0x080030f2        0x2 
 .text.MS58xx_ADC
                0x080030f4       0xd4 ./Core/Src/ms58xx.o
                0x080030f4                MS58xx_ADC
 .text.MS58xx_get_values
                0x080031c8      0x288 ./Core/Src/ms58xx.o
                0x080031c8                MS58xx_get_values
 .text.HAL_MspInit
                0x08003450       0x58 ./Core/Src/stm32f4xx_hal_msp.o
                0x08003450                HAL_MspInit
 .text.HAL_ADC_MspInit
                0x080034a8       0xf0 ./Core/Src/stm32f4xx_hal_msp.o
                0x080034a8                HAL_ADC_MspInit
 .text.HAL_I2C_MspInit
                0x08003598       0x90 ./Core/Src/stm32f4xx_hal_msp.o
                0x08003598                HAL_I2C_MspInit
 .text.HAL_TIM_PWM_MspInit
                0x08003628      0x12c ./Core/Src/stm32f4xx_hal_msp.o
                0x08003628                HAL_TIM_PWM_MspInit
 .text.HAL_TIM_MspPostInit
                0x08003754      0x160 ./Core/Src/stm32f4xx_hal_msp.o
                0x08003754                HAL_TIM_MspPostInit
 .text.HAL_UART_MspInit
                0x080038b4       0xa0 ./Core/Src/stm32f4xx_hal_msp.o
                0x080038b4                HAL_UART_MspInit
 .text.HAL_InitTick
                0x08003954       0xf8 ./Core/Src/stm32f4xx_hal_timebase_tim.o
                0x08003954                HAL_InitTick
 .text.NMI_Handler
                0x08003a4c        0x8 ./Core/Src/stm32f4xx_it.o
                0x08003a4c                NMI_Handler
 .text.HardFault_Handler
                0x08003a54        0x8 ./Core/Src/stm32f4xx_it.o
                0x08003a54                HardFault_Handler
 .text.MemManage_Handler
                0x08003a5c        0x8 ./Core/Src/stm32f4xx_it.o
                0x08003a5c                MemManage_Handler
 .text.BusFault_Handler
                0x08003a64        0x8 ./Core/Src/stm32f4xx_it.o
                0x08003a64                BusFault_Handler
 .text.UsageFault_Handler
                0x08003a6c        0x8 ./Core/Src/stm32f4xx_it.o
                0x08003a6c                UsageFault_Handler
 .text.DebugMon_Handler
                0x08003a74        0xe ./Core/Src/stm32f4xx_it.o
                0x08003a74                DebugMon_Handler
 *fill*         0x08003a82        0x2 
 .text.DMA1_Stream5_IRQHandler
                0x08003a84       0x14 ./Core/Src/stm32f4xx_it.o
                0x08003a84                DMA1_Stream5_IRQHandler
 .text.USART2_IRQHandler
                0x08003a98       0x14 ./Core/Src/stm32f4xx_it.o
                0x08003a98                USART2_IRQHandler
 .text.TIM8_TRG_COM_TIM14_IRQHandler
                0x08003aac       0x14 ./Core/Src/stm32f4xx_it.o
                0x08003aac                TIM8_TRG_COM_TIM14_IRQHandler
 .text.DMA2_Stream0_IRQHandler
                0x08003ac0       0x14 ./Core/Src/stm32f4xx_it.o
                0x08003ac0                DMA2_Stream0_IRQHandler
 .text.OTG_FS_IRQHandler
                0x08003ad4       0x14 ./Core/Src/stm32f4xx_it.o
                0x08003ad4                OTG_FS_IRQHandler
 .text.SystemInit
                0x08003ae8       0x24 ./Core/Src/system_stm32f4xx.o
                0x08003ae8                SystemInit
 .text.Reset_Handler
                0x08003b0c       0x50 ./Core/Startup/startup_stm32f407vgtx.o
                0x08003b0c                Reset_Handler
 .text.Default_Handler
                0x08003b5c        0x2 ./Core/Startup/startup_stm32f407vgtx.o
                0x08003b5c                RTC_Alarm_IRQHandler
                0x08003b5c                HASH_RNG_IRQHandler
                0x08003b5c                EXTI2_IRQHandler
                0x08003b5c                TIM8_CC_IRQHandler
                0x08003b5c                TIM1_CC_IRQHandler
                0x08003b5c                DMA2_Stream5_IRQHandler
                0x08003b5c                PVD_IRQHandler
                0x08003b5c                SDIO_IRQHandler
                0x08003b5c                TAMP_STAMP_IRQHandler
                0x08003b5c                CAN2_RX1_IRQHandler
                0x08003b5c                EXTI3_IRQHandler
                0x08003b5c                TIM1_UP_TIM10_IRQHandler
                0x08003b5c                TIM8_UP_TIM13_IRQHandler
                0x08003b5c                I2C3_ER_IRQHandler
                0x08003b5c                EXTI0_IRQHandler
                0x08003b5c                I2C2_EV_IRQHandler
                0x08003b5c                DMA1_Stream2_IRQHandler
                0x08003b5c                CAN1_RX0_IRQHandler
                0x08003b5c                FPU_IRQHandler
                0x08003b5c                OTG_HS_WKUP_IRQHandler
                0x08003b5c                CAN2_SCE_IRQHandler
                0x08003b5c                DMA2_Stream2_IRQHandler
                0x08003b5c                SPI1_IRQHandler
                0x08003b5c                TIM6_DAC_IRQHandler
                0x08003b5c                TIM1_BRK_TIM9_IRQHandler
                0x08003b5c                DCMI_IRQHandler
                0x08003b5c                CAN2_RX0_IRQHandler
                0x08003b5c                DMA2_Stream3_IRQHandler
                0x08003b5c                USART6_IRQHandler
                0x08003b5c                USART3_IRQHandler
                0x08003b5c                CAN1_RX1_IRQHandler
                0x08003b5c                UART5_IRQHandler
                0x08003b5c                TIM4_IRQHandler
                0x08003b5c                I2C1_EV_IRQHandler
                0x08003b5c                DMA1_Stream6_IRQHandler
                0x08003b5c                DMA1_Stream1_IRQHandler
                0x08003b5c                UART4_IRQHandler
                0x08003b5c                TIM3_IRQHandler
                0x08003b5c                RCC_IRQHandler
                0x08003b5c                TIM8_BRK_TIM12_IRQHandler
                0x08003b5c                Default_Handler
                0x08003b5c                EXTI15_10_IRQHandler
                0x08003b5c                ADC_IRQHandler
                0x08003b5c                DMA1_Stream7_IRQHandler
                0x08003b5c                TIM7_IRQHandler
                0x08003b5c                CAN2_TX_IRQHandler
                0x08003b5c                TIM5_IRQHandler
                0x08003b5c                DMA2_Stream7_IRQHandler
                0x08003b5c                I2C3_EV_IRQHandler
                0x08003b5c                EXTI9_5_IRQHandler
                0x08003b5c                RTC_WKUP_IRQHandler
                0x08003b5c                ETH_WKUP_IRQHandler
                0x08003b5c                SPI2_IRQHandler
                0x08003b5c                OTG_HS_EP1_IN_IRQHandler
                0x08003b5c                DMA1_Stream0_IRQHandler
                0x08003b5c                CAN1_TX_IRQHandler
                0x08003b5c                EXTI4_IRQHandler
                0x08003b5c                FSMC_IRQHandler
                0x08003b5c                ETH_IRQHandler
                0x08003b5c                OTG_HS_EP1_OUT_IRQHandler
                0x08003b5c                WWDG_IRQHandler
                0x08003b5c                TIM2_IRQHandler
                0x08003b5c                OTG_FS_WKUP_IRQHandler
                0x08003b5c                TIM1_TRG_COM_TIM11_IRQHandler
                0x08003b5c                OTG_HS_IRQHandler
                0x08003b5c                EXTI1_IRQHandler
                0x08003b5c                I2C2_ER_IRQHandler
                0x08003b5c                DMA2_Stream1_IRQHandler
                0x08003b5c                CAN1_SCE_IRQHandler
                0x08003b5c                FLASH_IRQHandler
                0x08003b5c                DMA2_Stream4_IRQHandler
                0x08003b5c                USART1_IRQHandler
                0x08003b5c                SPI3_IRQHandler
                0x08003b5c                DMA1_Stream4_IRQHandler
                0x08003b5c                I2C1_ER_IRQHandler
                0x08003b5c                DMA2_Stream6_IRQHandler
                0x08003b5c                DMA1_Stream3_IRQHandler
 *fill*         0x08003b5e        0x2 
 .text.HAL_Init
                0x08003b60       0x44 ./Drivers/STM32F4xx_HAL_Driver/Src/stm32f4xx_hal.o
                0x08003b60                HAL_Init
 .text.HAL_IncTick
                0x08003ba4       0x28 ./Drivers/STM32F4xx_HAL_Driver/Src/stm32f4xx_hal.o
                0x08003ba4                HAL_IncTick
 .text.HAL_GetTick
                0x08003bcc       0x18 ./Drivers/STM32F4xx_HAL_Driver/Src/stm32f4xx_hal.o
                0x08003bcc                HAL_GetTick
 .text.HAL_Delay
                0x08003be4       0x48 ./Drivers/STM32F4xx_HAL_Driver/Src/stm32f4xx_hal.o
                0x08003be4                HAL_Delay
 .text.HAL_ADC_Init
                0x08003c2c       0x86 ./Drivers/STM32F4xx_HAL_Driver/Src/stm32f4xx_hal_adc.o
                0x08003c2c                HAL_ADC_Init
 *fill*         0x08003cb2        0x2 
 .text.HAL_ADC_Start_DMA
                0x08003cb4      0x220 ./Drivers/STM32F4xx_HAL_Driver/Src/stm32f4xx_hal_adc.o
                0x08003cb4                HAL_ADC_Start_DMA
 .text.HAL_ADC_ConvCpltCallback
                0x08003ed4       0x14 ./Drivers/STM32F4xx_HAL_Driver/Src/stm32f4xx_hal_adc.o
                0x08003ed4                HAL_ADC_ConvCpltCallback
 .text.HAL_ADC_ConvHalfCpltCallback
                0x08003ee8       0x14 ./Drivers/STM32F4xx_HAL_Driver/Src/stm32f4xx_hal_adc.o
                0x08003ee8                HAL_ADC_ConvHalfCpltCallback
 .text.HAL_ADC_ErrorCallback
                0x08003efc       0x14 ./Drivers/STM32F4xx_HAL_Driver/Src/stm32f4xx_hal_adc.o
                0x08003efc                HAL_ADC_ErrorCallback
 .text.HAL_ADC_ConfigChannel
                0x08003f10      0x244 ./Drivers/STM32F4xx_HAL_Driver/Src/stm32f4xx_hal_adc.o
                0x08003f10                HAL_ADC_ConfigChannel
 .text.ADC_Init
                0x08004154      0x1f8 ./Drivers/STM32F4xx_HAL_Driver/Src/stm32f4xx_hal_adc.o
 .text.ADC_DMAConvCplt
                0x0800434c       0xba ./Drivers/STM32F4xx_HAL_Driver/Src/stm32f4xx_hal_adc.o
 .text.ADC_DMAHalfConvCplt
                0x08004406       0x1c ./Drivers/STM32F4xx_HAL_Driver/Src/stm32f4xx_hal_adc.o
 .text.ADC_DMAError
                0x08004422       0x2e ./Drivers/STM32F4xx_HAL_Driver/Src/stm32f4xx_hal_adc.o
 .text.__NVIC_SetPriorityGrouping
                0x08004450       0x48 ./Drivers/STM32F4xx_HAL_Driver/Src/stm32f4xx_hal_cortex.o
 .text.__NVIC_GetPriorityGrouping
                0x08004498       0x1c ./Drivers/STM32F4xx_HAL_Driver/Src/stm32f4xx_hal_cortex.o
 .text.__NVIC_EnableIRQ
                0x080044b4       0x3c ./Drivers/STM32F4xx_HAL_Driver/Src/stm32f4xx_hal_cortex.o
 .text.__NVIC_SetPriority
                0x080044f0       0x54 ./Drivers/STM32F4xx_HAL_Driver/Src/stm32f4xx_hal_cortex.o
 .text.NVIC_EncodePriority
                0x08004544       0x66 ./Drivers/STM32F4xx_HAL_Driver/Src/stm32f4xx_hal_cortex.o
 .text.HAL_NVIC_SetPriorityGrouping
                0x080045aa       0x16 ./Drivers/STM32F4xx_HAL_Driver/Src/stm32f4xx_hal_cortex.o
                0x080045aa                HAL_NVIC_SetPriorityGrouping
 .text.HAL_NVIC_SetPriority
                0x080045c0       0x38 ./Drivers/STM32F4xx_HAL_Driver/Src/stm32f4xx_hal_cortex.o
                0x080045c0                HAL_NVIC_SetPriority
 .text.HAL_NVIC_EnableIRQ
                0x080045f8       0x1c ./Drivers/STM32F4xx_HAL_Driver/Src/stm32f4xx_hal_cortex.o
                0x080045f8                HAL_NVIC_EnableIRQ
 .text.HAL_DMA_Init
                0x08004614      0x15c ./Drivers/STM32F4xx_HAL_Driver/Src/stm32f4xx_hal_dma.o
                0x08004614                HAL_DMA_Init
 .text.HAL_DMA_Start_IT
                0x08004770       0xb0 ./Drivers/STM32F4xx_HAL_Driver/Src/stm32f4xx_hal_dma.o
                0x08004770                HAL_DMA_Start_IT
 .text.HAL_DMA_Abort
                0x08004820       0xe0 ./Drivers/STM32F4xx_HAL_Driver/Src/stm32f4xx_hal_dma.o
                0x08004820                HAL_DMA_Abort
 .text.HAL_DMA_Abort_IT
                0x08004900       0x44 ./Drivers/STM32F4xx_HAL_Driver/Src/stm32f4xx_hal_dma.o
                0x08004900                HAL_DMA_Abort_IT
 .text.HAL_DMA_IRQHandler
                0x08004944      0x314 ./Drivers/STM32F4xx_HAL_Driver/Src/stm32f4xx_hal_dma.o
                0x08004944                HAL_DMA_IRQHandler
 .text.DMA_SetConfig
                0x08004c58       0x5c ./Drivers/STM32F4xx_HAL_Driver/Src/stm32f4xx_hal_dma.o
 .text.DMA_CalcBaseAndBitshift
                0x08004cb4       0x6c ./Drivers/STM32F4xx_HAL_Driver/Src/stm32f4xx_hal_dma.o
 .text.DMA_CheckFifoParam
                0x08004d20       0xf8 ./Drivers/STM32F4xx_HAL_Driver/Src/stm32f4xx_hal_dma.o
 .text.HAL_GPIO_Init
                0x08004e18      0x338 ./Drivers/STM32F4xx_HAL_Driver/Src/stm32f4xx_hal_gpio.o
                0x08004e18                HAL_GPIO_Init
 .text.HAL_GPIO_ReadPin
                0x08005150       0x30 ./Drivers/STM32F4xx_HAL_Driver/Src/stm32f4xx_hal_gpio.o
                0x08005150                HAL_GPIO_ReadPin
 .text.HAL_GPIO_WritePin
                0x08005180       0x32 ./Drivers/STM32F4xx_HAL_Driver/Src/stm32f4xx_hal_gpio.o
                0x08005180                HAL_GPIO_WritePin
 *fill*         0x080051b2        0x2 
 .text.HAL_I2C_Init
                0x080051b4      0x288 ./Drivers/STM32F4xx_HAL_Driver/Src/stm32f4xx_hal_i2c.o
                0x080051b4                HAL_I2C_Init
 .text.HAL_I2C_Master_Transmit
                0x0800543c      0x1fc ./Drivers/STM32F4xx_HAL_Driver/Src/stm32f4xx_hal_i2c.o
                0x0800543c                HAL_I2C_Master_Transmit
 .text.HAL_I2C_Master_Receive
                0x08005638      0x464 ./Drivers/STM32F4xx_HAL_Driver/Src/stm32f4xx_hal_i2c.o
                0x08005638                HAL_I2C_Master_Receive
 .text.I2C_MasterRequestWrite
                0x08005a9c      0x104 ./Drivers/STM32F4xx_HAL_Driver/Src/stm32f4xx_hal_i2c.o
 .text.I2C_MasterRequestRead
                0x08005ba0      0x19c ./Drivers/STM32F4xx_HAL_Driver/Src/stm32f4xx_hal_i2c.o
 .text.I2C_WaitOnFlagUntilTimeout
                0x08005d3c       0xf4 ./Drivers/STM32F4xx_HAL_Driver/Src/stm32f4xx_hal_i2c.o
 .text.I2C_WaitOnMasterAddressFlagUntilTimeout
                0x08005e30      0x140 ./Drivers/STM32F4xx_HAL_Driver/Src/stm32f4xx_hal_i2c.o
 .text.I2C_WaitOnTXEFlagUntilTimeout
                0x08005f70       0x90 ./Drivers/STM32F4xx_HAL_Driver/Src/stm32f4xx_hal_i2c.o
 .text.I2C_WaitOnBTFFlagUntilTimeout
                0x08006000       0x90 ./Drivers/STM32F4xx_HAL_Driver/Src/stm32f4xx_hal_i2c.o
 .text.I2C_WaitOnRXNEFlagUntilTimeout
                0x08006090       0xba ./Drivers/STM32F4xx_HAL_Driver/Src/stm32f4xx_hal_i2c.o
 .text.I2C_IsAcknowledgeFailed
                0x0800614a       0x5e ./Drivers/STM32F4xx_HAL_Driver/Src/stm32f4xx_hal_i2c.o
 .text.HAL_PCD_Init
                0x080061a8      0x21e ./Drivers/STM32F4xx_HAL_Driver/Src/stm32f4xx_hal_pcd.o
                0x080061a8                HAL_PCD_Init
 .text.HAL_PCD_Start
                0x080063c6       0x6a ./Drivers/STM32F4xx_HAL_Driver/Src/stm32f4xx_hal_pcd.o
                0x080063c6                HAL_PCD_Start
 .text.HAL_PCD_IRQHandler
                0x08006430      0x942 ./Drivers/STM32F4xx_HAL_Driver/Src/stm32f4xx_hal_pcd.o
                0x08006430                HAL_PCD_IRQHandler
 .text.HAL_PCD_SetAddress
                0x08006d72       0x48 ./Drivers/STM32F4xx_HAL_Driver/Src/stm32f4xx_hal_pcd.o
                0x08006d72                HAL_PCD_SetAddress
 .text.HAL_PCD_EP_Open
                0x08006dba       0xd0 ./Drivers/STM32F4xx_HAL_Driver/Src/stm32f4xx_hal_pcd.o
                0x08006dba                HAL_PCD_EP_Open
 .text.HAL_PCD_EP_Close
                0x08006e8a       0x94 ./Drivers/STM32F4xx_HAL_Driver/Src/stm32f4xx_hal_pcd.o
                0x08006e8a                HAL_PCD_EP_Close
 .text.HAL_PCD_EP_Receive
                0x08006f1e       0x76 ./Drivers/STM32F4xx_HAL_Driver/Src/stm32f4xx_hal_pcd.o
                0x08006f1e                HAL_PCD_EP_Receive
 .text.HAL_PCD_EP_GetRxCount
                0x08006f94       0x30 ./Drivers/STM32F4xx_HAL_Driver/Src/stm32f4xx_hal_pcd.o
                0x08006f94                HAL_PCD_EP_GetRxCount
 .text.HAL_PCD_EP_Transmit
                0x08006fc4       0x74 ./Drivers/STM32F4xx_HAL_Driver/Src/stm32f4xx_hal_pcd.o
                0x08006fc4                HAL_PCD_EP_Transmit
 .text.HAL_PCD_EP_SetStall
                0x08007038       0xc6 ./Drivers/STM32F4xx_HAL_Driver/Src/stm32f4xx_hal_pcd.o
                0x08007038                HAL_PCD_EP_SetStall
 .text.HAL_PCD_EP_ClrStall
                0x080070fe       0xac ./Drivers/STM32F4xx_HAL_Driver/Src/stm32f4xx_hal_pcd.o
                0x080070fe                HAL_PCD_EP_ClrStall
 .text.HAL_PCD_EP_Abort
                0x080071aa       0x62 ./Drivers/STM32F4xx_HAL_Driver/Src/stm32f4xx_hal_pcd.o
                0x080071aa                HAL_PCD_EP_Abort
 .text.PCD_WriteEmptyTxFifo
                0x0800720c      0x118 ./Drivers/STM32F4xx_HAL_Driver/Src/stm32f4xx_hal_pcd.o
 .text.PCD_EP_OutXfrComplete_int
                0x08007324      0x1d0 ./Drivers/STM32F4xx_HAL_Driver/Src/stm32f4xx_hal_pcd.o
 .text.PCD_EP_OutSetupPacket_int
                0x080074f4       0x8c ./Drivers/STM32F4xx_HAL_Driver/Src/stm32f4xx_hal_pcd.o
 .text.HAL_PCDEx_SetTxFiFo
                0x08007580       0x8e ./Drivers/STM32F4xx_HAL_Driver/Src/stm32f4xx_hal_pcd_ex.o
                0x08007580                HAL_PCDEx_SetTxFiFo
 .text.HAL_PCDEx_SetRxFiFo
                0x0800760e       0x22 ./Drivers/STM32F4xx_HAL_Driver/Src/stm32f4xx_hal_pcd_ex.o
                0x0800760e                HAL_PCDEx_SetRxFiFo
 .text.HAL_PCDEx_LPM_Callback
                0x08007630       0x18 ./Drivers/STM32F4xx_HAL_Driver/Src/stm32f4xx_hal_pcd_ex.o
                0x08007630                HAL_PCDEx_LPM_Callback
 .text.HAL_RCC_OscConfig
                0x08007648      0x4f0 ./Drivers/STM32F4xx_HAL_Driver/Src/stm32f4xx_hal_rcc.o
                0x08007648                HAL_RCC_OscConfig
 .text.HAL_RCC_ClockConfig
                0x08007b38      0x1cc ./Drivers/STM32F4xx_HAL_Driver/Src/stm32f4xx_hal_rcc.o
                0x08007b38                HAL_RCC_ClockConfig
 .text.HAL_RCC_GetSysClockFreq
                0x08007d04      0x20c ./Drivers/STM32F4xx_HAL_Driver/Src/stm32f4xx_hal_rcc.o
                0x08007d04                HAL_RCC_GetSysClockFreq
 .text.HAL_RCC_GetHCLKFreq
                0x08007f10       0x18 ./Drivers/STM32F4xx_HAL_Driver/Src/stm32f4xx_hal_rcc.o
                0x08007f10                HAL_RCC_GetHCLKFreq
 .text.HAL_RCC_GetPCLK1Freq
                0x08007f28       0x28 ./Drivers/STM32F4xx_HAL_Driver/Src/stm32f4xx_hal_rcc.o
                0x08007f28                HAL_RCC_GetPCLK1Freq
 .text.HAL_RCC_GetPCLK2Freq
                0x08007f50       0x28 ./Drivers/STM32F4xx_HAL_Driver/Src/stm32f4xx_hal_rcc.o
                0x08007f50                HAL_RCC_GetPCLK2Freq
 .text.HAL_RCC_GetClockConfig
                0x08007f78       0x64 ./Drivers/STM32F4xx_HAL_Driver/Src/stm32f4xx_hal_rcc.o
                0x08007f78                HAL_RCC_GetClockConfig
 .text.HAL_TIM_Base_Init
                0x08007fdc       0x9e ./Drivers/STM32F4xx_HAL_Driver/Src/stm32f4xx_hal_tim.o
                0x08007fdc                HAL_TIM_Base_Init
 .text.HAL_TIM_Base_MspInit
                0x0800807a       0x14 ./Drivers/STM32F4xx_HAL_Driver/Src/stm32f4xx_hal_tim.o
                0x0800807a                HAL_TIM_Base_MspInit
 *fill*         0x0800808e        0x2 
 .text.HAL_TIM_Base_Start_IT
                0x08008090       0xe0 ./Drivers/STM32F4xx_HAL_Driver/Src/stm32f4xx_hal_tim.o
                0x08008090                HAL_TIM_Base_Start_IT
 .text.HAL_TIM_PWM_Init
                0x08008170       0x9e ./Drivers/STM32F4xx_HAL_Driver/Src/stm32f4xx_hal_tim.o
                0x08008170                HAL_TIM_PWM_Init
 *fill*         0x0800820e        0x2 
 .text.HAL_TIM_PWM_Start
                0x08008210      0x190 ./Drivers/STM32F4xx_HAL_Driver/Src/stm32f4xx_hal_tim.o
                0x08008210                HAL_TIM_PWM_Start
 .text.HAL_TIM_PWM_Start_DMA
                0x080083a0      0x390 ./Drivers/STM32F4xx_HAL_Driver/Src/stm32f4xx_hal_tim.o
                0x080083a0                HAL_TIM_PWM_Start_DMA
 .text.HAL_TIM_PWM_Stop_DMA
                0x08008730      0x1a4 ./Drivers/STM32F4xx_HAL_Driver/Src/stm32f4xx_hal_tim.o
                0x08008730                HAL_TIM_PWM_Stop_DMA
 .text.HAL_TIM_IRQHandler
                0x080088d4      0x1e0 ./Drivers/STM32F4xx_HAL_Driver/Src/stm32f4xx_hal_tim.o
                0x080088d4                HAL_TIM_IRQHandler
 .text.HAL_TIM_PWM_ConfigChannel
                0x08008ab4      0x184 ./Drivers/STM32F4xx_HAL_Driver/Src/stm32f4xx_hal_tim.o
                0x08008ab4                HAL_TIM_PWM_ConfigChannel
 .text.HAL_TIM_OC_DelayElapsedCallback
                0x08008c38       0x14 ./Drivers/STM32F4xx_HAL_Driver/Src/stm32f4xx_hal_tim.o
                0x08008c38                HAL_TIM_OC_DelayElapsedCallback
 .text.HAL_TIM_IC_CaptureCallback
                0x08008c4c       0x14 ./Drivers/STM32F4xx_HAL_Driver/Src/stm32f4xx_hal_tim.o
                0x08008c4c                HAL_TIM_IC_CaptureCallback
 .text.HAL_TIM_PWM_PulseFinishedHalfCpltCallback
                0x08008c60       0x14 ./Drivers/STM32F4xx_HAL_Driver/Src/stm32f4xx_hal_tim.o
                0x08008c60                HAL_TIM_PWM_PulseFinishedHalfCpltCallback
 .text.HAL_TIM_TriggerCallback
                0x08008c74       0x14 ./Drivers/STM32F4xx_HAL_Driver/Src/stm32f4xx_hal_tim.o
                0x08008c74                HAL_TIM_TriggerCallback
 .text.HAL_TIM_ErrorCallback
                0x08008c88       0x14 ./Drivers/STM32F4xx_HAL_Driver/Src/stm32f4xx_hal_tim.o
                0x08008c88                HAL_TIM_ErrorCallback
 .text.TIM_DMAError
                0x08008c9c       0x92 ./Drivers/STM32F4xx_HAL_Driver/Src/stm32f4xx_hal_tim.o
                0x08008c9c                TIM_DMAError
 .text.TIM_DMADelayPulseCplt
                0x08008d2e       0xa8 ./Drivers/STM32F4xx_HAL_Driver/Src/stm32f4xx_hal_tim.o
 .text.TIM_DMADelayPulseHalfCplt
                0x08008dd6       0x68 ./Drivers/STM32F4xx_HAL_Driver/Src/stm32f4xx_hal_tim.o
                0x08008dd6                TIM_DMADelayPulseHalfCplt
 *fill*         0x08008e3e        0x2 
 .text.TIM_Base_SetConfig
                0x08008e40      0x158 ./Drivers/STM32F4xx_HAL_Driver/Src/stm32f4xx_hal_tim.o
                0x08008e40                TIM_Base_SetConfig
 .text.TIM_OC1_SetConfig
                0x08008f98       0xe0 ./Drivers/STM32F4xx_HAL_Driver/Src/stm32f4xx_hal_tim.o
 .text.TIM_OC2_SetConfig
                0x08009078       0xec ./Drivers/STM32F4xx_HAL_Driver/Src/stm32f4xx_hal_tim.o
                0x08009078                TIM_OC2_SetConfig
 .text.TIM_OC3_SetConfig
                0x08009164       0xe8 ./Drivers/STM32F4xx_HAL_Driver/Src/stm32f4xx_hal_tim.o
 .text.TIM_OC4_SetConfig
                0x0800924c       0xac ./Drivers/STM32F4xx_HAL_Driver/Src/stm32f4xx_hal_tim.o
 .text.TIM_CCxChannelCmd
                0x080092f8       0x4a ./Drivers/STM32F4xx_HAL_Driver/Src/stm32f4xx_hal_tim.o
                0x080092f8                TIM_CCxChannelCmd
 *fill*         0x08009342        0x2 
 .text.HAL_TIMEx_MasterConfigSynchronization
                0x08009344       0xf8 ./Drivers/STM32F4xx_HAL_Driver/Src/stm32f4xx_hal_tim_ex.o
                0x08009344                HAL_TIMEx_MasterConfigSynchronization
 .text.HAL_TIMEx_CommutCallback
                0x0800943c       0x14 ./Drivers/STM32F4xx_HAL_Driver/Src/stm32f4xx_hal_tim_ex.o
                0x0800943c                HAL_TIMEx_CommutCallback
 .text.HAL_TIMEx_BreakCallback
                0x08009450       0x14 ./Drivers/STM32F4xx_HAL_Driver/Src/stm32f4xx_hal_tim_ex.o
                0x08009450                HAL_TIMEx_BreakCallback
 .text.HAL_UART_Init
                0x08009464       0xa0 ./Drivers/STM32F4xx_HAL_Driver/Src/stm32f4xx_hal_uart.o
                0x08009464                HAL_UART_Init
 .text.HAL_UART_Receive_IT
                0x08009504       0x4a ./Drivers/STM32F4xx_HAL_Driver/Src/stm32f4xx_hal_uart.o
                0x08009504                HAL_UART_Receive_IT
 *fill*         0x0800954e        0x2 
 .text.HAL_UART_IRQHandler
                0x08009550      0x524 ./Drivers/STM32F4xx_HAL_Driver/Src/stm32f4xx_hal_uart.o
                0x08009550                HAL_UART_IRQHandler
 .text.HAL_UART_TxCpltCallback
                0x08009a74       0x14 ./Drivers/STM32F4xx_HAL_Driver/Src/stm32f4xx_hal_uart.o
                0x08009a74                HAL_UART_TxCpltCallback
 .text.HAL_UART_ErrorCallback
                0x08009a88       0x14 ./Drivers/STM32F4xx_HAL_Driver/Src/stm32f4xx_hal_uart.o
                0x08009a88                HAL_UART_ErrorCallback
 .text.HAL_UARTEx_RxEventCallback
                0x08009a9c       0x18 ./Drivers/STM32F4xx_HAL_Driver/Src/stm32f4xx_hal_uart.o
                0x08009a9c                HAL_UARTEx_RxEventCallback
 .text.UART_Start_Receive_IT
                0x08009ab4       0x74 ./Drivers/STM32F4xx_HAL_Driver/Src/stm32f4xx_hal_uart.o
                0x08009ab4                UART_Start_Receive_IT
 .text.UART_EndRxTransfer
                0x08009b28       0xc6 ./Drivers/STM32F4xx_HAL_Driver/Src/stm32f4xx_hal_uart.o
 .text.UART_DMAAbortOnError
                0x08009bee       0x28 ./Drivers/STM32F4xx_HAL_Driver/Src/stm32f4xx_hal_uart.o
 .text.UART_Transmit_IT
                0x08009c16       0xa0 ./Drivers/STM32F4xx_HAL_Driver/Src/stm32f4xx_hal_uart.o
 .text.UART_EndTransmit_IT
                0x08009cb6       0x30 ./Drivers/STM32F4xx_HAL_Driver/Src/stm32f4xx_hal_uart.o
 .text.UART_Receive_IT
                0x08009ce6      0x17c ./Drivers/STM32F4xx_HAL_Driver/Src/stm32f4xx_hal_uart.o
 *fill*         0x08009e62        0x2 
 .text.UART_SetConfig
                0x08009e64      0x4e8 ./Drivers/STM32F4xx_HAL_Driver/Src/stm32f4xx_hal_uart.o
 .text.USB_CoreInit
                0x0800a34c       0xc8 ./Drivers/STM32F4xx_HAL_Driver/Src/stm32f4xx_ll_usb.o
                0x0800a34c                USB_CoreInit
 .text.USB_SetTurnaroundTime
                0x0800a414      0x144 ./Drivers/STM32F4xx_HAL_Driver/Src/stm32f4xx_ll_usb.o
                0x0800a414                USB_SetTurnaroundTime
 .text.USB_EnableGlobalInt
                0x0800a558       0x22 ./Drivers/STM32F4xx_HAL_Driver/Src/stm32f4xx_ll_usb.o
                0x0800a558                USB_EnableGlobalInt
 .text.USB_DisableGlobalInt
                0x0800a57a       0x22 ./Drivers/STM32F4xx_HAL_Driver/Src/stm32f4xx_ll_usb.o
                0x0800a57a                USB_DisableGlobalInt
 .text.USB_SetCurrentMode
                0x0800a59c       0x98 ./Drivers/STM32F4xx_HAL_Driver/Src/stm32f4xx_ll_usb.o
                0x0800a59c                USB_SetCurrentMode
 .text.USB_DevInit
                0x0800a634      0x2c8 ./Drivers/STM32F4xx_HAL_Driver/Src/stm32f4xx_ll_usb.o
                0x0800a634                USB_DevInit
 .text.USB_FlushTxFifo
                0x0800a8fc       0x64 ./Drivers/STM32F4xx_HAL_Driver/Src/stm32f4xx_ll_usb.o
                0x0800a8fc                USB_FlushTxFifo
 .text.USB_FlushRxFifo
                0x0800a960       0x5c ./Drivers/STM32F4xx_HAL_Driver/Src/stm32f4xx_ll_usb.o
                0x0800a960                USB_FlushRxFifo
 .text.USB_SetDevSpeed
                0x0800a9bc       0x32 ./Drivers/STM32F4xx_HAL_Driver/Src/stm32f4xx_ll_usb.o
                0x0800a9bc                USB_SetDevSpeed
 .text.USB_GetDevSpeed
                0x0800a9ee       0x4a ./Drivers/STM32F4xx_HAL_Driver/Src/stm32f4xx_ll_usb.o
                0x0800a9ee                USB_GetDevSpeed
 .text.USB_ActivateEndpoint
                0x0800aa38      0x10e ./Drivers/STM32F4xx_HAL_Driver/Src/stm32f4xx_ll_usb.o
                0x0800aa38                USB_ActivateEndpoint
 *fill*         0x0800ab46        0x2 
 .text.USB_DeactivateEndpoint
                0x0800ab48      0x1b8 ./Drivers/STM32F4xx_HAL_Driver/Src/stm32f4xx_ll_usb.o
                0x0800ab48                USB_DeactivateEndpoint
 .text.USB_EPStartXfer
                0x0800ad00      0x530 ./Drivers/STM32F4xx_HAL_Driver/Src/stm32f4xx_ll_usb.o
                0x0800ad00                USB_EPStartXfer
 .text.USB_EPStopXfer
                0x0800b230      0x154 ./Drivers/STM32F4xx_HAL_Driver/Src/stm32f4xx_ll_usb.o
                0x0800b230                USB_EPStopXfer
 .text.USB_WritePacket
                0x0800b384       0x7c ./Drivers/STM32F4xx_HAL_Driver/Src/stm32f4xx_ll_usb.o
                0x0800b384                USB_WritePacket
 .text.USB_ReadPacket
                0x0800b400       0xb0 ./Drivers/STM32F4xx_HAL_Driver/Src/stm32f4xx_ll_usb.o
                0x0800b400                USB_ReadPacket
 .text.USB_EPSetStall
                0x0800b4b0       0xdc ./Drivers/STM32F4xx_HAL_Driver/Src/stm32f4xx_ll_usb.o
                0x0800b4b0                USB_EPSetStall
 .text.USB_EPClearStall
                0x0800b58c       0xcc ./Drivers/STM32F4xx_HAL_Driver/Src/stm32f4xx_ll_usb.o
                0x0800b58c                USB_EPClearStall
 .text.USB_SetDevAddress
                0x0800b658       0x4c ./Drivers/STM32F4xx_HAL_Driver/Src/stm32f4xx_ll_usb.o
                0x0800b658                USB_SetDevAddress
 .text.USB_DevConnect
                0x0800b6a4       0x42 ./Drivers/STM32F4xx_HAL_Driver/Src/stm32f4xx_ll_usb.o
                0x0800b6a4                USB_DevConnect
 .text.USB_DevDisconnect
                0x0800b6e6       0x42 ./Drivers/STM32F4xx_HAL_Driver/Src/stm32f4xx_ll_usb.o
                0x0800b6e6                USB_DevDisconnect
 .text.USB_ReadInterrupts
                0x0800b728       0x26 ./Drivers/STM32F4xx_HAL_Driver/Src/stm32f4xx_ll_usb.o
                0x0800b728                USB_ReadInterrupts
 .text.USB_ReadDevAllOutEpInterrupt
                0x0800b74e       0x34 ./Drivers/STM32F4xx_HAL_Driver/Src/stm32f4xx_ll_usb.o
                0x0800b74e                USB_ReadDevAllOutEpInterrupt
 .text.USB_ReadDevAllInEpInterrupt
                0x0800b782       0x34 ./Drivers/STM32F4xx_HAL_Driver/Src/stm32f4xx_ll_usb.o
                0x0800b782                USB_ReadDevAllInEpInterrupt
 .text.USB_ReadDevOutEPInterrupt
                0x0800b7b6       0x3c ./Drivers/STM32F4xx_HAL_Driver/Src/stm32f4xx_ll_usb.o
                0x0800b7b6                USB_ReadDevOutEPInterrupt
 .text.USB_ReadDevInEPInterrupt
                0x0800b7f2       0x5c ./Drivers/STM32F4xx_HAL_Driver/Src/stm32f4xx_ll_usb.o
                0x0800b7f2                USB_ReadDevInEPInterrupt
 .text.USB_GetMode
                0x0800b84e       0x1c ./Drivers/STM32F4xx_HAL_Driver/Src/stm32f4xx_ll_usb.o
                0x0800b84e                USB_GetMode
 .text.USB_ActivateSetup
                0x0800b86a       0x46 ./Drivers/STM32F4xx_HAL_Driver/Src/stm32f4xx_ll_usb.o
                0x0800b86a                USB_ActivateSetup
 .text.USB_EP0_OutStart
                0x0800b8b0       0xbc ./Drivers/STM32F4xx_HAL_Driver/Src/stm32f4xx_ll_usb.o
                0x0800b8b0                USB_EP0_OutStart
 .text.USB_CoreReset
                0x0800b96c       0x62 ./Drivers/STM32F4xx_HAL_Driver/Src/stm32f4xx_ll_usb.o
 *fill*         0x0800b9ce        0x2 
 .text.USBD_CDC_Init
                0x0800b9d0      0x1f0 ./Middlewares/ST/STM32_USB_Device_Library/Class/CDC/Src/usbd_cdc.o
 .text.USBD_CDC_DeInit
                0x0800bbc0      0x104 ./Middlewares/ST/STM32_USB_Device_Library/Class/CDC/Src/usbd_cdc.o
 .text.USBD_CDC_Setup
                0x0800bcc4      0x1b8 ./Middlewares/ST/STM32_USB_Device_Library/Class/CDC/Src/usbd_cdc.o
 .text.USBD_CDC_DataIn
                0x0800be7c       0xfe ./Middlewares/ST/STM32_USB_Device_Library/Class/CDC/Src/usbd_cdc.o
 .text.USBD_CDC_DataOut
                0x0800bf7a       0x70 ./Middlewares/ST/STM32_USB_Device_Library/Class/CDC/Src/usbd_cdc.o
 .text.USBD_CDC_EP0_RxReady
                0x0800bfea       0x74 ./Middlewares/ST/STM32_USB_Device_Library/Class/CDC/Src/usbd_cdc.o
 *fill*         0x0800c05e        0x2 
 .text.USBD_CDC_GetFSCfgDesc
                0x0800c060       0x70 ./Middlewares/ST/STM32_USB_Device_Library/Class/CDC/Src/usbd_cdc.o
 .text.USBD_CDC_GetHSCfgDesc
                0x0800c0d0       0x70 ./Middlewares/ST/STM32_USB_Device_Library/Class/CDC/Src/usbd_cdc.o
 .text.USBD_CDC_GetOtherSpeedCfgDesc
                0x0800c140       0x70 ./Middlewares/ST/STM32_USB_Device_Library/Class/CDC/Src/usbd_cdc.o
 .text.USBD_CDC_GetDeviceQualifierDescriptor
                0x0800c1b0       0x20 ./Middlewares/ST/STM32_USB_Device_Library/Class/CDC/Src/usbd_cdc.o
                0x0800c1b0                USBD_CDC_GetDeviceQualifierDescriptor
 .text.USBD_CDC_RegisterInterface
                0x0800c1d0       0x34 ./Middlewares/ST/STM32_USB_Device_Library/Class/CDC/Src/usbd_cdc.o
                0x0800c1d0                USBD_CDC_RegisterInterface
 .text.USBD_CDC_SetTxBuffer
                0x0800c204       0x44 ./Middlewares/ST/STM32_USB_Device_Library/Class/CDC/Src/usbd_cdc.o
                0x0800c204                USBD_CDC_SetTxBuffer
 .text.USBD_CDC_SetRxBuffer
                0x0800c248       0x3a ./Middlewares/ST/STM32_USB_Device_Library/Class/CDC/Src/usbd_cdc.o
                0x0800c248                USBD_CDC_SetRxBuffer
 *fill*         0x0800c282        0x2 
 .text.USBD_CDC_TransmitPacket
                0x0800c284       0x80 ./Middlewares/ST/STM32_USB_Device_Library/Class/CDC/Src/usbd_cdc.o
                0x0800c284                USBD_CDC_TransmitPacket
 .text.USBD_CDC_ReceivePacket
                0x0800c304       0x6c ./Middlewares/ST/STM32_USB_Device_Library/Class/CDC/Src/usbd_cdc.o
                0x0800c304                USBD_CDC_ReceivePacket
 .text.USBD_Init
                0x0800c370       0x60 ./Middlewares/ST/STM32_USB_Device_Library/Core/Src/usbd_core.o
                0x0800c370                USBD_Init
 .text.USBD_RegisterClass
                0x0800c3d0       0x6c ./Middlewares/ST/STM32_USB_Device_Library/Core/Src/usbd_core.o
                0x0800c3d0                USBD_RegisterClass
 .text.USBD_Start
                0x0800c43c       0x18 ./Middlewares/ST/STM32_USB_Device_Library/Core/Src/usbd_core.o
                0x0800c43c                USBD_Start
 .text.USBD_RunTestMode
                0x0800c454       0x16 ./Middlewares/ST/STM32_USB_Device_Library/Core/Src/usbd_core.o
                0x0800c454                USBD_RunTestMode
 .text.USBD_SetClassConfig
                0x0800c46a       0x38 ./Middlewares/ST/STM32_USB_Device_Library/Core/Src/usbd_core.o
                0x0800c46a                USBD_SetClassConfig
 .text.USBD_ClrClassConfig
                0x0800c4a2       0x34 ./Middlewares/ST/STM32_USB_Device_Library/Core/Src/usbd_core.o
                0x0800c4a2                USBD_ClrClassConfig
 .text.USBD_LL_SetupStage
                0x0800c4d6       0xaa ./Middlewares/ST/STM32_USB_Device_Library/Core/Src/usbd_core.o
                0x0800c4d6                USBD_LL_SetupStage
 .text.USBD_LL_DataOutStage
                0x0800c580      0x166 ./Middlewares/ST/STM32_USB_Device_Library/Core/Src/usbd_core.o
                0x0800c580                USBD_LL_DataOutStage
 .text.USBD_LL_DataInStage
                0x0800c6e6      0x164 ./Middlewares/ST/STM32_USB_Device_Library/Core/Src/usbd_core.o
                0x0800c6e6                USBD_LL_DataInStage
 .text.USBD_LL_Reset
                0x0800c84a       0xa4 ./Middlewares/ST/STM32_USB_Device_Library/Core/Src/usbd_core.o
                0x0800c84a                USBD_LL_Reset
 .text.USBD_LL_SetSpeed
                0x0800c8ee       0x20 ./Middlewares/ST/STM32_USB_Device_Library/Core/Src/usbd_core.o
                0x0800c8ee                USBD_LL_SetSpeed
 .text.USBD_LL_Suspend
                0x0800c90e       0x38 ./Middlewares/ST/STM32_USB_Device_Library/Core/Src/usbd_core.o
                0x0800c90e                USBD_LL_Suspend
 .text.USBD_LL_Resume
                0x0800c946       0x30 ./Middlewares/ST/STM32_USB_Device_Library/Core/Src/usbd_core.o
                0x0800c946                USBD_LL_Resume
 .text.USBD_LL_SOF
                0x0800c976       0x40 ./Middlewares/ST/STM32_USB_Device_Library/Core/Src/usbd_core.o
                0x0800c976                USBD_LL_SOF
 .text.USBD_LL_IsoINIncomplete
                0x0800c9b6       0x64 ./Middlewares/ST/STM32_USB_Device_Library/Core/Src/usbd_core.o
                0x0800c9b6                USBD_LL_IsoINIncomplete
 .text.USBD_LL_IsoOUTIncomplete
                0x0800ca1a       0x64 ./Middlewares/ST/STM32_USB_Device_Library/Core/Src/usbd_core.o
                0x0800ca1a                USBD_LL_IsoOUTIncomplete
 .text.USBD_LL_DevConnected
                0x0800ca7e       0x16 ./Middlewares/ST/STM32_USB_Device_Library/Core/Src/usbd_core.o
                0x0800ca7e                USBD_LL_DevConnected
 .text.USBD_LL_DevDisconnected
                0x0800ca94       0x46 ./Middlewares/ST/STM32_USB_Device_Library/Core/Src/usbd_core.o
                0x0800ca94                USBD_LL_DevDisconnected
 .text.USBD_CoreFindIF
                0x0800cada       0x1a ./Middlewares/ST/STM32_USB_Device_Library/Core/Src/usbd_core.o
                0x0800cada                USBD_CoreFindIF
 .text.USBD_CoreFindEP
                0x0800caf4       0x1a ./Middlewares/ST/STM32_USB_Device_Library/Core/Src/usbd_core.o
                0x0800caf4                USBD_CoreFindEP
 .text.USBD_GetEpDesc
                0x0800cb0e       0x70 ./Middlewares/ST/STM32_USB_Device_Library/Core/Src/usbd_core.o
                0x0800cb0e                USBD_GetEpDesc
 .text.USBD_GetNextDesc
                0x0800cb7e       0x38 ./Middlewares/ST/STM32_USB_Device_Library/Core/Src/usbd_core.o
                0x0800cb7e                USBD_GetNextDesc
 .text.SWAPBYTE
                0x0800cbb6       0x3c ./Middlewares/ST/STM32_USB_Device_Library/Core/Src/usbd_ctlreq.o
 *fill*         0x0800cbf2        0x2 
 .text.USBD_StdDevReq
                0x0800cbf4       0xe4 ./Middlewares/ST/STM32_USB_Device_Library/Core/Src/usbd_ctlreq.o
                0x0800cbf4                USBD_StdDevReq
 .text.USBD_StdItfReq
                0x0800ccd8       0xd8 ./Middlewares/ST/STM32_USB_Device_Library/Core/Src/usbd_ctlreq.o
                0x0800ccd8                USBD_StdItfReq
 .text.USBD_StdEPReq
                0x0800cdb0      0x33a ./Middlewares/ST/STM32_USB_Device_Library/Core/Src/usbd_ctlreq.o
                0x0800cdb0                USBD_StdEPReq
 *fill*         0x0800d0ea        0x2 
 .text.USBD_GetDescriptor
                0x0800d0ec      0x2d4 ./Middlewares/ST/STM32_USB_Device_Library/Core/Src/usbd_ctlreq.o
 .text.USBD_SetAddress
                0x0800d3c0       0x88 ./Middlewares/ST/STM32_USB_Device_Library/Core/Src/usbd_ctlreq.o
 .text.USBD_SetConfig
                0x0800d448      0x154 ./Middlewares/ST/STM32_USB_Device_Library/Core/Src/usbd_ctlreq.o
 .text.USBD_GetConfig
                0x0800d59c       0x6c ./Middlewares/ST/STM32_USB_Device_Library/Core/Src/usbd_ctlreq.o
 .text.USBD_GetStatus
                0x0800d608       0x68 ./Middlewares/ST/STM32_USB_Device_Library/Core/Src/usbd_ctlreq.o
 .text.USBD_SetFeature
                0x0800d670       0x52 ./Middlewares/ST/STM32_USB_Device_Library/Core/Src/usbd_ctlreq.o
 .text.USBD_ClrFeature
                0x0800d6c2       0x44 ./Middlewares/ST/STM32_USB_Device_Library/Core/Src/usbd_ctlreq.o
 .text.USBD_ParseSetupRequest
                0x0800d706       0x74 ./Middlewares/ST/STM32_USB_Device_Library/Core/Src/usbd_ctlreq.o
                0x0800d706                USBD_ParseSetupRequest
 .text.USBD_CtlError
                0x0800d77a       0x22 ./Middlewares/ST/STM32_USB_Device_Library/Core/Src/usbd_ctlreq.o
                0x0800d77a                USBD_CtlError
 .text.USBD_GetString
                0x0800d79c       0x8c ./Middlewares/ST/STM32_USB_Device_Library/Core/Src/usbd_ctlreq.o
                0x0800d79c                USBD_GetString
 .text.USBD_GetLen
                0x0800d828       0x34 ./Middlewares/ST/STM32_USB_Device_Library/Core/Src/usbd_ctlreq.o
 .text.USBD_CtlSendData
                0x0800d85c       0x36 ./Middlewares/ST/STM32_USB_Device_Library/Core/Src/usbd_ioreq.o
                0x0800d85c                USBD_CtlSendData
 .text.USBD_CtlContinueSendData
                0x0800d892       0x22 ./Middlewares/ST/STM32_USB_Device_Library/Core/Src/usbd_ioreq.o
                0x0800d892                USBD_CtlContinueSendData
 .text.USBD_CtlPrepareRx
                0x0800d8b4       0x3a ./Middlewares/ST/STM32_USB_Device_Library/Core/Src/usbd_ioreq.o
                0x0800d8b4                USBD_CtlPrepareRx
 .text.USBD_CtlContinueRx
                0x0800d8ee       0x22 ./Middlewares/ST/STM32_USB_Device_Library/Core/Src/usbd_ioreq.o
                0x0800d8ee                USBD_CtlContinueRx
 .text.USBD_CtlSendStatus
                0x0800d910       0x26 ./Middlewares/ST/STM32_USB_Device_Library/Core/Src/usbd_ioreq.o
                0x0800d910                USBD_CtlSendStatus
 .text.USBD_CtlReceiveStatus
                0x0800d936       0x26 ./Middlewares/ST/STM32_USB_Device_Library/Core/Src/usbd_ioreq.o
                0x0800d936                USBD_CtlReceiveStatus
 .text.makeFreeRtosPriority
                0x0800d95c       0x30 ./Middlewares/Third_Party/FreeRTOS/Source/CMSIS_RTOS/cmsis_os.o
 .text.osKernelStart
                0x0800d98c        0xe ./Middlewares/Third_Party/FreeRTOS/Source/CMSIS_RTOS/cmsis_os.o
                0x0800d98c                osKernelStart
 .text.osThreadCreate
                0x0800d99a       0x98 ./Middlewares/Third_Party/FreeRTOS/Source/CMSIS_RTOS/cmsis_os.o
                0x0800d99a                osThreadCreate
 .text.osDelay  0x0800da32       0x28 ./Middlewares/Third_Party/FreeRTOS/Source/CMSIS_RTOS/cmsis_os.o
                0x0800da32                osDelay
 .text.vListInitialise
                0x0800da5a       0x40 ./Middlewares/Third_Party/FreeRTOS/Source/list.o
                0x0800da5a                vListInitialise
 .text.vListInitialiseItem
                0x0800da9a       0x1a ./Middlewares/Third_Party/FreeRTOS/Source/list.o
                0x0800da9a                vListInitialiseItem
 .text.vListInsertEnd
                0x0800dab4       0x48 ./Middlewares/Third_Party/FreeRTOS/Source/list.o
                0x0800dab4                vListInsertEnd
 .text.vListInsert
                0x0800dafc       0x72 ./Middlewares/Third_Party/FreeRTOS/Source/list.o
                0x0800dafc                vListInsert
 .text.uxListRemove
                0x0800db6e       0x54 ./Middlewares/Third_Party/FreeRTOS/Source/list.o
                0x0800db6e                uxListRemove
 .text.xTaskCreateStatic
                0x0800dbc2       0xc0 ./Middlewares/Third_Party/FreeRTOS/Source/tasks.o
                0x0800dbc2                xTaskCreateStatic
 .text.xTaskCreate
                0x0800dc82       0x8a ./Middlewares/Third_Party/FreeRTOS/Source/tasks.o
                0x0800dc82                xTaskCreate
 .text.prvInitialiseNewTask
                0x0800dd0c      0x110 ./Middlewares/Third_Party/FreeRTOS/Source/tasks.o
 .text.prvAddNewTaskToReadyList
                0x0800de1c       0xd4 ./Middlewares/Third_Party/FreeRTOS/Source/tasks.o
 .text.vTaskDelay
                0x0800def0       0x6c ./Middlewares/Third_Party/FreeRTOS/Source/tasks.o
                0x0800def0                vTaskDelay
 .text.vTaskStartScheduler
                0x0800df5c       0xc4 ./Middlewares/Third_Party/FreeRTOS/Source/tasks.o
                0x0800df5c                vTaskStartScheduler
 .text.vTaskSuspendAll
                0x0800e020       0x1c ./Middlewares/Third_Party/FreeRTOS/Source/tasks.o
                0x0800e020                vTaskSuspendAll
 .text.xTaskResumeAll
                0x0800e03c      0x13c ./Middlewares/Third_Party/FreeRTOS/Source/tasks.o
                0x0800e03c                xTaskResumeAll
 .text.xTaskIncrementTick
                0x0800e178      0x174 ./Middlewares/Third_Party/FreeRTOS/Source/tasks.o
                0x0800e178                xTaskIncrementTick
 .text.vTaskSwitchContext
                0x0800e2ec       0xb8 ./Middlewares/Third_Party/FreeRTOS/Source/tasks.o
                0x0800e2ec                vTaskSwitchContext
 .text.prvIdleTask
                0x0800e3a4       0x30 ./Middlewares/Third_Party/FreeRTOS/Source/tasks.o
 .text.prvInitialiseTaskLists
                0x0800e3d4       0x80 ./Middlewares/Third_Party/FreeRTOS/Source/tasks.o
 .text.prvCheckTasksWaitingTermination
                0x0800e454       0x5c ./Middlewares/Third_Party/FreeRTOS/Source/tasks.o
 .text.prvDeleteTCB
                0x0800e4b0       0x60 ./Middlewares/Third_Party/FreeRTOS/Source/tasks.o
 .text.prvResetNextTaskUnblockTime
                0x0800e510       0x40 ./Middlewares/Third_Party/FreeRTOS/Source/tasks.o
 .text.prvAddCurrentTaskToDelayedList
                0x0800e550       0xcc ./Middlewares/Third_Party/FreeRTOS/Source/tasks.o
 .text.pxPortInitialiseStack
                0x0800e61c       0x68 ./Middlewares/Third_Party/FreeRTOS/Source/portable/GCC/ARM_CM4F/port.o
                0x0800e61c                pxPortInitialiseStack
 .text.prvTaskExitError
                0x0800e684       0x5c ./Middlewares/Third_Party/FreeRTOS/Source/portable/GCC/ARM_CM4F/port.o
 .text.SVC_Handler
                0x0800e6e0       0x28 ./Middlewares/Third_Party/FreeRTOS/Source/portable/GCC/ARM_CM4F/port.o
                0x0800e6e0                SVC_Handler
 .text.prvPortStartFirstTask
                0x0800e708       0x28 ./Middlewares/Third_Party/FreeRTOS/Source/portable/GCC/ARM_CM4F/port.o
 .text.xPortStartScheduler
                0x0800e730      0x148 ./Middlewares/Third_Party/FreeRTOS/Source/portable/GCC/ARM_CM4F/port.o
                0x0800e730                xPortStartScheduler
 .text.vPortEnterCritical
                0x0800e878       0x64 ./Middlewares/Third_Party/FreeRTOS/Source/portable/GCC/ARM_CM4F/port.o
                0x0800e878                vPortEnterCritical
 .text.vPortExitCritical
                0x0800e8dc       0x54 ./Middlewares/Third_Party/FreeRTOS/Source/portable/GCC/ARM_CM4F/port.o
                0x0800e8dc                vPortExitCritical
 .text.PendSV_Handler
                0x0800e930       0x68 ./Middlewares/Third_Party/FreeRTOS/Source/portable/GCC/ARM_CM4F/port.o
                0x0800e930                PendSV_Handler
 .text.SysTick_Handler
                0x0800e998       0x44 ./Middlewares/Third_Party/FreeRTOS/Source/portable/GCC/ARM_CM4F/port.o
                0x0800e998                SysTick_Handler
 .text.vPortSetupTimerInterrupt
                0x0800e9dc       0x48 ./Middlewares/Third_Party/FreeRTOS/Source/portable/GCC/ARM_CM4F/port.o
                0x0800e9dc                vPortSetupTimerInterrupt
 .text.vPortEnableVFP
                0x0800ea24       0x14 ./Middlewares/Third_Party/FreeRTOS/Source/portable/GCC/ARM_CM4F/port.o
 .text.pvPortMalloc
                0x0800ea38      0x19c ./Middlewares/Third_Party/FreeRTOS/Source/portable/MemMang/heap_4.o
                0x0800ea38                pvPortMalloc
 .text.vPortFree
                0x0800ebd4       0xc8 ./Middlewares/Third_Party/FreeRTOS/Source/portable/MemMang/heap_4.o
                0x0800ebd4                vPortFree
 .text.prvHeapInit
                0x0800ec9c       0xc4 ./Middlewares/Third_Party/FreeRTOS/Source/portable/MemMang/heap_4.o
 .text.prvInsertBlockIntoFreeList
                0x0800ed60       0xb4 ./Middlewares/Third_Party/FreeRTOS/Source/portable/MemMang/heap_4.o
 .text.MX_USB_DEVICE_Init
                0x0800ee14       0x60 ./USB_DEVICE/App/usb_device.o
                0x0800ee14                MX_USB_DEVICE_Init
 .text.CDC_Init_FS
                0x0800ee74       0x28 ./USB_DEVICE/App/usbd_cdc_if.o
 .text.CDC_DeInit_FS
                0x0800ee9c       0x10 ./USB_DEVICE/App/usbd_cdc_if.o
 .text.CDC_Control_FS
                0x0800eeac       0xbc ./USB_DEVICE/App/usbd_cdc_if.o
 .text.CDC_Receive_FS
                0x0800ef68       0x54 ./USB_DEVICE/App/usbd_cdc_if.o
 .text.CDC_Transmit_FS
                0x0800efbc       0x4c ./USB_DEVICE/App/usbd_cdc_if.o
                0x0800efbc                CDC_Transmit_FS
 .text.CDC_TransmitCplt_FS
                0x0800f008       0x22 ./USB_DEVICE/App/usbd_cdc_if.o
 *fill*         0x0800f02a        0x2 
 .text.USBD_FS_DeviceDescriptor
                0x0800f02c       0x24 ./USB_DEVICE/App/usbd_desc.o
                0x0800f02c                USBD_FS_DeviceDescriptor
 .text.USBD_FS_LangIDStrDescriptor
                0x0800f050       0x24 ./USB_DEVICE/App/usbd_desc.o
                0x0800f050                USBD_FS_LangIDStrDescriptor
 .text.USBD_FS_ProductStrDescriptor
                0x0800f074       0x3c ./USB_DEVICE/App/usbd_desc.o
                0x0800f074                USBD_FS_ProductStrDescriptor
 .text.USBD_FS_ManufacturerStrDescriptor
                0x0800f0b0       0x28 ./USB_DEVICE/App/usbd_desc.o
                0x0800f0b0                USBD_FS_ManufacturerStrDescriptor
 .text.USBD_FS_SerialStrDescriptor
                0x0800f0d8       0x24 ./USB_DEVICE/App/usbd_desc.o
                0x0800f0d8                USBD_FS_SerialStrDescriptor
 .text.USBD_FS_ConfigStrDescriptor
                0x0800f0fc       0x3c ./USB_DEVICE/App/usbd_desc.o
                0x0800f0fc                USBD_FS_ConfigStrDescriptor
 .text.USBD_FS_InterfaceStrDescriptor
                0x0800f138       0x3c ./USB_DEVICE/App/usbd_desc.o
                0x0800f138                USBD_FS_InterfaceStrDescriptor
 .text.Get_SerialNum
                0x0800f174       0x58 ./USB_DEVICE/App/usbd_desc.o
 .text.IntToUnicode
                0x0800f1cc       0x7e ./USB_DEVICE/App/usbd_desc.o
 *fill*         0x0800f24a        0x2 
 .text.HAL_PCD_MspInit
                0x0800f24c       0xa8 ./USB_DEVICE/Target/usbd_conf.o
                0x0800f24c                HAL_PCD_MspInit
 .text.HAL_PCD_SetupStageCallback
                0x0800f2f4       0x24 ./USB_DEVICE/Target/usbd_conf.o
                0x0800f2f4                HAL_PCD_SetupStageCallback
 .text.HAL_PCD_DataOutStageCallback
                0x0800f318       0x36 ./USB_DEVICE/Target/usbd_conf.o
                0x0800f318                HAL_PCD_DataOutStageCallback
 .text.HAL_PCD_DataInStageCallback
                0x0800f34e       0x34 ./USB_DEVICE/Target/usbd_conf.o
                0x0800f34e                HAL_PCD_DataInStageCallback
 .text.HAL_PCD_SOFCallback
                0x0800f382       0x1c ./USB_DEVICE/Target/usbd_conf.o
                0x0800f382                HAL_PCD_SOFCallback
 .text.HAL_PCD_ResetCallback
                0x0800f39e       0x50 ./USB_DEVICE/Target/usbd_conf.o
                0x0800f39e                HAL_PCD_ResetCallback
 *fill*         0x0800f3ee        0x2 
 .text.HAL_PCD_SuspendCallback
                0x0800f3f0       0x4c ./USB_DEVICE/Target/usbd_conf.o
                0x0800f3f0                HAL_PCD_SuspendCallback
 .text.HAL_PCD_ResumeCallback
                0x0800f43c       0x1c ./USB_DEVICE/Target/usbd_conf.o
                0x0800f43c                HAL_PCD_ResumeCallback
 .text.HAL_PCD_ISOOUTIncompleteCallback
                0x0800f458       0x24 ./USB_DEVICE/Target/usbd_conf.o
                0x0800f458                HAL_PCD_ISOOUTIncompleteCallback
 .text.HAL_PCD_ISOINIncompleteCallback
                0x0800f47c       0x24 ./USB_DEVICE/Target/usbd_conf.o
                0x0800f47c                HAL_PCD_ISOINIncompleteCallback
 .text.HAL_PCD_ConnectCallback
                0x0800f4a0       0x1c ./USB_DEVICE/Target/usbd_conf.o
                0x0800f4a0                HAL_PCD_ConnectCallback
 .text.HAL_PCD_DisconnectCallback
                0x0800f4bc       0x1c ./USB_DEVICE/Target/usbd_conf.o
                0x0800f4bc                HAL_PCD_DisconnectCallback
 .text.USBD_LL_Init
                0x0800f4d8       0x98 ./USB_DEVICE/Target/usbd_conf.o
                0x0800f4d8                USBD_LL_Init
 .text.USBD_LL_Start
                0x0800f570       0x36 ./USB_DEVICE/Target/usbd_conf.o
                0x0800f570                USBD_LL_Start
 .text.USBD_LL_OpenEP
                0x0800f5a6       0x4c ./USB_DEVICE/Target/usbd_conf.o
                0x0800f5a6                USBD_LL_OpenEP
 .text.USBD_LL_CloseEP
                0x0800f5f2       0x3e ./USB_DEVICE/Target/usbd_conf.o
                0x0800f5f2                USBD_LL_CloseEP
 .text.USBD_LL_StallEP
                0x0800f630       0x3e ./USB_DEVICE/Target/usbd_conf.o
                0x0800f630                USBD_LL_StallEP
 .text.USBD_LL_ClearStallEP
                0x0800f66e       0x3e ./USB_DEVICE/Target/usbd_conf.o
                0x0800f66e                USBD_LL_ClearStallEP
 .text.USBD_LL_IsStallEP
                0x0800f6ac       0x58 ./USB_DEVICE/Target/usbd_conf.o
                0x0800f6ac                USBD_LL_IsStallEP
 .text.USBD_LL_SetUSBAddress
                0x0800f704       0x3e ./USB_DEVICE/Target/usbd_conf.o
                0x0800f704                USBD_LL_SetUSBAddress
 .text.USBD_LL_Transmit
                0x0800f742       0x42 ./USB_DEVICE/Target/usbd_conf.o
                0x0800f742                USBD_LL_Transmit
 .text.USBD_LL_PrepareReceive
                0x0800f784       0x42 ./USB_DEVICE/Target/usbd_conf.o
                0x0800f784                USBD_LL_PrepareReceive
 .text.USBD_LL_GetRxDataSize
                0x0800f7c6       0x26 ./USB_DEVICE/Target/usbd_conf.o
                0x0800f7c6                USBD_LL_GetRxDataSize
 .text.USBD_static_malloc
                0x0800f7ec       0x1c ./USB_DEVICE/Target/usbd_conf.o
                0x0800f7ec                USBD_static_malloc
 .text.USBD_static_free
                0x0800f808       0x14 ./USB_DEVICE/Target/usbd_conf.o
                0x0800f808                USBD_static_free
 .text.USBD_Get_USB_Status
                0x0800f81c       0x58 ./USB_DEVICE/Target/usbd_conf.o
                0x0800f81c                USBD_Get_USB_Status
 .text.memset   0x0800f874       0x10 /opt/st/stm32cubeide_1.15.1/plugins/com.st.stm32cube.ide.mcu.externaltools.gnu-tools-for-stm32.12.3.rel1.linux64_1.0.100.202403111256/tools/bin/../lib/gcc/arm-none-eabi/12.3.1/../../../../arm-none-eabi/lib/thumb/v7e-m+fp/hard/libc_nano.a(libc_a-memset.o)
                0x0800f874                memset
 .text.__libc_init_array
                0x0800f884       0x48 /opt/st/stm32cubeide_1.15.1/plugins/com.st.stm32cube.ide.mcu.externaltools.gnu-tools-for-stm32.12.3.rel1.linux64_1.0.100.202403111256/tools/bin/../lib/gcc/arm-none-eabi/12.3.1/../../../../arm-none-eabi/lib/thumb/v7e-m+fp/hard/libc_nano.a(libc_a-init.o)
                0x0800f884                __libc_init_array
 .text.memcpy   0x0800f8cc       0x1c /opt/st/stm32cubeide_1.15.1/plugins/com.st.stm32cube.ide.mcu.externaltools.gnu-tools-for-stm32.12.3.rel1.linux64_1.0.100.202403111256/tools/bin/../lib/gcc/arm-none-eabi/12.3.1/../../../../arm-none-eabi/lib/thumb/v7e-m+fp/hard/libc_nano.a(libc_a-memcpy-stub.o)
                0x0800f8cc                memcpy
 .text.fmax     0x0800f8e8       0x54 /opt/st/stm32cubeide_1.15.1/plugins/com.st.stm32cube.ide.mcu.externaltools.gnu-tools-for-stm32.12.3.rel1.linux64_1.0.100.202403111256/tools/bin/../lib/gcc/arm-none-eabi/12.3.1/../../../../arm-none-eabi/lib/thumb/v7e-m+fp/hard/libm.a(libm_a-s_fmax.o)
                0x0800f8e8                fmax
 .text.__fpclassifyd
                0x0800f93c       0x54 /opt/st/stm32cubeide_1.15.1/plugins/com.st.stm32cube.ide.mcu.externaltools.gnu-tools-for-stm32.12.3.rel1.linux64_1.0.100.202403111256/tools/bin/../lib/gcc/arm-none-eabi/12.3.1/../../../../arm-none-eabi/lib/thumb/v7e-m+fp/hard/libm.a(libm_a-s_fpclassify.o)
                0x0800f93c                __fpclassifyd
 *(.glue_7)
 .glue_7        0x0800f990        0x0 linker stubs
 *(.glue_7t)
 .glue_7t       0x0800f990        0x0 linker stubs
 *(.eh_frame)
 .eh_frame      0x0800f990        0x0 /opt/st/stm32cubeide_1.15.1/plugins/com.st.stm32cube.ide.mcu.externaltools.gnu-tools-for-stm32.12.3.rel1.linux64_1.0.100.202403111256/tools/bin/../lib/gcc/arm-none-eabi/12.3.1/thumb/v7e-m+fp/hard/crtbegin.o
 *(.init)
 .init          0x0800f990        0x4 /opt/st/stm32cubeide_1.15.1/plugins/com.st.stm32cube.ide.mcu.externaltools.gnu-tools-for-stm32.12.3.rel1.linux64_1.0.100.202403111256/tools/bin/../lib/gcc/arm-none-eabi/12.3.1/thumb/v7e-m+fp/hard/crti.o
                0x0800f990                _init
 .init          0x0800f994        0x8 /opt/st/stm32cubeide_1.15.1/plugins/com.st.stm32cube.ide.mcu.externaltools.gnu-tools-for-stm32.12.3.rel1.linux64_1.0.100.202403111256/tools/bin/../lib/gcc/arm-none-eabi/12.3.1/thumb/v7e-m+fp/hard/crtn.o
 *(.fini)
 .fini          0x0800f99c        0x4 /opt/st/stm32cubeide_1.15.1/plugins/com.st.stm32cube.ide.mcu.externaltools.gnu-tools-for-stm32.12.3.rel1.linux64_1.0.100.202403111256/tools/bin/../lib/gcc/arm-none-eabi/12.3.1/thumb/v7e-m+fp/hard/crti.o
                0x0800f99c                _fini
 .fini          0x0800f9a0        0x8 /opt/st/stm32cubeide_1.15.1/plugins/com.st.stm32cube.ide.mcu.externaltools.gnu-tools-for-stm32.12.3.rel1.linux64_1.0.100.202403111256/tools/bin/../lib/gcc/arm-none-eabi/12.3.1/thumb/v7e-m+fp/hard/crtn.o
                0x0800f9a8                        . = ALIGN (0x4)
                0x0800f9a8                        _etext = .

.vfp11_veneer   0x0800f9a8        0x0
 .vfp11_veneer  0x0800f9a8        0x0 linker stubs

.v4_bx          0x0800f9a8        0x0
 .v4_bx         0x0800f9a8        0x0 linker stubs

.iplt           0x0800f9a8        0x0
 .iplt          0x0800f9a8        0x0 /opt/st/stm32cubeide_1.15.1/plugins/com.st.stm32cube.ide.mcu.externaltools.gnu-tools-for-stm32.12.3.rel1.linux64_1.0.100.202403111256/tools/bin/../lib/gcc/arm-none-eabi/12.3.1/thumb/v7e-m+fp/hard/crtbegin.o

.rodata         0x0800f9a8      0x15c
                0x0800f9a8                        . = ALIGN (0x4)
 *(.rodata)
 .rodata        0x0800f9a8       0xec ./Core/Src/main.o
 .rodata        0x0800fa94        0x5 ./Middlewares/Third_Party/FreeRTOS/Source/tasks.o
 *fill*         0x0800fa99        0x3 
 .rodata        0x0800fa9c       0x46 ./USB_DEVICE/App/usbd_desc.o
 *(.rodata*)
 *fill*         0x0800fae2        0x2 
 .rodata.AHBPrescTable
                0x0800fae4       0x10 ./Core/Src/system_stm32f4xx.o
                0x0800fae4                AHBPrescTable
 .rodata.APBPrescTable
                0x0800faf4        0x8 ./Core/Src/system_stm32f4xx.o
                0x0800faf4                APBPrescTable
 .rodata.flagBitshiftOffset.0
                0x0800fafc        0x8 ./Drivers/STM32F4xx_HAL_Driver/Src/stm32f4xx_hal_dma.o
                0x0800fb04                        . = ALIGN (0x4)

.ARM.extab      0x0800fb04        0x0
                0x0800fb04                        . = ALIGN (0x4)
 *(.ARM.extab* .gnu.linkonce.armextab.*)
                0x0800fb04                        . = ALIGN (0x4)

.ARM            0x0800fb04        0x8
                0x0800fb04                        . = ALIGN (0x4)
                0x0800fb04                        __exidx_start = .
 *(.ARM.exidx*)
 .ARM.exidx     0x0800fb04        0x8 /opt/st/stm32cubeide_1.15.1/plugins/com.st.stm32cube.ide.mcu.externaltools.gnu-tools-for-stm32.12.3.rel1.linux64_1.0.100.202403111256/tools/bin/../lib/gcc/arm-none-eabi/12.3.1/thumb/v7e-m+fp/hard/libgcc.a(_udivmoddi4.o)
                0x0800fb0c                        __exidx_end = .
                0x0800fb0c                        . = ALIGN (0x4)

.rel.dyn        0x0800fb0c        0x0
 .rel.iplt      0x0800fb0c        0x0 /opt/st/stm32cubeide_1.15.1/plugins/com.st.stm32cube.ide.mcu.externaltools.gnu-tools-for-stm32.12.3.rel1.linux64_1.0.100.202403111256/tools/bin/../lib/gcc/arm-none-eabi/12.3.1/thumb/v7e-m+fp/hard/crtbegin.o

.preinit_array  0x0800fb0c        0x0
                0x0800fb0c                        . = ALIGN (0x4)
                0x0800fb0c                        PROVIDE (__preinit_array_start = .)
 *(.preinit_array*)
                0x0800fb0c                        PROVIDE (__preinit_array_end = .)
                0x0800fb0c                        . = ALIGN (0x4)

.init_array     0x0800fb0c        0x4
                0x0800fb0c                        . = ALIGN (0x4)
                0x0800fb0c                        PROVIDE (__init_array_start = .)
 *(SORT_BY_NAME(.init_array.*))
 *(.init_array*)
 .init_array    0x0800fb0c        0x4 /opt/st/stm32cubeide_1.15.1/plugins/com.st.stm32cube.ide.mcu.externaltools.gnu-tools-for-stm32.12.3.rel1.linux64_1.0.100.202403111256/tools/bin/../lib/gcc/arm-none-eabi/12.3.1/thumb/v7e-m+fp/hard/crtbegin.o
                0x0800fb10                        PROVIDE (__init_array_end = .)
                0x0800fb10                        . = ALIGN (0x4)

.fini_array     0x0800fb10        0x4
                0x0800fb10                        . = ALIGN (0x4)
                [!provide]                        PROVIDE (__fini_array_start = .)
 *(SORT_BY_NAME(.fini_array.*))
 *(.fini_array*)
 .fini_array    0x0800fb10        0x4 /opt/st/stm32cubeide_1.15.1/plugins/com.st.stm32cube.ide.mcu.externaltools.gnu-tools-for-stm32.12.3.rel1.linux64_1.0.100.202403111256/tools/bin/../lib/gcc/arm-none-eabi/12.3.1/thumb/v7e-m+fp/hard/crtbegin.o
                [!provide]                        PROVIDE (__fini_array_end = .)
                0x0800fb14                        . = ALIGN (0x4)
                0x0800fb14                        _sidata = LOADADDR (.data)

.data           0x20000000      0x150 load address 0x0800fb14
                0x20000000                        . = ALIGN (0x4)
                0x20000000                        _sdata = .
 *(.data)
 *(.data*)
 .data.cdcHeartBeat
                0x20000000        0x4 ./Core/Src/main.o
                0x20000000                cdcHeartBeat
 .data.cdcTimeOut
                0x20000004        0x4 ./Core/Src/main.o
                0x20000004                cdcTimeOut
 .data.IMUStatus
                0x20000008        0x4 ./Core/Src/main.o
                0x20000008                IMUStatus
 .data.MS5803_address
                0x2000000c        0x1 ./Core/Src/main.o
                0x2000000c                MS5803_address
 .data.MS5837_address
                0x2000000d        0x1 ./Core/Src/main.o
                0x2000000d                MS5837_address
 *fill*         0x2000000e        0x2 
 .data.pwmCenter
                0x20000010        0x4 ./Core/Src/main.o
                0x20000010                pwmCenter
 .data.H_FRoffset
                0x20000014        0x4 ./Core/Src/main.o
                0x20000014                H_FRoffset
 .data.H_FLoffset
                0x20000018        0x4 ./Core/Src/main.o
                0x20000018                H_FLoffset
 .data.H_BLoffset
                0x2000001c        0x4 ./Core/Src/main.o
                0x2000001c                H_BLoffset
 .data.V_FRoffset
                0x20000020        0x4 ./Core/Src/main.o
                0x20000020                V_FRoffset
 .data.V_FLoffset
                0x20000024        0x4 ./Core/Src/main.o
                0x20000024                V_FLoffset
 .data.V_BRoffset
                0x20000028        0x4 ./Core/Src/main.o
                0x20000028                V_BRoffset
 .data.V_BLoffset
                0x2000002c        0x4 ./Core/Src/main.o
                0x2000002c                V_BLoffset
 .data.batt1adc_min
                0x20000030        0x4 ./Core/Src/main.o
                0x20000030                batt1adc_min
 .data.batt1adc_max
                0x20000034        0x4 ./Core/Src/main.o
                0x20000034                batt1adc_max
 .data.batt2adc_min
                0x20000038        0x4 ./Core/Src/main.o
                0x20000038                batt2adc_min
 .data.batt2adc_max
                0x2000003c        0x4 ./Core/Src/main.o
                0x2000003c                batt2adc_max
 .data.batt1_min
                0x20000040        0x4 ./Core/Src/main.o
                0x20000040                batt1_min
 .data.batt1_max
                0x20000044        0x4 ./Core/Src/main.o
                0x20000044                batt1_max
 .data.batt2_min
                0x20000048        0x4 ./Core/Src/main.o
                0x20000048                batt2_min
 .data.batt2_max
                0x2000004c        0x4 ./Core/Src/main.o
                0x2000004c                batt2_max
 .data.SystemCoreClock
                0x20000050        0x4 ./Core/Src/system_stm32f4xx.o
                0x20000050                SystemCoreClock
 .data.uwTickPrio
                0x20000054        0x4 ./Drivers/STM32F4xx_HAL_Driver/Src/stm32f4xx_hal.o
                0x20000054                uwTickPrio
 .data.uwTickFreq
                0x20000058        0x1 ./Drivers/STM32F4xx_HAL_Driver/Src/stm32f4xx_hal.o
                0x20000058                uwTickFreq
 *fill*         0x20000059        0x3 
 .data.USBD_CDC_DeviceQualifierDesc
                0x2000005c        0xa ./Middlewares/ST/STM32_USB_Device_Library/Class/CDC/Src/usbd_cdc.o
 *fill*         0x20000066        0x2 
 .data.USBD_CDC
                0x20000068       0x38 ./Middlewares/ST/STM32_USB_Device_Library/Class/CDC/Src/usbd_cdc.o
                0x20000068                USBD_CDC
 .data.USBD_CDC_CfgDesc
                0x200000a0       0x43 ./Middlewares/ST/STM32_USB_Device_Library/Class/CDC/Src/usbd_cdc.o
 .data.CDCInEpAdd
                0x200000e3        0x1 ./Middlewares/ST/STM32_USB_Device_Library/Class/CDC/Src/usbd_cdc.o
 .data.CDCOutEpAdd
                0x200000e4        0x1 ./Middlewares/ST/STM32_USB_Device_Library/Class/CDC/Src/usbd_cdc.o
 .data.CDCCmdEpAdd
                0x200000e5        0x1 ./Middlewares/ST/STM32_USB_Device_Library/Class/CDC/Src/usbd_cdc.o
 *fill*         0x200000e6        0x2 
 .data.uxCriticalNesting
                0x200000e8        0x4 ./Middlewares/Third_Party/FreeRTOS/Source/portable/GCC/ARM_CM4F/port.o
 .data.USBD_Interface_fops_FS
                0x200000ec       0x14 ./USB_DEVICE/App/usbd_cdc_if.o
                0x200000ec                USBD_Interface_fops_FS
 .data.FS_Desc  0x20000100       0x1c ./USB_DEVICE/App/usbd_desc.o
                0x20000100                FS_Desc
 .data.USBD_FS_DeviceDesc
                0x2000011c       0x12 ./USB_DEVICE/App/usbd_desc.o
                0x2000011c                USBD_FS_DeviceDesc
 *fill*         0x2000012e        0x2 
 .data.USBD_LangIDDesc
                0x20000130        0x4 ./USB_DEVICE/App/usbd_desc.o
                0x20000130                USBD_LangIDDesc
 .data.USBD_StringSerial
                0x20000134       0x1a ./USB_DEVICE/App/usbd_desc.o
                0x20000134                USBD_StringSerial
 *(.RamFunc)
 *(.RamFunc*)
                0x20000150                        . = ALIGN (0x4)
 *fill*         0x2000014e        0x2 
                0x20000150                        _edata = .
                0x0800fc64                        _siccmram = LOADADDR (.ccmram)

.igot.plt       0x20000150        0x0 load address 0x0800fc64
 .igot.plt      0x20000150        0x0 /opt/st/stm32cubeide_1.15.1/plugins/com.st.stm32cube.ide.mcu.externaltools.gnu-tools-for-stm32.12.3.rel1.linux64_1.0.100.202403111256/tools/bin/../lib/gcc/arm-none-eabi/12.3.1/thumb/v7e-m+fp/hard/crtbegin.o

.ccmram         0x10000000        0x0 load address 0x0800fc64
                0x10000000                        . = ALIGN (0x4)
                0x10000000                        _sccmram = .
 *(.ccmram)
 *(.ccmram*)
                0x10000000                        . = ALIGN (0x4)
                0x10000000                        _eccmram = .
                0x10000000                        . = ALIGN (0x4)

.bss            0x20000150     0x6390
                0x20000150                        _sbss = .
                0x20000150                        __bss_start__ = _sbss
 *(.bss)
 .bss           0x20000150       0x1c /opt/st/stm32cubeide_1.15.1/plugins/com.st.stm32cube.ide.mcu.externaltools.gnu-tools-for-stm32.12.3.rel1.linux64_1.0.100.202403111256/tools/bin/../lib/gcc/arm-none-eabi/12.3.1/thumb/v7e-m+fp/hard/crtbegin.o
 *(.bss*)
 .bss.LED_Data  0x2000016c       0x2c ./Core/Src/WS2812LED.o
                0x2000016c                LED_Data
 .bss.pwmData   0x20000198      0x274 ./Core/Src/WS2812LED.o
                0x20000198                pwmData
 .bss.xIdleTaskTCBBuffer
                0x2000040c       0x54 ./Core/Src/freertos.o
 .bss.xIdleStack
                0x20000460      0x200 ./Core/Src/freertos.o
 .bss.hadc1     0x20000660       0x48 ./Core/Src/main.o
                0x20000660                hadc1
 .bss.hdma_adc1
                0x200006a8       0x60 ./Core/Src/main.o
                0x200006a8                hdma_adc1
 .bss.hi2c1     0x20000708       0x54 ./Core/Src/main.o
                0x20000708                hi2c1
 .bss.htim3     0x2000075c       0x48 ./Core/Src/main.o
                0x2000075c                htim3
 .bss.htim4     0x200007a4       0x48 ./Core/Src/main.o
                0x200007a4                htim4
 .bss.htim5     0x200007ec       0x48 ./Core/Src/main.o
                0x200007ec                htim5
 .bss.htim9     0x20000834       0x48 ./Core/Src/main.o
                0x20000834                htim9
 .bss.hdma_tim3_ch2
                0x2000087c       0x60 ./Core/Src/main.o
                0x2000087c                hdma_tim3_ch2
 .bss.huart2    0x200008dc       0x48 ./Core/Src/main.o
                0x200008dc                huart2
 .bss.cdcSerialTaskHandle
                0x20000924        0x4 ./Core/Src/main.o
                0x20000924                cdcSerialTaskHandle
 .bss.movementTaskHandle
                0x20000928        0x4 ./Core/Src/main.o
                0x20000928                movementTaskHandle
 .bss.getPressureTaskHandle
                0x2000092c        0x4 ./Core/Src/main.o
                0x2000092c                getPressureTaskHandle
 .bss.stroboTaskHandle
                0x20000930        0x4 ./Core/Src/main.o
                0x20000930                stroboTaskHandle
 .bss.otherTaskHandle
                0x20000934        0x4 ./Core/Src/main.o
                0x20000934                otherTaskHandle
 .bss.serialBuffer
                0x20000938       0x40 ./Core/Src/main.o
                0x20000938                serialBuffer
 .bss.vel_linear
                0x20000978        0xc ./Core/Src/main.o
                0x20000978                vel_linear
 .bss.vel_angular
                0x20000984        0xc ./Core/Src/main.o
                0x20000984                vel_angular
 .bss.throtle_scale
                0x20000990        0x4 ./Core/Src/main.o
                0x20000990                throtle_scale
 .bss.set_point
                0x20000994       0x10 ./Core/Src/main.o
                0x20000994                set_point
 .bss.lumen_power
                0x200009a4        0x4 ./Core/Src/main.o
                0x200009a4                lumen_power
 .bss.movement_mode
                0x200009a8        0x4 ./Core/Src/main.o
                0x200009a8                movement_mode
 .bss.operation_mode
                0x200009ac        0x4 ./Core/Src/main.o
                0x200009ac                operation_mode
 .bss.arm_hw    0x200009b0        0x4 ./Core/Src/main.o
                0x200009b0                arm_hw
 .bss.arm_sw    0x200009b4        0x4 ./Core/Src/main.o
                0x200009b4                arm_sw
 .bss.imu_reset
                0x200009b8        0x4 ./Core/Src/main.o
                0x200009b8                imu_reset
 .bss.c_yaw     0x200009bc        0xc ./Core/Src/main.o
                0x200009bc                c_yaw
 .bss.c_pitch   0x200009c8        0xc ./Core/Src/main.o
                0x200009c8                c_pitch
 .bss.c_roll    0x200009d4        0xc ./Core/Src/main.o
                0x200009d4                c_roll
 .bss.c_depth   0x200009e0        0xc ./Core/Src/main.o
                0x200009e0                c_depth
 .bss.transmitBuffer
                0x200009ec        0xe ./Core/Src/main.o
                0x200009ec                transmitBuffer
 *fill*         0x200009fa        0x2 
 .bss.Message_IMU
                0x200009fc        0x6 ./Core/Src/main.o
                0x200009fc                Message_IMU
 .bss.Message_inPressure
                0x20000a02        0x2 ./Core/Src/main.o
                0x20000a02                Message_inPressure
 .bss.Message_depth
                0x20000a04        0x2 ./Core/Src/main.o
                0x20000a04                Message_depth
 .bss.Message_batt1
                0x20000a06        0x2 ./Core/Src/main.o
                0x20000a06                Message_batt1
 .bss.Message_batt2
                0x20000a08        0x2 ./Core/Src/main.o
                0x20000a08                Message_batt2
 *fill*         0x20000a0a        0x2 
 .bss.lastReceiveTime
                0x20000a0c        0x4 ./Core/Src/main.o
                0x20000a0c                lastReceiveTime
 .bss.atmega_buffer
                0x20000a10        0xd ./Core/Src/main.o
                0x20000a10                atmega_buffer
 .bss.status_rx_atmega
                0x20000a1d        0x1 ./Core/Src/main.o
                0x20000a1d                status_rx_atmega
 *fill*         0x20000a1e        0x2 
 .bss.raw_bno055_yaw
                0x20000a20        0x4 ./Core/Src/main.o
                0x20000a20                raw_bno055_yaw
 .bss.raw_bno055_pitch
                0x20000a24        0x4 ./Core/Src/main.o
                0x20000a24                raw_bno055_pitch
 .bss.raw_bno055_roll
                0x20000a28        0x4 ./Core/Src/main.o
                0x20000a28                raw_bno055_roll
 .bss.bno055_yaw
                0x20000a2c        0x4 ./Core/Src/main.o
                0x20000a2c                bno055_yaw
 .bss.bno055_pitch
                0x20000a30        0x4 ./Core/Src/main.o
                0x20000a30                bno055_pitch
 .bss.bno055_roll
                0x20000a34        0x4 ./Core/Src/main.o
                0x20000a34                bno055_roll
 .bss.IMU_resetStatus_new
                0x20000a38        0x4 ./Core/Src/main.o
                0x20000a38                IMU_resetStatus_new
 .bss.IMU_resetStatus_old
                0x20000a3c        0x4 ./Core/Src/main.o
                0x20000a3c                IMU_resetStatus_old
 .bss.MS5803_status
                0x20000a40        0x1 ./Core/Src/main.o
                0x20000a40                MS5803_status
 .bss.MS5837_status
                0x20000a41        0x1 ./Core/Src/main.o
                0x20000a41                MS5837_status
 *fill*         0x20000a42        0x2 
 .bss.MS5803_coefficient
                0x20000a44        0xc ./Core/Src/main.o
                0x20000a44                MS5803_coefficient
 .bss.MS5837_coefficient
                0x20000a50        0xc ./Core/Src/main.o
                0x20000a50                MS5837_coefficient
 .bss.MS5803_pressure
                0x20000a5c        0x4 ./Core/Src/main.o
                0x20000a5c                MS5803_pressure
 .bss.MS5803_temperature
                0x20000a60        0x4 ./Core/Src/main.o
                0x20000a60                MS5803_temperature
 .bss.MS5837_pressure
                0x20000a64        0x4 ./Core/Src/main.o
                0x20000a64                MS5837_pressure
 .bss.MS5837_temperature
                0x20000a68        0x4 ./Core/Src/main.o
                0x20000a68                MS5837_temperature
 .bss.pressureInside
                0x20000a6c        0x4 ./Core/Src/main.o
                0x20000a6c                pressureInside
 .bss.depthValue
                0x20000a70        0x4 ./Core/Src/main.o
                0x20000a70                depthValue
 .bss.yaw       0x20000a74       0x28 ./Core/Src/main.o
                0x20000a74                yaw
 .bss.pitch     0x20000a9c       0x28 ./Core/Src/main.o
                0x20000a9c                pitch
 .bss.roll      0x20000ac4       0x28 ./Core/Src/main.o
                0x20000ac4                roll
 .bss.depth     0x20000aec       0x28 ./Core/Src/main.o
                0x20000aec                depth
 .bss.HorizontalMax
                0x20000b14        0x4 ./Core/Src/main.o
                0x20000b14                HorizontalMax
 .bss.VerticalMax
                0x20000b18        0x4 ./Core/Src/main.o
                0x20000b18                VerticalMax
 .bss.H_FR      0x20000b1c        0x4 ./Core/Src/main.o
                0x20000b1c                H_FR
 .bss.H_FL      0x20000b20        0x4 ./Core/Src/main.o
                0x20000b20                H_FL
 .bss.H_BR      0x20000b24        0x4 ./Core/Src/main.o
                0x20000b24                H_BR
 .bss.H_BL      0x20000b28        0x4 ./Core/Src/main.o
                0x20000b28                H_BL
 .bss.V_FR      0x20000b2c        0x4 ./Core/Src/main.o
                0x20000b2c                V_FR
 .bss.V_FL      0x20000b30        0x4 ./Core/Src/main.o
                0x20000b30                V_FL
 .bss.V_BR      0x20000b34        0x4 ./Core/Src/main.o
                0x20000b34                V_BR
 .bss.V_BL      0x20000b38        0x4 ./Core/Src/main.o
                0x20000b38                V_BL
 .bss.adc1_value
                0x20000b3c        0x8 ./Core/Src/main.o
                0x20000b3c                adc1_value
 .bss.batt1_volt
                0x20000b44        0x4 ./Core/Src/main.o
                0x20000b44                batt1_volt
 .bss.batt2_volt
                0x20000b48        0x4 ./Core/Src/main.o
                0x20000b48                batt2_volt
 .bss.lumen_pwm
                0x20000b4c        0x4 ./Core/Src/main.o
                0x20000b4c                lumen_pwm
 .bss.datasentflag
                0x20000b50        0x4 ./Core/Src/main.o
                0x20000b50                datasentflag
 .bss.led_status
                0x20000b54        0x1 ./Core/Src/main.o
                0x20000b54                led_status
 *fill*         0x20000b55        0x3 
 .bss.leaks     0x20000b58        0x4 ./Core/Src/main.o
                0x20000b58                leaks
 .bss.htim14    0x20000b5c       0x48 ./Core/Src/stm32f4xx_hal_timebase_tim.o
                0x20000b5c                htim14
 .bss.uwTick    0x20000ba4        0x4 ./Drivers/STM32F4xx_HAL_Driver/Src/stm32f4xx_hal.o
                0x20000ba4                uwTick
 .bss.cfgidx.0  0x20000ba8        0x1 ./Middlewares/ST/STM32_USB_Device_Library/Core/Src/usbd_ctlreq.o