../Core/Src/main.c:215:6:HAL_UART_RxCpltCallback	16	static
../Core/Src/main.c:256:7:convertADCtoVoltage	32	static
../Core/Src/main.c:262:6:HAL_TIM_PWM_PulseFinishedCallback	16	static
../Core/Src/main.c:268:5:map	24	static
../Core/Src/main.c:278:5:main	184	static
../Core/Src/main.c:391:6:SystemClock_Config	88	static
../Core/Src/main.c:437:13:MX_ADC1_Init	24	static
../Core/Src/main.c:497:13:MX_I2C1_Init	8	static
../Core/Src/main.c:531:13:MX_TIM3_Init	48	static
../Core/Src/main.c:580:13:MX_TIM4_Init	48	static
../Core/Src/main.c:641:13:MX_TIM5_Init	48	static
../Core/Src/main.c:702:13:MX_TIM9_Init	40	static
../Core/Src/main.c:744:13:MX_USART2_UART_Init	8	static
../Core/Src/main.c:775:13:MX_DMA_Init	16	static
../Core/Src/main.c:797:13:MX_GPIO_Init	56	static
../Core/Src/main.c:846:6:StartCdcSerialTask	56	static
../Core/Src/main.c:942:6:StartMovementTask	40	static
../Core/Src/main.c:1080:6:StartGetPressureTask	40	static
../Core/Src/main.c:1132:6:StartStroboTask	96	static
../Core/Src/main.c:1236:6:StartOtherTask	16	static
../Core/Src/main.c:1269:6:StartPidTask	16	static
../Core/Src/main.c:1308:6:HAL_TIM_PeriodElapsedCallback	16	static
../Core/Src/main.c:1325:6:Error_Handler	4	static,ignoring_inline_asm
