../Core/Src/main.c:211:6:HAL_UART_RxCpltCallback	16	static
../Core/Src/main.c:252:7:convertADCtoVoltage	32	static
../Core/Src/main.c:258:6:HAL_TIM_PWM_PulseFinishedCallback	16	static
../Core/Src/main.c:264:5:map	24	static
../Core/Src/main.c:274:5:main	160	static
../Core/Src/main.c:383:6:SystemClock_Config	88	static
../Core/Src/main.c:429:13:MX_ADC1_Init	24	static
../Core/Src/main.c:489:13:MX_I2C1_Init	8	static
../Core/Src/main.c:523:13:MX_TIM3_Init	48	static
../Core/Src/main.c:572:13:MX_TIM4_Init	48	static
../Core/Src/main.c:633:13:MX_TIM5_Init	48	static
../Core/Src/main.c:694:13:MX_TIM9_Init	40	static
../Core/Src/main.c:736:13:MX_USART2_UART_Init	8	static
../Core/Src/main.c:767:13:MX_DMA_Init	16	static
../Core/Src/main.c:789:13:MX_GPIO_Init	56	static
../Core/Src/main.c:844:6:StartCdcSerialTask	40	static
../Core/Src/main.c:943:6:StartMovementTask	40	static
../Core/Src/main.c:1070:6:StartGetPressureTask	40	static
../Core/Src/main.c:1122:6:StartStroboTask	32	static
../Core/Src/main.c:1230:6:StartOtherTask	16	static
../Core/Src/main.c:1264:6:HAL_TIM_PeriodElapsedCallback	16	static
../Core/Src/main.c:1281:6:Error_Handler	4	static,ignoring_inline_asm
